Archive member included because of file (symbol)

c:/program files (x86)/microchip/xc32/v1.34/bin/bin/../../lib/gcc/pic32mx/4.5.2/../../../../pic32mx/lib\libpic32.a(memset.o)
                              build/chipKITMax32/debug/_ext/1360937237/app.o (memset)
c:/program files (x86)/microchip/xc32/v1.34/bin/bin/../../lib/gcc/pic32mx/4.5.2/../../../../pic32mx/lib\libpic32.a(default-bootstrap-exception-handler.o)
                              c:/program files (x86)/microchip/xc32/v1.34/bin/bin/../../lib/gcc/pic32mx/4.5.2/../../../../pic32mx/lib/./proc/32MX795F512L/crt0_mips32r2.o (_bootstrap_exception_handler)
c:/program files (x86)/microchip/xc32/v1.34/bin/bin/../../lib/gcc/pic32mx/4.5.2/../../../../pic32mx/lib\libpic32.a(default-on-reset.o)
                              c:/program files (x86)/microchip/xc32/v1.34/bin/bin/../../lib/gcc/pic32mx/4.5.2/../../../../pic32mx/lib/./proc/32MX795F512L/crt0_mips32r2.o (_on_reset)
c:/program files (x86)/microchip/xc32/v1.34/bin/bin/../../lib/gcc/pic32mx/4.5.2/../../../../pic32mx/lib\libpic32.a(default-on-bootstrap.o)
                              c:/program files (x86)/microchip/xc32/v1.34/bin/bin/../../lib/gcc/pic32mx/4.5.2/../../../../pic32mx/lib/./proc/32MX795F512L/crt0_mips32r2.o (_on_bootstrap)
c:/program files (x86)/microchip/xc32/v1.34/bin/bin/../../lib/gcc/pic32mx/4.5.2/../../../../pic32mx/lib\libpic32.a(default-nmi-handler.o)
                              c:/program files (x86)/microchip/xc32/v1.34/bin/bin/../../lib/gcc/pic32mx/4.5.2/../../../../pic32mx/lib/./proc/32MX795F512L/crt0_mips32r2.o (_nmi_handler)
c:/program files (x86)/microchip/xc32/v1.34/bin/bin/../../lib/gcc/pic32mx/4.5.2/../../../../pic32mx/lib\libpic32.a(general-exception.o)
                              c:/program files (x86)/microchip/xc32/v1.34/bin/bin/../../lib/gcc/pic32mx/4.5.2/../../../../pic32mx/lib/./proc/32MX795F512L/crt0_mips32r2.o (_general_exception_context)
c:/program files (x86)/microchip/xc32/v1.34/bin/bin/../../lib/gcc/pic32mx/4.5.2/../../../../pic32mx/lib\libpic32.a(vector0.o)
                              c:/program files (x86)/microchip/xc32/v1.34/bin/bin/../../lib/gcc/pic32mx/4.5.2/../../../../pic32mx/lib/./proc/32MX795F512L\default_isr_vectors.o (__vector_dispatch_0)
c:/program files (x86)/microchip/xc32/v1.34/bin/bin/../../lib/gcc/pic32mx/4.5.2/../../../../pic32mx/lib\libpic32.a(vector1.o)
                              c:/program files (x86)/microchip/xc32/v1.34/bin/bin/../../lib/gcc/pic32mx/4.5.2/../../../../pic32mx/lib/./proc/32MX795F512L\default_isr_vectors.o (__vector_dispatch_1)
c:/program files (x86)/microchip/xc32/v1.34/bin/bin/../../lib/gcc/pic32mx/4.5.2/../../../../pic32mx/lib\libpic32.a(vector2.o)
                              c:/program files (x86)/microchip/xc32/v1.34/bin/bin/../../lib/gcc/pic32mx/4.5.2/../../../../pic32mx/lib/./proc/32MX795F512L\default_isr_vectors.o (__vector_dispatch_2)
c:/program files (x86)/microchip/xc32/v1.34/bin/bin/../../lib/gcc/pic32mx/4.5.2/../../../../pic32mx/lib\libpic32.a(vector3.o)
                              c:/program files (x86)/microchip/xc32/v1.34/bin/bin/../../lib/gcc/pic32mx/4.5.2/../../../../pic32mx/lib/./proc/32MX795F512L\default_isr_vectors.o (__vector_dispatch_3)
c:/program files (x86)/microchip/xc32/v1.34/bin/bin/../../lib/gcc/pic32mx/4.5.2/../../../../pic32mx/lib\libpic32.a(vector4.o)
                              c:/program files (x86)/microchip/xc32/v1.34/bin/bin/../../lib/gcc/pic32mx/4.5.2/../../../../pic32mx/lib/./proc/32MX795F512L\default_isr_vectors.o (__vector_dispatch_4)
c:/program files (x86)/microchip/xc32/v1.34/bin/bin/../../lib/gcc/pic32mx/4.5.2/../../../../pic32mx/lib\libpic32.a(vector5.o)
                              c:/program files (x86)/microchip/xc32/v1.34/bin/bin/../../lib/gcc/pic32mx/4.5.2/../../../../pic32mx/lib/./proc/32MX795F512L\default_isr_vectors.o (__vector_dispatch_5)
c:/program files (x86)/microchip/xc32/v1.34/bin/bin/../../lib/gcc/pic32mx/4.5.2/../../../../pic32mx/lib\libpic32.a(vector6.o)
                              c:/program files (x86)/microchip/xc32/v1.34/bin/bin/../../lib/gcc/pic32mx/4.5.2/../../../../pic32mx/lib/./proc/32MX795F512L\default_isr_vectors.o (__vector_dispatch_6)
c:/program files (x86)/microchip/xc32/v1.34/bin/bin/../../lib/gcc/pic32mx/4.5.2/../../../../pic32mx/lib\libpic32.a(vector7.o)
                              c:/program files (x86)/microchip/xc32/v1.34/bin/bin/../../lib/gcc/pic32mx/4.5.2/../../../../pic32mx/lib/./proc/32MX795F512L\default_isr_vectors.o (__vector_dispatch_7)
c:/program files (x86)/microchip/xc32/v1.34/bin/bin/../../lib/gcc/pic32mx/4.5.2/../../../../pic32mx/lib\libpic32.a(vector8.o)
                              c:/program files (x86)/microchip/xc32/v1.34/bin/bin/../../lib/gcc/pic32mx/4.5.2/../../../../pic32mx/lib/./proc/32MX795F512L\default_isr_vectors.o (__vector_dispatch_8)
c:/program files (x86)/microchip/xc32/v1.34/bin/bin/../../lib/gcc/pic32mx/4.5.2/../../../../pic32mx/lib\libpic32.a(vector9.o)
[...]
Memory Configuration

Name             Origin             Length             Attributes
kseg0_data_mem   0x80000000         0x00000200
kseg1_data_mem   0xa0000000         0x00020000         w !x
kseg0_boot_mem   0x9fc00490         0x00000970
kseg1_boot_mem   0xbfc00000         0x00000490
kseg0_program_mem 0x9d000000         0x00080000         xr
exception_mem    0x9fc01000         0x00001000
debug_exec_mem   0xbfc02000         0x00000ff0
config3          0xbfc02ff0         0x00000004
config2          0xbfc02ff4         0x00000004
config1          0xbfc02ff8         0x00000004
config0          0xbfc02ffc         0x00000004
sfrs             0xbf800000         0x00100000
configsfrs       0xbfc02ff0         0x00000010
*default*        0x00000000         0xffffffff

Linker script and memory map


reserve_data_0_kseg0
                0x80000000      0x200
                0x80000000        0x2 SHORT 0x0
                0x000001fd                . = 0x1fd
 *fill*         0x80000002      0x1fb 
                0x80000200                . = ALIGN (0x4)
 *fill*         0x800001fd        0x3 

reserve_data_0_kseg1
                0xa0000000      0x200
                0xa0000000        0x2 SHORT 0x0
                0x000001fd                . = 0x1fd
 *fill*         0xa0000002      0x1fb 
                0xa0000200                . = ALIGN (0x4)
 *fill*         0xa00001fd        0x3 

reserve_boot_0x1fc02000_kseg0
                0x9fc02000      0xff0
                0x9fc02000        0x2 SHORT 0x0
                0x00000500                . = 0x500
 *fill*         0x9fc02002      0x4fe 
                0x9fc02500                . = ALIGN (0x4)
                0x9fc02500        0x2 SHORT 0x0
                0x00000ff0                . = 0xff0
 *fill*         0x9fc02502      0xaee 
                0x9fc02ff0                . = ALIGN (0x4)

reserve_boot_0x1fc02000_kseg1
                0xbfc02000      0xff0
                0xbfc02000        0x2 SHORT 0x0
                0x00000500                . = 0x500
 *fill*         0xbfc02002      0x4fe 
                0xbfc02500                . = ALIGN (0x4)
                0xbfc02500        0x2 SHORT 0x0
                0x00000ff0                . = 0xff0
 *fill*         0xbfc02502      0xaee 
                0xbfc02ff0                . = ALIGN (0x4)
LOAD c:/program files (x86)/microchip/xc32/v1.34/bin/bin/../../lib/gcc/pic32mx/4.5.2/../../../../pic32mx/lib/./proc/32MX795F512L/crt0_mips32r2.o
LOAD c:/program files (x86)/microchip/xc32/v1.34/bin/bin/../../lib/gcc/pic32mx/4.5.2/../../../../pic32mx/lib\software-debug-break.o
LOAD build/chipKITMax32/debug/_ext/1360937237/app.o
LOAD build/chipKITMax32/debug/_ext/1360937237/main.o
LOAD build/chipKITMax32/debug/_ext/2124829536/color.o
LOAD build/chipKITMax32/debug/_ext/1946573018/drv_spi.o
LOAD build/chipKITMax32/debug/_ext/731052630/drv_spi_sys_queue_fifo.o
LOAD build/chipKITMax32/debug/_ext/1946573018/drv_spi_api.o
LOAD build/chipKITMax32/debug/_ext/1964793657/drv_tmr.o
LOAD build/chipKITMax32/debug/_ext/120115826/sys_devcon.o
LOAD build/chipKITMax32/debug/_ext/120115826/sys_devcon_pic32mx.o
LOAD build/chipKITMax32/debug/_ext/1262147075/sys_dma.o
LOAD build/chipKITMax32/debug/_ext/1073419916/sys_int_pic32.o
LOAD build/chipKITMax32/debug/_ext/1409569815/sys_ports.o
LOAD build/chipKITMax32/debug/_ext/2007785979/drv_spi_tasks.o
LOAD build/chipKITMax32/debug/_ext/2007785979/drv_spi_master_ebm_tasks.o
LOAD build/chipKITMax32/debug/_ext/2007785979/drv_spi_master_dma_tasks.o
LOAD build/chipKITMax32/debug/_ext/275002841/sys_clk_static.o
LOAD build/chipKITMax32/debug/_ext/517659927/sys_ports_static.o
LOAD build/chipKITMax32/debug/_ext/1060242128/system_init.o
LOAD build/chipKITMax32/debug/_ext/1060242128/system_interrupt.o
LOAD build/chipKITMax32/debug/_ext/1060242128/system_exceptions.o
LOAD build/chipKITMax32/debug/_ext/1060242128/system_tasks.o
LOAD ..\..\..\..\..\microchip\harmony\v1_04_02\bin\framework\peripheral\PIC32MX795F512L_peripherals.a
                0x00000001                __MPLAB_BUILD = 0x1
                0x00000001                __MPLAB_DEBUG = 0x1
                0x00000001                __DEBUG = 0x1
                0x00000001                __MPLAB_DEBUGGER_ICD3 = 0x1
                0x00000000                _min_heap_size = 0x0
LOAD c:/program files (x86)/microchip/xc32/v1.34/bin/bin/../../lib/gcc/pic32mx/4.5.2/../../../../pic32mx/lib/./proc/32MX795F512L\default_isr_vectors.o
LOAD c:/program files (x86)/microchip/xc32/v1.34/bin/bin/../../lib/gcc/pic32mx/4.5.2/../../../../pic32mx/lib\pic32_software_reset.o
                0x00000400                PROVIDE (_min_stack_size, 0x400)
LOAD c:/program files (x86)/microchip/xc32/v1.34/bin/bin/../../lib/gcc/pic32mx/4.5.2/../../../../pic32mx/lib/./proc/32MX795F512L\processor.o
START GROUP
LOAD c:/program files (x86)/microchip/xc32/v1.34/bin/bin/../../lib/gcc/pic32mx/4.5.2/../../../../pic32mx/lib\libmchp_peripheral.a
END GROUP
START GROUP
LOAD c:/program files (x86)/microchip/xc32/v1.34/bin/bin/../../lib/gcc/pic32mx/4.5.2/../../../../pic32mx/lib\libmchp_peripheral_32MX795F512L.a
END GROUP
                0x00000001                PROVIDE (_vector_spacing, 0x1)
                0x9fc01000                _ebase_address = 0x9fc01000
                0xbfc00000                _RESET_ADDR = 0xbfc00000
                0xbfc00380                _BEV_EXCPT_ADDR = 0xbfc00380
                0xbfc00480                _DBG_EXCPT_ADDR = 0xbfc00480
                0xbfc02000                _DBG_CODE_ADDR = 0xbfc02000
                0x00000ff0                _DBG_CODE_SIZE = 0xff0
                0x9fc01180                _GEN_EXCPT_ADDR = (_ebase_address + 0x180)

.config_BFC02FF0
                0xbfc02ff0        0x4
 *(.config_BFC02FF0)
 .config_BFC02FF0
                0xbfc02ff0        0x4 build/chipKITMax32/debug/_ext/1060242128/system_init.o

.config_BFC02FF4
                0xbfc02ff4        0x4
 *(.config_BFC02FF4)
 .config_BFC02FF4
                0xbfc02ff4        0x4 build/chipKITMax32/debug/_ext/1060242128/system_init.o

.config_BFC02FF8
                0xbfc02ff8        0x4
 *(.config_BFC02FF8)
 .config_BFC02FF8
                0xbfc02ff8        0x4 build/chipKITMax32/debug/_ext/1060242128/system_init.o

.config_BFC02FFC
                0xbfc02ffc        0x4
 *(.config_BFC02FFC)
 .config_BFC02FFC
                0xbfc02ffc        0x4 build/chipKITMax32/debug/_ext/1060242128/system_init.o
                0xbfc02000                PROVIDE (_DBG_CODE_ADDR, 0xbfc02000)
                0x00000ff0                PROVIDE (_DBG_CODE_SIZE, 0xff0)

.reset          0xbfc00000      0x1f0
 *(.reset)
 .reset         0xbfc00000        0x8 c:/program files (x86)/microchip/xc32/v1.34/bin/bin/../../lib/gcc/pic32mx/4.5.2/../../../../pic32mx/lib/./proc/32MX795F512L/crt0_mips32r2.o
                0xbfc00000                _reset
 *(.reset.startup)
 .reset.startup
                0xbfc00008      0x1e8 c:/program files (x86)/microchip/xc32/v1.34/bin/bin/../../lib/gcc/pic32mx/4.5.2/../../../../pic32mx/lib/./proc/32MX795F512L/crt0_mips32r2.o

.bev_excpt      0xbfc00380       0x10
 *(.bev_handler)
 .bev_handler   0xbfc00380       0x10 c:/program files (x86)/microchip/xc32/v1.34/bin/bin/../../lib/gcc/pic32mx/4.5.2/../../../../pic32mx/lib/./proc/32MX795F512L/crt0_mips32r2.o

.dbg_excpt      0xbfc00480        0x0
                0xbfc00480                . = (. + DEFINED (_DEBUGGER)?0x8:0x0)

.dbg_code       0xbfc02000        0x0
                0xbfc02000                . = (. + DEFINED (_DEBUGGER)?_DBG_CODE_SIZE:0x0)

.app_excpt      0x9fc01180       0x10
 *(.gen_handler)
 .gen_handler   0x9fc01180       0x10 c:/program files (x86)/microchip/xc32/v1.34/bin/bin/../../lib/gcc/pic32mx/4.5.2/../../../../pic32mx/lib/./proc/32MX795F512L/crt0_mips32r2.o

.vector_0       0x9fc01200        0x8
 *(.vector_0)
 .vector_0      0x9fc01200        0x8 c:/program files (x86)/microchip/xc32/v1.34/bin/bin/../../lib/gcc/pic32mx/4.5.2/../../../../pic32mx/lib\libpic32.a(vector0.o)
                0x9fc01200                __vector_dispatch_0
                0x00000001                ASSERT (((_vector_spacing == 0x0) || (SIZEOF (.vector_0) <= (_vector_spacing << 0x5))), function at exception vector 0 too large)

.vector_1       0x9fc01220        0x8
 *(.vector_1)
 .vector_1      0x9fc01220        0x8 c:/program files (x86)/microchip/xc32/v1.34/bin/bin/../../lib/gcc/pic32mx/4.5.2/../../../../pic32mx/lib\libpic32.a(vector1.o)
                0x9fc01220                __vector_dispatch_1
                0x00000001                ASSERT (((_vector_spacing == 0x0) || (SIZEOF (.vector_1) <= (_vector_spacing << 0x5))), function at exception vector 1 too large)

.vector_2       0x9fc01240        0x8
 *(.vector_2)
 .vector_2      0x9fc01240        0x8 c:/program files (x86)/microchip/xc32/v1.34/bin/bin/../../lib/gcc/pic32mx/4.5.2/../../../../pic32mx/lib\libpic32.a(vector2.o)
                0x9fc01240                __vector_dispatch_2
                0x00000001                ASSERT (((_vector_spacing == 0x0) || (SIZEOF (.vector_2) <= (_vector_spacing << 0x5))), function at exception vector 2 too large)

.vector_3       0x9fc01260        0x8
 *(.vector_3)
 .vector_3      0x9fc01260        0x8 c:/program files (x86)/microchip/xc32/v1.34/bin/bin/../../lib/gcc/pic32mx/4.5.2/../../../../pic32mx/lib\libpic32.a(vector3.o)
                0x9fc01260                __vector_dispatch_3
                0x00000001                ASSERT (((_vector_spacing == 0x0) || (SIZEOF (.vector_3) <= (_vector_spacing << 0x5))), function at exception vector 3 too large)

.vector_4       0x9fc01280        0x8
 *(.vector_4)
 .vector_4      0x9fc01280        0x8 c:/program files (x86)/microchip/xc32/v1.34/bin/bin/../../lib/gcc/pic32mx/4.5.2/../../../../pic32mx/lib\libpic32.a(vector4.o)
                0x9fc01280                __vector_dispatch_4
                0x00000001                ASSERT (((_vector_spacing == 0x0) || (SIZEOF (.vector_4) <= (_vector_spacing << 0x5))), function at exception vector 4 too large)

.vector_5       0x9fc012a0        0x8
 *(.vector_5)
 .vector_5      0x9fc012a0        0x8 c:/program files (x86)/microchip/xc32/v1.34/bin/bin/../../lib/gcc/pic32mx/4.5.2/../../../../pic32mx/lib\libpic32.a(vector5.o)
                0x9fc012a0                __vector_dispatch_5
                0x00000001                ASSERT (((_vector_spacing == 0x0) || (SIZEOF (.vector_5) <= (_vector_spacing << 0x5))), function at exception vector 5 too large)

.vector_6       0x9fc012c0        0x8
 *(.vector_6)
 .vector_6      0x9fc012c0        0x8 c:/program files (x86)/microchip/xc32/v1.34/bin/bin/../../lib/gcc/pic32mx/4.5.2/../../../../pic32mx/lib\libpic32.a(vector6.o)
                0x9fc012c0                __vector_dispatch_6
                0x00000001                ASSERT (((_vector_spacing == 0x0) || (SIZEOF (.vector_6) <= (_vector_spacing << 0x5))), function at exception vector 6 too large)

.vector_7       0x9fc012e0        0x8
 *(.vector_7)
 .vector_7      0x9fc012e0        0x8 c:/program files (x86)/microchip/xc32/v1.34/bin/bin/../../lib/gcc/pic32mx/4.5.2/../../../../pic32mx/lib\libpic32.a(vector7.o)
                0x9fc012e0                __vector_dispatch_7
                0x00000001                ASSERT (((_vector_spacing == 0x0) || (SIZEOF (.vector_7) <= (_vector_spacing << 0x5))), function at exception vector 7 too large)

.vector_8       0x9fc01300        0x8
 *(.vector_8)
 .vector_8      0x9fc01300        0x8 c:/program files (x86)/microchip/xc32/v1.34/bin/bin/../../lib/gcc/pic32mx/4.5.2/../../../../pic32mx/lib\libpic32.a(vector8.o)
                0x9fc01300                __vector_dispatch_8
                0x00000001                ASSERT (((_vector_spacing == 0x0) || (SIZEOF (.vector_8) <= (_vector_spacing << 0x5))), function at exception vector 8 too large)

.vector_9       0x9fc01320        0x8
 *(.vector_9)
 .vector_9      0x9fc01320        0x8 c:/program files (x86)/microchip/xc32/v1.34/bin/bin/../../lib/gcc/pic32mx/4.5.2/../../../../pic32mx/lib\libpic32.a(vector9.o)
                0x9fc01320                __vector_dispatch_9
                0x00000001                ASSERT (((_vector_spacing == 0x0) || (SIZEOF (.vector_9) <= (_vector_spacing << 0x5))), function at exception vector 9 too large)

.vector_10      0x9fc01340        0x8
 *(.vector_10)
 .vector_10     0x9fc01340        0x8 c:/program files (x86)/microchip/xc32/v1.34/bin/bin/../../lib/gcc/pic32mx/4.5.2/../../../../pic32mx/lib\libpic32.a(vector10.o)
                0x9fc01340                __vector_dispatch_10
                0x00000001                ASSERT (((_vector_spacing == 0x0) || (SIZEOF (.vector_10) <= (_vector_spacing << 0x5))), function at exception vector 10 too large)

.vector_11      0x9fc01360        0x8
 *(.vector_11)
 .vector_11     0x9fc01360        0x8 c:/program files (x86)/microchip/xc32/v1.34/bin/bin/../../lib/gcc/pic32mx/4.5.2/../../../../pic32mx/lib\libpic32.a(vector11.o)
                0x9fc01360                __vector_dispatch_11
                0x00000001                ASSERT (((_vector_spacing == 0x0) || (SIZEOF (.vector_11) <= (_vector_spacing << 0x5))), function at exception vector 11 too large)

.vector_12      0x9fc01380        0x8
 *(.vector_12)
 .vector_12     0x9fc01380        0x8 build/chipKITMax32/debug/_ext/1060242128/system_interrupt.o
                0x9fc01380                __vector_dispatch_12
                0x00000001                ASSERT (((_vector_spacing == 0x0) || (SIZEOF (.vector_12) <= (_vector_spacing << 0x5))), function at exception vector 12 too large)

.vector_13      0x9fc013a0        0x8
 *(.vector_13)
 .vector_13     0x9fc013a0        0x8 c:/program files (x86)/microchip/xc32/v1.34/bin/bin/../../lib/gcc/pic32mx/4.5.2/../../../../pic32mx/lib\libpic32.a(vector13.o)
                0x9fc013a0                __vector_dispatch_13
                0x00000001                ASSERT (((_vector_spacing == 0x0) || (SIZEOF (.vector_13) <= (_vector_spacing << 0x5))), function at exception vector 13 too large)

.vector_14      0x9fc013c0        0x8
 *(.vector_14)
 .vector_14     0x9fc013c0        0x8 c:/program files (x86)/microchip/xc32/v1.34/bin/bin/../../lib/gcc/pic32mx/4.5.2/../../../../pic32mx/lib\libpic32.a(vector14.o)
                0x9fc013c0                __vector_dispatch_14
                0x00000001                ASSERT (((_vector_spacing == 0x0) || (SIZEOF (.vector_14) <= (_vector_spacing << 0x5))), function at exception vector 14 too large)

.vector_15      0x9fc013e0        0x8
 *(.vector_15)
 .vector_15     0x9fc013e0        0x8 c:/program files (x86)/microchip/xc32/v1.34/bin/bin/../../lib/gcc/pic32mx/4.5.2/../../../../pic32mx/lib\libpic32.a(vector15.o)
                0x9fc013e0                __vector_dispatch_15
                0x00000001                ASSERT (((_vector_spacing == 0x0) || (SIZEOF (.vector_15) <= (_vector_spacing << 0x5))), function at exception vector 15 too large)

.vector_16      0x9fc01400        0x8
 *(.vector_16)
 .vector_16     0x9fc01400        0x8 c:/program files (x86)/microchip/xc32/v1.34/bin/bin/../../lib/gcc/pic32mx/4.5.2/../../../../pic32mx/lib\libpic32.a(vector16.o)
                0x9fc01400                __vector_dispatch_16
                0x00000001                ASSERT (((_vector_spacing == 0x0) || (SIZEOF (.vector_16) <= (_vector_spacing << 0x5))), function at exception vector 16 too large)

.vector_17      0x9fc01420        0x8
 *(.vector_17)
 .vector_17     0x9fc01420        0x8 c:/program files (x86)/microchip/xc32/v1.34/bin/bin/../../lib/gcc/pic32mx/4.5.2/../../../../pic32mx/lib\libpic32.a(vector17.o)
                0x9fc01420                __vector_dispatch_17
                0x00000001                ASSERT (((_vector_spacing == 0x0) || (SIZEOF (.vector_17) <= (_vector_spacing << 0x5))), function at exception vector 17 too large)

.vector_18      0x9fc01440        0x8
 *(.vector_18)
 .vector_18     0x9fc01440        0x8 c:/program files (x86)/microchip/xc32/v1.34/bin/bin/../../lib/gcc/pic32mx/4.5.2/../../../../pic32mx/lib\libpic32.a(vector18.o)
                0x9fc01440                __vector_dispatch_18
                0x00000001                ASSERT (((_vector_spacing == 0x0) || (SIZEOF (.vector_18) <= (_vector_spacing << 0x5))), function at exception vector 18 too large)

.vector_19      0x9fc01460        0x8
 *(.vector_19)
 .vector_19     0x9fc01460        0x8 c:/program files (x86)/microchip/xc32/v1.34/bin/bin/../../lib/gcc/pic32mx/4.5.2/../../../../pic32mx/lib\libpic32.a(vector19.o)
                0x9fc01460                __vector_dispatch_19
                0x00000001                ASSERT (((_vector_spacing == 0x0) || (SIZEOF (.vector_19) <= (_vector_spacing << 0x5))), function at exception vector 19 too large)

.vector_20      0x9fc01480        0x8
 *(.vector_20)
 .vector_20     0x9fc01480        0x8 c:/program files (x86)/microchip/xc32/v1.34/bin/bin/../../lib/gcc/pic32mx/4.5.2/../../../../pic32mx/lib\libpic32.a(vector20.o)
                0x9fc01480                __vector_dispatch_20
                0x00000001                ASSERT (((_vector_spacing == 0x0) || (SIZEOF (.vector_20) <= (_vector_spacing << 0x5))), function at exception vector 20 too large)

.vector_21      0x9fc014a0        0x8
 *(.vector_21)
 .vector_21     0x9fc014a0        0x8 c:/program files (x86)/microchip/xc32/v1.34/bin/bin/../../lib/gcc/pic32mx/4.5.2/../../../../pic32mx/lib\libpic32.a(vector21.o)
                0x9fc014a0                __vector_dispatch_21
                0x00000001                ASSERT (((_vector_spacing == 0x0) || (SIZEOF (.vector_21) <= (_vector_spacing << 0x5))), function at exception vector 21 too large)

.vector_22      0x9fc014c0        0x8
 *(.vector_22)
 .vector_22     0x9fc014c0        0x8 c:/program files (x86)/microchip/xc32/v1.34/bin/bin/../../lib/gcc/pic32mx/4.5.2/../../../../pic32mx/lib\libpic32.a(vector22.o)
                0x9fc014c0                __vector_dispatch_22
                0x00000001                ASSERT (((_vector_spacing == 0x0) || (SIZEOF (.vector_22) <= (_vector_spacing << 0x5))), function at exception vector 22 too large)

.vector_23      0x9fc014e0        0x8
 *(.vector_23)
 .vector_23     0x9fc014e0        0x8 c:/program files (x86)/microchip/xc32/v1.34/bin/bin/../../lib/gcc/pic32mx/4.5.2/../../../../pic32mx/lib\libpic32.a(vector23.o)
                0x9fc014e0                __vector_dispatch_23
                0x00000001                ASSERT (((_vector_spacing == 0x0) || (SIZEOF (.vector_23) <= (_vector_spacing << 0x5))), function at exception vector 23 too large)

.vector_24      0x9fc01500        0x8
 *(.vector_24)
 .vector_24     0x9fc01500        0x8 c:/program files (x86)/microchip/xc32/v1.34/bin/bin/../../lib/gcc/pic32mx/4.5.2/../../../../pic32mx/lib\libpic32.a(vector24.o)
                0x9fc01500                __vector_dispatch_24
                0x00000001                ASSERT (((_vector_spacing == 0x0) || (SIZEOF (.vector_24) <= (_vector_spacing << 0x5))), function at exception vector 24 too large)

.vector_25      0x9fc01520        0x8
 *(.vector_25)
 .vector_25     0x9fc01520        0x8 c:/program files (x86)/microchip/xc32/v1.34/bin/bin/../../lib/gcc/pic32mx/4.5.2/../../../../pic32mx/lib\libpic32.a(vector25.o)
                0x9fc01520                __vector_dispatch_25
                0x00000001                ASSERT (((_vector_spacing == 0x0) || (SIZEOF (.vector_25) <= (_vector_spacing << 0x5))), function at exception vector 25 too large)

.vector_26      0x9fc01540        0x8
 *(.vector_26)
 .vector_26     0x9fc01540        0x8 c:/program files (x86)/microchip/xc32/v1.34/bin/bin/../../lib/gcc/pic32mx/4.5.2/../../../../pic32mx/lib\libpic32.a(vector26.o)
                0x9fc01540                __vector_dispatch_26
                0x00000001                ASSERT (((_vector_spacing == 0x0) || (SIZEOF (.vector_26) <= (_vector_spacing << 0x5))), function at exception vector 26 too large)

.vector_27      0x9fc01560        0x8
 *(.vector_27)
 .vector_27     0x9fc01560        0x8 c:/program files (x86)/microchip/xc32/v1.34/bin/bin/../../lib/gcc/pic32mx/4.5.2/../../../../pic32mx/lib\libpic32.a(vector27.o)
                0x9fc01560                __vector_dispatch_27
                0x00000001                ASSERT (((_vector_spacing == 0x0) || (SIZEOF (.vector_27) <= (_vector_spacing << 0x5))), function at exception vector 27 too large)

.vector_28      0x9fc01580        0x8
 *(.vector_28)
 .vector_28     0x9fc01580        0x8 c:/program files (x86)/microchip/xc32/v1.34/bin/bin/../../lib/gcc/pic32mx/4.5.2/../../../../pic32mx/lib\libpic32.a(vector28.o)
                0x9fc01580                __vector_dispatch_28
                0x00000001                ASSERT (((_vector_spacing == 0x0) || (SIZEOF (.vector_28) <= (_vector_spacing << 0x5))), function at exception vector 28 too large)

.vector_29      0x9fc015a0        0x8
 *(.vector_29)
 .vector_29     0x9fc015a0        0x8 c:/program files (x86)/microchip/xc32/v1.34/bin/bin/../../lib/gcc/pic32mx/4.5.2/../../../../pic32mx/lib\libpic32.a(vector29.o)
                0x9fc015a0                __vector_dispatch_29
                0x00000001                ASSERT (((_vector_spacing == 0x0) || (SIZEOF (.vector_29) <= (_vector_spacing << 0x5))), function at exception vector 29 too large)

.vector_30      0x9fc015c0        0x8
 *(.vector_30)
 .vector_30     0x9fc015c0        0x8 c:/program files (x86)/microchip/xc32/v1.34/bin/bin/../../lib/gcc/pic32mx/4.5.2/../../../../pic32mx/lib\libpic32.a(vector30.o)
                0x9fc015c0                __vector_dispatch_30
                0x00000001                ASSERT (((_vector_spacing == 0x0) || (SIZEOF (.vector_30) <= (_vector_spacing << 0x5))), function at exception vector 30 too large)

.vector_31      0x9fc015e0        0x8
 *(.vector_31)
 .vector_31     0x9fc015e0        0x8 c:/program files (x86)/microchip/xc32/v1.34/bin/bin/../../lib/gcc/pic32mx/4.5.2/../../../../pic32mx/lib\libpic32.a(vector31.o)
                0x9fc015e0                __vector_dispatch_31
                0x00000001                ASSERT (((_vector_spacing == 0x0) || (SIZEOF (.vector_31) <= (_vector_spacing << 0x5))), function at exception vector 31 too large)

.vector_32      0x9fc01600        0x8
 *(.vector_32)
 .vector_32     0x9fc01600        0x8 c:/program files (x86)/microchip/xc32/v1.34/bin/bin/../../lib/gcc/pic32mx/4.5.2/../../../../pic32mx/lib\libpic32.a(vector32.o)
                0x9fc01600                __vector_dispatch_32
                0x00000001                ASSERT (((_vector_spacing == 0x0) || (SIZEOF (.vector_32) <= (_vector_spacing << 0x5))), function at exception vector 32 too large)

.vector_33      0x9fc01620        0x8
 *(.vector_33)
 .vector_33     0x9fc01620        0x8 c:/program files (x86)/microchip/xc32/v1.34/bin/bin/../../lib/gcc/pic32mx/4.5.2/../../../../pic32mx/lib\libpic32.a(vector33.o)
                0x9fc01620                __vector_dispatch_33
                0x00000001                ASSERT (((_vector_spacing == 0x0) || (SIZEOF (.vector_33) <= (_vector_spacing << 0x5))), function at exception vector 33 too large)

.vector_34      0x9fc01640        0x8
 *(.vector_34)
 .vector_34     0x9fc01640        0x8 c:/program files (x86)/microchip/xc32/v1.34/bin/bin/../../lib/gcc/pic32mx/4.5.2/../../../../pic32mx/lib\libpic32.a(vector34.o)
                0x9fc01640                __vector_dispatch_34
                0x00000001                ASSERT (((_vector_spacing == 0x0) || (SIZEOF (.vector_34) <= (_vector_spacing << 0x5))), function at exception vector 34 too large)

.vector_35      0x9fc01660        0x8
 *(.vector_35)
 .vector_35     0x9fc01660        0x8 c:/program files (x86)/microchip/xc32/v1.34/bin/bin/../../lib/gcc/pic32mx/4.5.2/../../../../pic32mx/lib\libpic32.a(vector35.o)
                0x9fc01660                __vector_dispatch_35
                0x00000001                ASSERT (((_vector_spacing == 0x0) || (SIZEOF (.vector_35) <= (_vector_spacing << 0x5))), function at exception vector 35 too large)

.vector_36      0x9fc01680        0x8
 *(.vector_36)
 .vector_36     0x9fc01680        0x8 c:/program files (x86)/microchip/xc32/v1.34/bin/bin/../../lib/gcc/pic32mx/4.5.2/../../../../pic32mx/lib\libpic32.a(vector36.o)
                0x9fc01680                __vector_dispatch_36
                0x00000001                ASSERT (((_vector_spacing == 0x0) || (SIZEOF (.vector_36) <= (_vector_spacing << 0x5))), function at exception vector 36 too large)

.vector_37      0x9fc016a0        0x8
 *(.vector_37)
 .vector_37     0x9fc016a0        0x8 c:/program files (x86)/microchip/xc32/v1.34/bin/bin/../../lib/gcc/pic32mx/4.5.2/../../../../pic32mx/lib\libpic32.a(vector37.o)
                0x9fc016a0                __vector_dispatch_37
                0x00000001                ASSERT (((_vector_spacing == 0x0) || (SIZEOF (.vector_37) <= (_vector_spacing << 0x5))), function at exception vector 37 too large)

.vector_38      0x9fc016c0        0x8
 *(.vector_38)
 .vector_38     0x9fc016c0        0x8 c:/program files (x86)/microchip/xc32/v1.34/bin/bin/../../lib/gcc/pic32mx/4.5.2/../../../../pic32mx/lib\libpic32.a(vector38.o)
                0x9fc016c0                __vector_dispatch_38
                0x00000001                ASSERT (((_vector_spacing == 0x0) || (SIZEOF (.vector_38) <= (_vector_spacing << 0x5))), function at exception vector 38 too large)

.vector_39      0x9fc016e0        0x8
 *(.vector_39)
 .vector_39     0x9fc016e0        0x8 c:/program files (x86)/microchip/xc32/v1.34/bin/bin/../../lib/gcc/pic32mx/4.5.2/../../../../pic32mx/lib\libpic32.a(vector39.o)
                0x9fc016e0                __vector_dispatch_39
                0x00000001                ASSERT (((_vector_spacing == 0x0) || (SIZEOF (.vector_39) <= (_vector_spacing << 0x5))), function at exception vector 39 too large)

.vector_40      0x9fc01700        0x8
 *(.vector_40)
 .vector_40     0x9fc01700        0x8 c:/program files (x86)/microchip/xc32/v1.34/bin/bin/../../lib/gcc/pic32mx/4.5.2/../../../../pic32mx/lib\libpic32.a(vector40.o)
                0x9fc01700                __vector_dispatch_40
                0x00000001                ASSERT (((_vector_spacing == 0x0) || (SIZEOF (.vector_40) <= (_vector_spacing << 0x5))), function at exception vector 40 too large)

.vector_41      0x9fc01720        0x8
 *(.vector_41)
 .vector_41     0x9fc01720        0x8 c:/program files (x86)/microchip/xc32/v1.34/bin/bin/../../lib/gcc/pic32mx/4.5.2/../../../../pic32mx/lib\libpic32.a(vector41.o)
                0x9fc01720                __vector_dispatch_41
                0x00000001                ASSERT (((_vector_spacing == 0x0) || (SIZEOF (.vector_41) <= (_vector_spacing << 0x5))), function at exception vector 41 too large)

.vector_42      0x9fc01740        0x8
 *(.vector_42)
 .vector_42     0x9fc01740        0x8 c:/program files (x86)/microchip/xc32/v1.34/bin/bin/../../lib/gcc/pic32mx/4.5.2/../../../../pic32mx/lib\libpic32.a(vector42.o)
                0x9fc01740                __vector_dispatch_42
                0x00000001                ASSERT (((_vector_spacing == 0x0) || (SIZEOF (.vector_42) <= (_vector_spacing << 0x5))), function at exception vector 42 too large)

.vector_43      0x9fc01760        0x8
 *(.vector_43)
 .vector_43     0x9fc01760        0x8 c:/program files (x86)/microchip/xc32/v1.34/bin/bin/../../lib/gcc/pic32mx/4.5.2/../../../../pic32mx/lib\libpic32.a(vector43.o)
                0x9fc01760                __vector_dispatch_43
                0x00000001                ASSERT (((_vector_spacing == 0x0) || (SIZEOF (.vector_43) <= (_vector_spacing << 0x5))), function at exception vector 43 too large)

.vector_44      0x9fc01780        0x8
 *(.vector_44)
 .vector_44     0x9fc01780        0x8 c:/program files (x86)/microchip/xc32/v1.34/bin/bin/../../lib/gcc/pic32mx/4.5.2/../../../../pic32mx/lib\libpic32.a(vector44.o)
                0x9fc01780                __vector_dispatch_44
                0x00000001                ASSERT (((_vector_spacing == 0x0) || (SIZEOF (.vector_44) <= (_vector_spacing << 0x5))), function at exception vector 44 too large)

.vector_45      0x9fc017a0        0x8
 *(.vector_45)
 .vector_45     0x9fc017a0        0x8 c:/program files (x86)/microchip/xc32/v1.34/bin/bin/../../lib/gcc/pic32mx/4.5.2/../../../../pic32mx/lib\libpic32.a(vector45.o)
                0x9fc017a0                __vector_dispatch_45
                0x00000001                ASSERT (((_vector_spacing == 0x0) || (SIZEOF (.vector_45) <= (_vector_spacing << 0x5))), function at exception vector 45 too large)

.vector_46      0x9fc017c0        0x8
 *(.vector_46)
 .vector_46     0x9fc017c0        0x8 c:/program files (x86)/microchip/xc32/v1.34/bin/bin/../../lib/gcc/pic32mx/4.5.2/../../../../pic32mx/lib\libpic32.a(vector46.o)
                0x9fc017c0                __vector_dispatch_46
                0x00000001                ASSERT (((_vector_spacing == 0x0) || (SIZEOF (.vector_46) <= (_vector_spacing << 0x5))), function at exception vector 46 too large)

.vector_47      0x9fc017e0        0x8
 *(.vector_47)
 .vector_47     0x9fc017e0        0x8 c:/program files (x86)/microchip/xc32/v1.34/bin/bin/../../lib/gcc/pic32mx/4.5.2/../../../../pic32mx/lib\libpic32.a(vector47.o)
                0x9fc017e0                __vector_dispatch_47
                0x00000001                ASSERT (((_vector_spacing == 0x0) || (SIZEOF (.vector_47) <= (_vector_spacing << 0x5))), function at exception vector 47 too large)

.vector_48      0x9fc01800        0x8
 *(.vector_48)
 .vector_48     0x9fc01800        0x8 c:/program files (x86)/microchip/xc32/v1.34/bin/bin/../../lib/gcc/pic32mx/4.5.2/../../../../pic32mx/lib\libpic32.a(vector48.o)
                0x9fc01800                __vector_dispatch_48
                0x00000001                ASSERT (((_vector_spacing == 0x0) || (SIZEOF (.vector_48) <= (_vector_spacing << 0x5))), function at exception vector 48 too large)

.vector_49      0x9fc01820        0x8
 *(.vector_49)
 .vector_49     0x9fc01820        0x8 c:/program files (x86)/microchip/xc32/v1.34/bin/bin/../../lib/gcc/pic32mx/4.5.2/../../../../pic32mx/lib\libpic32.a(vector49.o)
                0x9fc01820                __vector_dispatch_49
                0x00000001                ASSERT (((_vector_spacing == 0x0) || (SIZEOF (.vector_49) <= (_vector_spacing << 0x5))), function at exception vector 49 too large)

.vector_50      0x9fc01840        0x8
 *(.vector_50)
 .vector_50     0x9fc01840        0x8 c:/program files (x86)/microchip/xc32/v1.34/bin/bin/../../lib/gcc/pic32mx/4.5.2/../../../../pic32mx/lib\libpic32.a(vector50.o)
                0x9fc01840                __vector_dispatch_50
                0x00000001                ASSERT (((_vector_spacing == 0x0) || (SIZEOF (.vector_50) <= (_vector_spacing << 0x5))), function at exception vector 50 too large)

.vector_51      0x9fc01860        0x8
 *(.vector_51)
 .vector_51     0x9fc01860        0x8 c:/program files (x86)/microchip/xc32/v1.34/bin/bin/../../lib/gcc/pic32mx/4.5.2/../../../../pic32mx/lib\libpic32.a(vector51.o)
                0x9fc01860                __vector_dispatch_51
                0x00000001                ASSERT (((_vector_spacing == 0x0) || (SIZEOF (.vector_51) <= (_vector_spacing << 0x5))), function at exception vector 51 too large)

.vector_52      0x9fc01880        0x0
 *(.vector_52)
                0x00000001                ASSERT (((_vector_spacing == 0x0) || (SIZEOF (.vector_52) <= (_vector_spacing << 0x5))), function at exception vector 52 too large)

.vector_53      0x9fc018a0        0x0
 *(.vector_53)
                0x00000001                ASSERT (((_vector_spacing == 0x0) || (SIZEOF (.vector_53) <= (_vector_spacing << 0x5))), function at exception vector 53 too large)

.vector_54      0x9fc018c0        0x0
 *(.vector_54)
                0x00000001                ASSERT (((_vector_spacing == 0x0) || (SIZEOF (.vector_54) <= (_vector_spacing << 0x5))), function at exception vector 54 too large)

.vector_55      0x9fc018e0        0x0
 *(.vector_55)
                0x00000001                ASSERT (((_vector_spacing == 0x0) || (SIZEOF (.vector_55) <= (_vector_spacing << 0x5))), function at exception vector 55 too large)

.vector_56      0x9fc01900        0x0
 *(.vector_56)
                0x00000001                ASSERT (((_vector_spacing == 0x0) || (SIZEOF (.vector_56) <= (_vector_spacing << 0x5))), function at exception vector 56 too large)

.vector_57      0x9fc01920        0x0
 *(.vector_57)
                0x00000001                ASSERT (((_vector_spacing == 0x0) || (SIZEOF (.vector_57) <= (_vector_spacing << 0x5))), function at exception vector 57 too large)

.vector_58      0x9fc01940        0x0
 *(.vector_58)
                0x00000001                ASSERT (((_vector_spacing == 0x0) || (SIZEOF (.vector_58) <= (_vector_spacing << 0x5))), function at exception vector 58 too large)

.vector_59      0x9fc01960        0x0
 *(.vector_59)
                0x00000001                ASSERT (((_vector_spacing == 0x0) || (SIZEOF (.vector_59) <= (_vector_spacing << 0x5))), function at exception vector 59 too large)

.vector_60      0x9fc01980        0x0
 *(.vector_60)
                0x00000001                ASSERT (((_vector_spacing == 0x0) || (SIZEOF (.vector_60) <= (_vector_spacing << 0x5))), function at exception vector 60 too large)

.vector_61      0x9fc019a0        0x0
 *(.vector_61)
                0x00000001                ASSERT (((_vector_spacing == 0x0) || (SIZEOF (.vector_61) <= (_vector_spacing << 0x5))), function at exception vector 61 too large)

.vector_62      0x9fc019c0        0x0
 *(.vector_62)
                0x00000001                ASSERT (((_vector_spacing == 0x0) || (SIZEOF (.vector_62) <= (_vector_spacing << 0x5))), function at exception vector 62 too large)

.vector_63      0x9fc019e0        0x0
 *(.vector_63)
                0x00000001                ASSERT (((_vector_spacing == 0x0) || (SIZEOF (.vector_63) <= (_vector_spacing << 0x5))), function at exception vector 63 too large)

.startup
 *(.startup)

.text           0x9d000000        0x0
 *(.stub .gnu.linkonce.t.*)
 *(.text.*personality*)
 *(.mips16.fn.*)
 *(.mips16.call.*)
 *(.gnu.warning)
                0x9d000000                . = ALIGN (0x4)

.init           0x9d000000        0x0
 *crti.o(.init)
 *crtbegin.o(.init)
 *(EXCLUDE_FILE(*crtn.o *crtend?.o *crtend.o) .init)
 *crtend.o(.init)
 *crtn.o(.init)
                0x9d000000                . = ALIGN (0x4)

.fini           0x9d000000        0x0
 *(.fini)
                0x9d000000                . = ALIGN (0x4)

.preinit_array  0x9d000000        0x0
                0x9d000000                PROVIDE (__preinit_array_start, .)
 *(.preinit_array)
                0x9d000000                PROVIDE (__preinit_array_end, .)
                0x9d000000                . = ALIGN (0x4)

.init_array     0x9d000000        0x0
                0x9d000000                PROVIDE (__init_array_start, .)
 *(SORT(.init_array.*))
 *(.init_array)
                0x9d000000                PROVIDE (__init_array_end, .)
                0x9d000000                . = ALIGN (0x4)

.fini_array     0x9d000000        0x0
                0x9d000000                PROVIDE (__fini_array_start, .)
 *(SORT(.fini_array.*))
 *(.fini_array)
                0x9d000000                PROVIDE (__fini_array_end, .)
                0x9d000000                . = ALIGN (0x4)

.ctors          0x9d000000        0x0
 *crtbegin.o(.ctors)
 *crtbegin?.o(.ctors)
 *(EXCLUDE_FILE(*crtend?.o *crtend.o) .ctors)
 *(SORT(.ctors.*))
 *(.ctors)
                0x9d000000                . = ALIGN (0x4)

.dtors          0x9d000000        0x0
 *crtbegin.o(.dtors)
 *crtbegin?.o(.dtors)
 *(EXCLUDE_FILE(*crtend?.o *crtend.o) .dtors)
 *(SORT(.dtors.*))
 *(.dtors)
                0x9d000000                . = ALIGN (0x4)

.rodata         0x9d000000        0x0
 *(.gnu.linkonce.r.*)
 *(.rodata1)
                0x9d000000                . = ALIGN (0x4)

.sdata2         0x9fc00490        0x0
 *(.sdata2 .sdata2.* .gnu.linkonce.s2.*)
                0x9fc00490                . = ALIGN (0x4)

.sbss2          0x9fc00490        0x0
 *(.sbss2 .sbss2.* .gnu.linkonce.sb2.*)
                0x9fc00490                . = ALIGN (0x4)

.eh_frame_hdr
 *(.eh_frame_hdr)
                0x9fc00490                . = ALIGN (0x4)

.eh_frame
 *(.eh_frame)
                0x9fc00490                . = ALIGN (0x4)

.gcc_except_table
 *(.gcc_except_table .gcc_except_table.*)
                0x9fc00490                . = ALIGN (0x4)

.dbg_data       0xa0000200        0x0
                0xa0000200                . = (. + DEFINED (_DEBUGGER)?0x200:0x0)

.jcr            0xa0000200        0x0
 *(.jcr)
                0xa0000200                . = ALIGN (0x4)

.eh_frame
 *(.eh_frame)
                0xa0000200                . = ALIGN (0x4)

.gcc_except_table
 *(.gcc_except_table .gcc_except_table.*)
                0xa0000200                . = ALIGN (0x4)

.persist        0xa0000200        0x0
                0xa0000200                _persist_begin = .
 *(.persist .persist.*)
 *(.pbss .pbss.*)
                0xa0000200                . = ALIGN (0x4)
                0xa0000200                _persist_end = .

.data           0xa0000200        0x0
 *(.gnu.linkonce.d.*)
 *(.data1)
                0xa0000200                . = ALIGN (0x4)
                0xa0000200                . = .
                0xa00081f0                _gp = (ALIGN (0x10) + 0x7ff0)

.got            0xa0000200        0x0
 *(.got.plt)
 *(.got)
                0xa0000200                . = ALIGN (0x4)

.sdata          0xa0000200        0x0
                0xa0000200                _sdata_begin = .
 *(.sdata .sdata.* .gnu.linkonce.s.*)
                0xa0000200                . = ALIGN (0x4)
                0xa0000200                _sdata_end = .

.lit8
 *(.lit8)

.lit4
 *(.lit4)
                0xa0000200                . = ALIGN (0x4)
                0xa0000200                _data_end = .
                0xa0000200                _bss_begin = .

.sbss           0xa0000200       0x1c
                0xa0000200                _sbss_begin = .
 *(.dynsbss)
 *(.sbss .sbss.* .gnu.linkonce.sb.*)
 .sbss          0xa0000200        0x1 build/chipKITMax32/debug/_ext/1360937237/app.o
 .sbss          0xa0000201        0x1 build/chipKITMax32/debug/_ext/1946573018/drv_spi.o
 *fill*         0xa0000202        0x2 
 .sbss          0xa0000204        0x4 build/chipKITMax32/debug/_ext/1964793657/drv_tmr.o
 .sbss          0xa0000208        0xc build/chipKITMax32/debug/_ext/1060242128/system_exceptions.o
 *(.scommon)
 .scommon       0xa0000214        0x8 build/chipKITMax32/debug/_ext/120115826/sys_devcon.o
                0xa0000214                sysDevconObj
                0xa000021c                _sbss_end = .
                0xa000021c                . = ALIGN (0x4)

.bss            0xa000021c     0x1d48
 *(.dynbss)
 *(COMMON)
 COMMON         0xa000021c      0xcb8 build/chipKITMax32/debug/_ext/1360937237/app.o
                0xa000021c                appData
                0xa0000330                LEDStrip
 COMMON         0xa0000ed4       0x80 build/chipKITMax32/debug/_ext/1262147075/sys_dma.o
                0xa0000ed4                gSysDMAChannelObj
 COMMON         0xa0000f54     0x1000 build/chipKITMax32/debug/_ext/2007785979/drv_spi_tasks.o
                0xa0000f54                sDrvSpiTxDummy
                0xa0001754                sDrvSpiRxDummy
 COMMON         0xa0001f54       0x10 build/chipKITMax32/debug/_ext/1060242128/system_init.o
                0xa0001f54                sysObj
                0xa0001f64                . = ALIGN ((. != 0x0)?0x4:0x1)
                0xa0001f64                . = ALIGN (0x4)
                0xa0001f64                _end = .
                0xa0001f64                _bss_end = .
                0x00020000                _bmxdudba_address = 0x20000
                0x00020000                _bmxdupba_address = 0x20000

/DISCARD/
 *(.pdr)
 *(.rel.dyn)
 *(.note.GNU-stack)
 *(.note.GNU-stack)
 *(.gnu_debuglink)
 *(.gnu.lto_*)
 *(.discard)

.gptab.sdata
 *(.gptab.data)
 *(.gptab.sdata)

.gptab.sbss
 *(.gptab.bss)
 *(.gptab.sbss)

.mdebug.abi32   0xa0001f64        0x0
 *(.mdebug.abi32)
 .mdebug.abi32  0xa0001f64        0x0 c:/program files (x86)/microchip/xc32/v1.34/bin/bin/../../lib/gcc/pic32mx/4.5.2/../../../../pic32mx/lib\software-debug-break.o
 .mdebug.abi32  0xa0001f64        0x0 build/chipKITMax32/debug/_ext/1360937237/app.o
 .mdebug.abi32  0xa0001f64        0x0 build/chipKITMax32/debug/_ext/1360937237/main.o
 .mdebug.abi32  0xa0001f64        0x0 build/chipKITMax32/debug/_ext/2124829536/color.o
 .mdebug.abi32  0xa0001f64        0x0 build/chipKITMax32/debug/_ext/1946573018/drv_spi.o
 .mdebug.abi32  0xa0001f64        0x0 build/chipKITMax32/debug/_ext/731052630/drv_spi_sys_queue_fifo.o
 .mdebug.abi32  0xa0001f64        0x0 build/chipKITMax32/debug/_ext/1946573018/drv_spi_api.o
 .mdebug.abi32  0xa0001f64        0x0 build/chipKITMax32/debug/_ext/1964793657/drv_tmr.o
 .mdebug.abi32  0xa0001f64        0x0 build/chipKITMax32/debug/_ext/120115826/sys_devcon.o
 .mdebug.abi32  0xa0001f64        0x0 build/chipKITMax32/debug/_ext/120115826/sys_devcon_pic32mx.o
 .mdebug.abi32  0xa0001f64        0x0 build/chipKITMax32/debug/_ext/1262147075/sys_dma.o
 .mdebug.abi32  0xa0001f64        0x0 build/chipKITMax32/debug/_ext/1073419916/sys_int_pic32.o
 .mdebug.abi32  0xa0001f64        0x0 build/chipKITMax32/debug/_ext/1409569815/sys_ports.o
 .mdebug.abi32  0xa0001f64        0x0 build/chipKITMax32/debug/_ext/2007785979/drv_spi_tasks.o
 .mdebug.abi32  0xa0001f64        0x0 build/chipKITMax32/debug/_ext/2007785979/drv_spi_master_ebm_tasks.o
 .mdebug.abi32  0xa0001f64        0x0 build/chipKITMax32/debug/_ext/2007785979/drv_spi_master_dma_tasks.o
 .mdebug.abi32  0xa0001f64        0x0 build/chipKITMax32/debug/_ext/275002841/sys_clk_static.o
 .mdebug.abi32  0xa0001f64        0x0 build/chipKITMax32/debug/_ext/517659927/sys_ports_static.o
 .mdebug.abi32  0xa0001f64        0x0 build/chipKITMax32/debug/_ext/1060242128/system_init.o
 .mdebug.abi32  0xa0001f64        0x0 build/chipKITMax32/debug/_ext/1060242128/system_interrupt.o
 .mdebug.abi32  0xa0001f64        0x0 build/chipKITMax32/debug/_ext/1060242128/system_exceptions.o
 .mdebug.abi32  0xa0001f64        0x0 build/chipKITMax32/debug/_ext/1060242128/system_tasks.o
 .mdebug.abi32  0xa0001f64        0x0 c:/program files (x86)/microchip/xc32/v1.34/bin/bin/../../lib/gcc/pic32mx/4.5.2/../../../../pic32mx/lib\libpic32.a(default-bootstrap-exception-handler.o)
 .mdebug.abi32  0xa0001f64        0x0 c:/program files (x86)/microchip/xc32/v1.34/bin/bin/../../lib/gcc/pic32mx/4.5.2/../../../../pic32mx/lib\libpic32.a(default-on-reset.o)
 .mdebug.abi32  0xa0001f64        0x0 c:/program files (x86)/microchip/xc32/v1.34/bin/bin/../../lib/gcc/pic32mx/4.5.2/../../../../pic32mx/lib\libpic32.a(default-on-bootstrap.o)
 .mdebug.abi32  0xa0001f64        0x0 c:/program files (x86)/microchip/xc32/v1.34/bin/bin/../../lib/gcc/pic32mx/4.5.2/../../../../pic32mx/lib\libpic32.a(defaultinterrupt.o)

.mdebug.abiN32
 *(.mdebug.abiN32)

.mdebug.abi64
 *(.mdebug.abi64)

.mdebug.abiO64
 *(.mdebug.abiO64)

.mdebug.eabi32
 *(.mdebug.eabi32)

.mdebug.eabi64
 *(.mdebug.eabi64)

.gcc_compiled_long32
 *(.gcc_compiled_long32)

.gcc_compiled_long64
 *(.gcc_compiled_long64)

.stab
 *(.stab)

.stabstr
 *(.stabstr)

.stab.excl
 *(.stab.excl)

.stab.exclstr
 *(.stab.exclstr)

.stab.index
 *(.stab.index)

.stab.indexstr
 *(.stab.indexstr)

.comment        0x00000000       0x54
 *(.comment)
 .comment       0x00000000       0x3c c:/program files (x86)/microchip/xc32/v1.34/bin/bin/../../lib/gcc/pic32mx/4.5.2/../../../../pic32mx/lib\software-debug-break.o
                                 0x3d (size before relaxing)
 .comment       0x00000000       0x3d build/chipKITMax32/debug/_ext/1360937237/app.o
 .comment       0x00000000       0x3d build/chipKITMax32/debug/_ext/1360937237/main.o
 .comment       0x00000000       0x3d build/chipKITMax32/debug/_ext/2124829536/color.o
 .comment       0x00000000       0x3d build/chipKITMax32/debug/_ext/1946573018/drv_spi.o
 .comment       0x00000000       0x3d build/chipKITMax32/debug/_ext/731052630/drv_spi_sys_queue_fifo.o
 .comment       0x00000000       0x3d build/chipKITMax32/debug/_ext/1946573018/drv_spi_api.o
 .comment       0x00000000       0x3d build/chipKITMax32/debug/_ext/1964793657/drv_tmr.o
 .comment       0x00000000       0x3d build/chipKITMax32/debug/_ext/120115826/sys_devcon.o
 .comment       0x00000000       0x3d build/chipKITMax32/debug/_ext/120115826/sys_devcon_pic32mx.o
 .comment       0x00000000       0x3d build/chipKITMax32/debug/_ext/1262147075/sys_dma.o
 .comment       0x00000000       0x3d build/chipKITMax32/debug/_ext/1073419916/sys_int_pic32.o
 .comment       0x00000000       0x3d build/chipKITMax32/debug/_ext/1409569815/sys_ports.o
 .comment       0x00000000       0x3d build/chipKITMax32/debug/_ext/2007785979/drv_spi_tasks.o
 .comment       0x00000000       0x3d build/chipKITMax32/debug/_ext/2007785979/drv_spi_master_ebm_tasks.o
 .comment       0x00000000       0x3d build/chipKITMax32/debug/_ext/2007785979/drv_spi_master_dma_tasks.o
 .comment       0x00000000       0x3d build/chipKITMax32/debug/_ext/275002841/sys_clk_static.o
 .comment       0x00000000       0x3d build/chipKITMax32/debug/_ext/517659927/sys_ports_static.o
 .comment       0x00000000       0x3d build/chipKITMax32/debug/_ext/1060242128/system_init.o
 .comment       0x00000000       0x3d build/chipKITMax32/debug/_ext/1060242128/system_interrupt.o
 .comment       0x00000000       0x3d build/chipKITMax32/debug/_ext/1060242128/system_exceptions.o
 .comment       0x00000000       0x3d build/chipKITMax32/debug/_ext/1060242128/system_tasks.o
 .comment       0x0000003c       0x18 c:/program files (x86)/microchip/xc32/v1.34/bin/bin/../../lib/gcc/pic32mx/4.5.2/../../../../pic32mx/lib\libpic32.a(memset.o)
                                 0x19 (size before relaxing)
 .comment       0x00000000       0x3d c:/program files (x86)/microchip/xc32/v1.34/bin/bin/../../lib/gcc/pic32mx/4.5.2/../../../../pic32mx/lib\libpic32.a(default-bootstrap-exception-handler.o)
 .comment       0x00000000       0x3d c:/program files (x86)/microchip/xc32/v1.34/bin/bin/../../lib/gcc/pic32mx/4.5.2/../../../../pic32mx/lib\libpic32.a(default-on-reset.o)
 .comment       0x00000000       0x3d c:/program files (x86)/microchip/xc32/v1.34/bin/bin/../../lib/gcc/pic32mx/4.5.2/../../../../pic32mx/lib\libpic32.a(default-on-bootstrap.o)
 .comment       0x00000000       0x3d c:/program files (x86)/microchip/xc32/v1.34/bin/bin/../../lib/gcc/pic32mx/4.5.2/../../../../pic32mx/lib\libpic32.a(defaultinterrupt.o)

.debug
 *(.debug)

.line
 *(.line)

.debug_srcinfo
 *(.debug_srcinfo)

.debug_sfnames
 *(.debug_sfnames)

.debug_aranges  0x00000000      0x888
 *(.debug_aranges)
 .debug_aranges
                0x00000000       0x20 c:/program files (x86)/microchip/xc32/v1.34/bin/bin/../../lib/gcc/pic32mx/4.5.2/../../../../pic32mx/lib\software-debug-break.o
 .debug_aranges
                0x00000020       0x50 build/chipKITMax32/debug/_ext/1360937237/app.o
 .debug_aranges
                0x00000070       0x20 build/chipKITMax32/debug/_ext/1360937237/main.o
 .debug_aranges
                0x00000090       0x28 build/chipKITMax32/debug/_ext/2124829536/color.o
 .debug_aranges
                0x000000b8       0x98 build/chipKITMax32/debug/_ext/1946573018/drv_spi.o
 .debug_aranges
                0x00000150       0xd8 build/chipKITMax32/debug/_ext/731052630/drv_spi_sys_queue_fifo.o
 .debug_aranges
                0x00000228       0x28 build/chipKITMax32/debug/_ext/1946573018/drv_spi_api.o
 .debug_aranges
                0x00000250      0x188 build/chipKITMax32/debug/_ext/1964793657/drv_tmr.o
 .debug_aranges
                0x000003d8       0x78 build/chipKITMax32/debug/_ext/120115826/sys_devcon.o
 .debug_aranges
                0x00000450       0x20 build/chipKITMax32/debug/_ext/120115826/sys_devcon_pic32mx.o
 .debug_aranges
                0x00000470       0xe8 build/chipKITMax32/debug/_ext/1262147075/sys_dma.o
 .debug_aranges
                0x00000558       0x48 build/chipKITMax32/debug/_ext/1073419916/sys_int_pic32.o
 .debug_aranges
                0x000005a0       0xf8 build/chipKITMax32/debug/_ext/1409569815/sys_ports.o
 .debug_aranges
                0x00000698       0x28 build/chipKITMax32/debug/_ext/2007785979/drv_spi_tasks.o
 .debug_aranges
                0x000006c0       0x28 build/chipKITMax32/debug/_ext/2007785979/drv_spi_master_ebm_tasks.o
 .debug_aranges
                0x000006e8       0x48 build/chipKITMax32/debug/_ext/2007785979/drv_spi_master_dma_tasks.o
 .debug_aranges
                0x00000730       0x38 build/chipKITMax32/debug/_ext/275002841/sys_clk_static.o
 .debug_aranges
                0x00000768       0x20 build/chipKITMax32/debug/_ext/517659927/sys_ports_static.o
 .debug_aranges
                0x00000788       0x20 build/chipKITMax32/debug/_ext/1060242128/system_init.o
 .debug_aranges
                0x000007a8       0x20 build/chipKITMax32/debug/_ext/1060242128/system_interrupt.o
 .debug_aranges
                0x000007c8       0x20 build/chipKITMax32/debug/_ext/1060242128/system_exceptions.o
 .debug_aranges
                0x000007e8       0x20 build/chipKITMax32/debug/_ext/1060242128/system_tasks.o
 .debug_aranges
                0x00000808       0x20 c:/program files (x86)/microchip/xc32/v1.34/bin/bin/../../lib/gcc/pic32mx/4.5.2/../../../../pic32mx/lib\libpic32.a(default-bootstrap-exception-handler.o)
 .debug_aranges
                0x00000828       0x20 c:/program files (x86)/microchip/xc32/v1.34/bin/bin/../../lib/gcc/pic32mx/4.5.2/../../../../pic32mx/lib\libpic32.a(default-on-reset.o)
 .debug_aranges
                0x00000848       0x20 c:/program files (x86)/microchip/xc32/v1.34/bin/bin/../../lib/gcc/pic32mx/4.5.2/../../../../pic32mx/lib\libpic32.a(default-on-bootstrap.o)
 .debug_aranges
                0x00000868       0x20 c:/program files (x86)/microchip/xc32/v1.34/bin/bin/../../lib/gcc/pic32mx/4.5.2/../../../../pic32mx/lib\libpic32.a(defaultinterrupt.o)

.debug_pubnames
                0x00000000     0x1758
 *(.debug_pubnames)
 .debug_pubnames
                0x00000000       0x30 c:/program files (x86)/microchip/xc32/v1.34/bin/bin/../../lib/gcc/pic32mx/4.5.2/../../../../pic32mx/lib\software-debug-break.o
 .debug_pubnames
                0x00000030       0xaa build/chipKITMax32/debug/_ext/1360937237/app.o
 .debug_pubnames
                0x000000da       0x1b build/chipKITMax32/debug/_ext/1360937237/main.o
 .debug_pubnames
                0x000000f5       0x2c build/chipKITMax32/debug/_ext/2124829536/color.o
 .debug_pubnames
                0x00000121      0x187 build/chipKITMax32/debug/_ext/1946573018/drv_spi.o
 .debug_pubnames
                0x000002a8      0x34c build/chipKITMax32/debug/_ext/731052630/drv_spi_sys_queue_fifo.o
 .debug_pubnames
                0x000005f4       0x42 build/chipKITMax32/debug/_ext/1946573018/drv_spi_api.o
 .debug_pubnames
                0x00000636      0x423 build/chipKITMax32/debug/_ext/1964793657/drv_tmr.o
 .debug_pubnames
                0x00000a59      0x160 build/chipKITMax32/debug/_ext/120115826/sys_devcon.o
 .debug_pubnames
                0x00000bb9       0x33 build/chipKITMax32/debug/_ext/120115826/sys_devcon_pic32mx.o
 .debug_pubnames
                0x00000bec      0x30a build/chipKITMax32/debug/_ext/1262147075/sys_dma.o
 .debug_pubnames
                0x00000ef6       0xb9 build/chipKITMax32/debug/_ext/1073419916/sys_int_pic32.o
 .debug_pubnames
                0x00000faf      0x376 build/chipKITMax32/debug/_ext/1409569815/sys_ports.o
 .debug_pubnames
                0x00001325       0x72 build/chipKITMax32/debug/_ext/2007785979/drv_spi_tasks.o
 .debug_pubnames
                0x00001397       0x5d build/chipKITMax32/debug/_ext/2007785979/drv_spi_master_ebm_tasks.o
 .debug_pubnames
                0x000013f4      0x10d build/chipKITMax32/debug/_ext/2007785979/drv_spi_master_dma_tasks.o
 .debug_pubnames
                0x00001501       0x92 build/chipKITMax32/debug/_ext/275002841/sys_clk_static.o
 .debug_pubnames
                0x00001593       0x2b build/chipKITMax32/debug/_ext/517659927/sys_ports_static.o
 .debug_pubnames
                0x000015be       0x79 build/chipKITMax32/debug/_ext/1060242128/system_init.o
 .debug_pubnames
                0x00001637       0x31 build/chipKITMax32/debug/_ext/1060242128/system_interrupt.o
 .debug_pubnames
                0x00001668       0x31 build/chipKITMax32/debug/_ext/1060242128/system_exceptions.o
 .debug_pubnames
                0x00001699       0x20 build/chipKITMax32/debug/_ext/1060242128/system_tasks.o
 .debug_pubnames
                0x000016b9       0x33 c:/program files (x86)/microchip/xc32/v1.34/bin/bin/../../lib/gcc/pic32mx/4.5.2/../../../../pic32mx/lib\libpic32.a(default-bootstrap-exception-handler.o)
 .debug_pubnames
                0x000016ec       0x20 c:/program files (x86)/microchip/xc32/v1.34/bin/bin/../../lib/gcc/pic32mx/4.5.2/../../../../pic32mx/lib\libpic32.a(default-on-reset.o)
 .debug_pubnames
                0x0000170c       0x24 c:/program files (x86)/microchip/xc32/v1.34/bin/bin/../../lib/gcc/pic32mx/4.5.2/../../../../pic32mx/lib\libpic32.a(default-on-bootstrap.o)
 .debug_pubnames
                0x00001730       0x28 c:/program files (x86)/microchip/xc32/v1.34/bin/bin/../../lib/gcc/pic32mx/4.5.2/../../../../pic32mx/lib\libpic32.a(defaultinterrupt.o)

.debug_info     0x00000000    0x3b448
 *(.debug_info .gnu.linkonce.wi.*)
 .debug_info    0x00000000       0xd2 c:/program files (x86)/microchip/xc32/v1.34/bin/bin/../../lib/gcc/pic32mx/4.5.2/../../../../pic32mx/lib\software-debug-break.o
 .debug_info    0x000000d2     0x1dff build/chipKITMax32/debug/_ext/1360937237/app.o
 .debug_info    0x00001ed1      0x143 build/chipKITMax32/debug/_ext/1360937237/main.o
 .debug_info    0x00002014      0x2dd build/chipKITMax32/debug/_ext/2124829536/color.o
 .debug_info    0x000022f1     0x5f51 build/chipKITMax32/debug/_ext/1946573018/drv_spi.o
 .debug_info    0x00008242     0x18e4 build/chipKITMax32/debug/_ext/731052630/drv_spi_sys_queue_fifo.o
 .debug_info    0x00009b26     0x7435 build/chipKITMax32/debug/_ext/1946573018/drv_spi_api.o
 .debug_info    0x00010f5b     0x7113 build/chipKITMax32/debug/_ext/1964793657/drv_tmr.o
 .debug_info    0x0001806e     0x1159 build/chipKITMax32/debug/_ext/120115826/sys_devcon.o
 .debug_info    0x000191c7      0xf2f build/chipKITMax32/debug/_ext/120115826/sys_devcon_pic32mx.o
 .debug_info    0x0001a0f6     0x8a20 build/chipKITMax32/debug/_ext/1262147075/sys_dma.o
 .debug_info    0x00022b16     0x164e build/chipKITMax32/debug/_ext/1073419916/sys_int_pic32.o
 .debug_info    0x00024164     0x346f build/chipKITMax32/debug/_ext/1409569815/sys_ports.o
 .debug_info    0x000275d3     0x4544 build/chipKITMax32/debug/_ext/2007785979/drv_spi_tasks.o
 .debug_info    0x0002bb17     0x3a67 build/chipKITMax32/debug/_ext/2007785979/drv_spi_master_ebm_tasks.o
 .debug_info    0x0002f57e     0x38ac build/chipKITMax32/debug/_ext/2007785979/drv_spi_master_dma_tasks.o
 .debug_info    0x00032e2a     0x1650 build/chipKITMax32/debug/_ext/275002841/sys_clk_static.o
 .debug_info    0x0003447a      0xf32 build/chipKITMax32/debug/_ext/517659927/sys_ports_static.o
 .debug_info    0x000353ac     0x333a build/chipKITMax32/debug/_ext/1060242128/system_init.o
 .debug_info    0x000386e6      0xded build/chipKITMax32/debug/_ext/1060242128/system_interrupt.o
 .debug_info    0x000394d3      0xe65 build/chipKITMax32/debug/_ext/1060242128/system_exceptions.o
 .debug_info    0x0003a338      0xdd8 build/chipKITMax32/debug/_ext/1060242128/system_tasks.o
 .debug_info    0x0003b110       0xe2 c:/program files (x86)/microchip/xc32/v1.34/bin/bin/../../lib/gcc/pic32mx/4.5.2/../../../../pic32mx/lib\libpic32.a(default-bootstrap-exception-handler.o)
 .debug_info    0x0003b1f2       0xbc c:/program files (x86)/microchip/xc32/v1.34/bin/bin/../../lib/gcc/pic32mx/4.5.2/../../../../pic32mx/lib\libpic32.a(default-on-reset.o)
 .debug_info    0x0003b2ae       0xc4 c:/program files (x86)/microchip/xc32/v1.34/bin/bin/../../lib/gcc/pic32mx/4.5.2/../../../../pic32mx/lib\libpic32.a(default-on-bootstrap.o)
 .debug_info    0x0003b372       0xd6 c:/program files (x86)/microchip/xc32/v1.34/bin/bin/../../lib/gcc/pic32mx/4.5.2/../../../../pic32mx/lib\libpic32.a(defaultinterrupt.o)

.debug_abbrev   0x00000000     0x2d82
 *(.debug_abbrev)
 .debug_abbrev  0x00000000       0x25 c:/program files (x86)/microchip/xc32/v1.34/bin/bin/../../lib/gcc/pic32mx/4.5.2/../../../../pic32mx/lib\software-debug-break.o
 .debug_abbrev  0x00000025      0x28e build/chipKITMax32/debug/_ext/1360937237/app.o
 .debug_abbrev  0x000002b3       0x38 build/chipKITMax32/debug/_ext/1360937237/main.o
 .debug_abbrev  0x000002eb       0xed build/chipKITMax32/debug/_ext/2124829536/color.o
 .debug_abbrev  0x000003d8      0x475 build/chipKITMax32/debug/_ext/1946573018/drv_spi.o
 .debug_abbrev  0x0000084d      0x271 build/chipKITMax32/debug/_ext/731052630/drv_spi_sys_queue_fifo.o
 .debug_abbrev  0x00000abe      0x30c build/chipKITMax32/debug/_ext/1946573018/drv_spi_api.o
 .debug_abbrev  0x00000dca      0x4ad build/chipKITMax32/debug/_ext/1964793657/drv_tmr.o
 .debug_abbrev  0x00001277      0x281 build/chipKITMax32/debug/_ext/120115826/sys_devcon.o
 .debug_abbrev  0x000014f8      0x17b build/chipKITMax32/debug/_ext/120115826/sys_devcon_pic32mx.o
 .debug_abbrev  0x00001673      0x3dd build/chipKITMax32/debug/_ext/1262147075/sys_dma.o
 .debug_abbrev  0x00001a50      0x1d3 build/chipKITMax32/debug/_ext/1073419916/sys_int_pic32.o
 .debug_abbrev  0x00001c23      0x20d build/chipKITMax32/debug/_ext/1409569815/sys_ports.o
 .debug_abbrev  0x00001e30      0x2c2 build/chipKITMax32/debug/_ext/2007785979/drv_spi_tasks.o
 .debug_abbrev  0x000020f2      0x235 build/chipKITMax32/debug/_ext/2007785979/drv_spi_master_ebm_tasks.o
 .debug_abbrev  0x00002327      0x221 build/chipKITMax32/debug/_ext/2007785979/drv_spi_master_dma_tasks.o
 .debug_abbrev  0x00002548      0x20b build/chipKITMax32/debug/_ext/275002841/sys_clk_static.o
 .debug_abbrev  0x00002753      0x12c build/chipKITMax32/debug/_ext/517659927/sys_ports_static.o
 .debug_abbrev  0x0000287f      0x286 build/chipKITMax32/debug/_ext/1060242128/system_init.o
 .debug_abbrev  0x00002b05       0x99 build/chipKITMax32/debug/_ext/1060242128/system_interrupt.o
 .debug_abbrev  0x00002b9e       0xb7 build/chipKITMax32/debug/_ext/1060242128/system_exceptions.o
 .debug_abbrev  0x00002c55       0x99 build/chipKITMax32/debug/_ext/1060242128/system_tasks.o
 .debug_abbrev  0x00002cee       0x25 c:/program files (x86)/microchip/xc32/v1.34/bin/bin/../../lib/gcc/pic32mx/4.5.2/../../../../pic32mx/lib\libpic32.a(default-bootstrap-exception-handler.o)
 .debug_abbrev  0x00002d13       0x25 c:/program files (x86)/microchip/xc32/v1.34/bin/bin/../../lib/gcc/pic32mx/4.5.2/../../../../pic32mx/lib\libpic32.a(default-on-reset.o)
 .debug_abbrev  0x00002d38       0x25 c:/program files (x86)/microchip/xc32/v1.34/bin/bin/../../lib/gcc/pic32mx/4.5.2/../../../../pic32mx/lib\libpic32.a(default-on-bootstrap.o)
 .debug_abbrev  0x00002d5d       0x25 c:/program files (x86)/microchip/xc32/v1.34/bin/bin/../../lib/gcc/pic32mx/4.5.2/../../../../pic32mx/lib\libpic32.a(defaultinterrupt.o)

.debug_line     0x00000000     0x8dbe
 *(.debug_line)
 .debug_line    0x00000000       0x8a c:/program files (x86)/microchip/xc32/v1.34/bin/bin/../../lib/gcc/pic32mx/4.5.2/../../../../pic32mx/lib\software-debug-break.o
 .debug_line    0x0000008a      0x2de build/chipKITMax32/debug/_ext/1360937237/app.o
 .debug_line    0x00000368       0x66 build/chipKITMax32/debug/_ext/1360937237/main.o
 .debug_line    0x000003ce       0xe1 build/chipKITMax32/debug/_ext/2124829536/color.o
 .debug_line    0x000004af      0xc3b build/chipKITMax32/debug/_ext/1946573018/drv_spi.o
 .debug_line    0x000010ea      0x447 build/chipKITMax32/debug/_ext/731052630/drv_spi_sys_queue_fifo.o
 .debug_line    0x00001531     0x150e build/chipKITMax32/debug/_ext/1946573018/drv_spi_api.o
 .debug_line    0x00002a3f     0x1570 build/chipKITMax32/debug/_ext/1964793657/drv_tmr.o
 .debug_line    0x00003faf      0x5f6 build/chipKITMax32/debug/_ext/120115826/sys_devcon.o
 .debug_line    0x000045a5      0x48a build/chipKITMax32/debug/_ext/120115826/sys_devcon_pic32mx.o
 .debug_line    0x00004a2f      0xefd build/chipKITMax32/debug/_ext/1262147075/sys_dma.o
 .debug_line    0x0000592c      0x3a3 build/chipKITMax32/debug/_ext/1073419916/sys_int_pic32.o
 .debug_line    0x00005ccf      0x880 build/chipKITMax32/debug/_ext/1409569815/sys_ports.o
 .debug_line    0x0000654f      0x906 build/chipKITMax32/debug/_ext/2007785979/drv_spi_tasks.o
 .debug_line    0x00006e55      0x6f8 build/chipKITMax32/debug/_ext/2007785979/drv_spi_master_ebm_tasks.o
 .debug_line    0x0000754d      0x66b build/chipKITMax32/debug/_ext/2007785979/drv_spi_master_dma_tasks.o
 .debug_line    0x00007bb8      0x33a build/chipKITMax32/debug/_ext/275002841/sys_clk_static.o
 .debug_line    0x00007ef2      0x2d9 build/chipKITMax32/debug/_ext/517659927/sys_ports_static.o
 .debug_line    0x000081cb      0x569 build/chipKITMax32/debug/_ext/1060242128/system_init.o
 .debug_line    0x00008734      0x198 build/chipKITMax32/debug/_ext/1060242128/system_interrupt.o
 .debug_line    0x000088cc      0x127 build/chipKITMax32/debug/_ext/1060242128/system_exceptions.o
 .debug_line    0x000089f3      0x192 build/chipKITMax32/debug/_ext/1060242128/system_tasks.o
 .debug_line    0x00008b85       0x97 c:/program files (x86)/microchip/xc32/v1.34/bin/bin/../../lib/gcc/pic32mx/4.5.2/../../../../pic32mx/lib\libpic32.a(default-bootstrap-exception-handler.o)
 .debug_line    0x00008c1c       0x84 c:/program files (x86)/microchip/xc32/v1.34/bin/bin/../../lib/gcc/pic32mx/4.5.2/../../../../pic32mx/lib\libpic32.a(default-on-reset.o)
 .debug_line    0x00008ca0       0x88 c:/program files (x86)/microchip/xc32/v1.34/bin/bin/../../lib/gcc/pic32mx/4.5.2/../../../../pic32mx/lib\libpic32.a(default-on-bootstrap.o)
 .debug_line    0x00008d28       0x96 c:/program files (x86)/microchip/xc32/v1.34/bin/bin/../../lib/gcc/pic32mx/4.5.2/../../../../pic32mx/lib\libpic32.a(defaultinterrupt.o)

.debug_frame    0x00000000     0x1140
 *(.debug_frame)
 .debug_frame   0x00000000       0x20 c:/program files (x86)/microchip/xc32/v1.34/bin/bin/../../lib/gcc/pic32mx/4.5.2/../../../../pic32mx/lib\software-debug-break.o
 .debug_frame   0x00000020       0xbc build/chipKITMax32/debug/_ext/1360937237/app.o
 .debug_frame   0x000000dc       0x28 build/chipKITMax32/debug/_ext/1360937237/main.o
 .debug_frame   0x00000104       0x30 build/chipKITMax32/debug/_ext/2124829536/color.o
 .debug_frame   0x00000134      0x1b0 build/chipKITMax32/debug/_ext/1946573018/drv_spi.o
 .debug_frame   0x000002e4      0x210 build/chipKITMax32/debug/_ext/731052630/drv_spi_sys_queue_fifo.o
 .debug_frame   0x000004f4       0x3c build/chipKITMax32/debug/_ext/1946573018/drv_spi_api.o
 .debug_frame   0x00000530      0x3d8 build/chipKITMax32/debug/_ext/1964793657/drv_tmr.o
 .debug_frame   0x00000908       0xd8 build/chipKITMax32/debug/_ext/120115826/sys_devcon.o
 .debug_frame   0x000009e0       0x20 build/chipKITMax32/debug/_ext/120115826/sys_devcon_pic32mx.o
 .debug_frame   0x00000a00      0x200 build/chipKITMax32/debug/_ext/1262147075/sys_dma.o
 .debug_frame   0x00000c00       0x70 build/chipKITMax32/debug/_ext/1073419916/sys_int_pic32.o
 .debug_frame   0x00000c70      0x1d0 build/chipKITMax32/debug/_ext/1409569815/sys_ports.o
 .debug_frame   0x00000e40       0x4c build/chipKITMax32/debug/_ext/2007785979/drv_spi_tasks.o
 .debug_frame   0x00000e8c       0x40 build/chipKITMax32/debug/_ext/2007785979/drv_spi_master_ebm_tasks.o
 .debug_frame   0x00000ecc       0xb0 build/chipKITMax32/debug/_ext/2007785979/drv_spi_master_dma_tasks.o
 .debug_frame   0x00000f7c       0x58 build/chipKITMax32/debug/_ext/275002841/sys_clk_static.o
 .debug_frame   0x00000fd4       0x20 build/chipKITMax32/debug/_ext/517659927/sys_ports_static.o
 .debug_frame   0x00000ff4       0x28 build/chipKITMax32/debug/_ext/1060242128/system_init.o
 .debug_frame   0x0000101c       0x54 build/chipKITMax32/debug/_ext/1060242128/system_interrupt.o
 .debug_frame   0x00001070       0x20 build/chipKITMax32/debug/_ext/1060242128/system_exceptions.o
 .debug_frame   0x00001090       0x28 build/chipKITMax32/debug/_ext/1060242128/system_tasks.o
 .debug_frame   0x000010b8       0x28 c:/program files (x86)/microchip/xc32/v1.34/bin/bin/../../lib/gcc/pic32mx/4.5.2/../../../../pic32mx/lib\libpic32.a(default-bootstrap-exception-handler.o)
 .debug_frame   0x000010e0       0x20 c:/program files (x86)/microchip/xc32/v1.34/bin/bin/../../lib/gcc/pic32mx/4.5.2/../../../../pic32mx/lib\libpic32.a(default-on-reset.o)
 .debug_frame   0x00001100       0x20 c:/program files (x86)/microchip/xc32/v1.34/bin/bin/../../lib/gcc/pic32mx/4.5.2/../../../../pic32mx/lib\libpic32.a(default-on-bootstrap.o)
 .debug_frame   0x00001120       0x20 c:/program files (x86)/microchip/xc32/v1.34/bin/bin/../../lib/gcc/pic32mx/4.5.2/../../../../pic32mx/lib\libpic32.a(defaultinterrupt.o)

.debug_str      0x00000000      0xedc
 *(.debug_str)
 .debug_str     0x00000000        0x0 c:/program files (x86)/microchip/xc32/v1.34/bin/bin/../../lib/gcc/pic32mx/4.5.2/../../../../pic32mx/lib\software-debug-break.o
 .debug_str     0x00000000       0xa5 build/chipKITMax32/debug/_ext/1360937237/app.o
 .debug_str     0x000000a5        0x0 build/chipKITMax32/debug/_ext/1360937237/main.o
 .debug_str     0x000000a5        0x0 build/chipKITMax32/debug/_ext/2124829536/color.o
 .debug_str     0x000000a5      0x20c build/chipKITMax32/debug/_ext/1946573018/drv_spi.o
 .debug_str     0x000002b1      0x147 build/chipKITMax32/debug/_ext/731052630/drv_spi_sys_queue_fifo.o
 .debug_str     0x000003f8      0x16e build/chipKITMax32/debug/_ext/1946573018/drv_spi_api.o
 .debug_str     0x00000566      0x141 build/chipKITMax32/debug/_ext/1964793657/drv_tmr.o
 .debug_str     0x000006a7       0x23 build/chipKITMax32/debug/_ext/120115826/sys_devcon.o
 .debug_str     0x000006ca       0x4f build/chipKITMax32/debug/_ext/120115826/sys_devcon_pic32mx.o
 .debug_str     0x00000719      0x1ca build/chipKITMax32/debug/_ext/1262147075/sys_dma.o
 .debug_str     0x000008e3       0x2d build/chipKITMax32/debug/_ext/1073419916/sys_int_pic32.o
 .debug_str     0x00000910       0x98 build/chipKITMax32/debug/_ext/1409569815/sys_ports.o
 .debug_str     0x000009a8       0xf0 build/chipKITMax32/debug/_ext/2007785979/drv_spi_tasks.o
 .debug_str     0x00000a98       0xb5 build/chipKITMax32/debug/_ext/2007785979/drv_spi_master_ebm_tasks.o
 .debug_str     0x00000b4d       0xca build/chipKITMax32/debug/_ext/2007785979/drv_spi_master_dma_tasks.o
 .debug_str     0x00000c17       0xa5 build/chipKITMax32/debug/_ext/275002841/sys_clk_static.o
 .debug_str     0x00000cbc        0xd build/chipKITMax32/debug/_ext/517659927/sys_ports_static.o
 .debug_str     0x00000cc9       0xcf build/chipKITMax32/debug/_ext/1060242128/system_init.o
 .debug_str     0x00000d98       0x6c build/chipKITMax32/debug/_ext/1060242128/system_interrupt.o
 .debug_str     0x00000e04       0x6c build/chipKITMax32/debug/_ext/1060242128/system_exceptions.o
 .debug_str     0x00000e70       0x6c build/chipKITMax32/debug/_ext/1060242128/system_tasks.o
 .debug_str     0x00000edc        0x0 c:/program files (x86)/microchip/xc32/v1.34/bin/bin/../../lib/gcc/pic32mx/4.5.2/../../../../pic32mx/lib\libpic32.a(default-bootstrap-exception-handler.o)
 .debug_str     0x00000edc        0x0 c:/program files (x86)/microchip/xc32/v1.34/bin/bin/../../lib/gcc/pic32mx/4.5.2/../../../../pic32mx/lib\libpic32.a(default-on-reset.o)
 .debug_str     0x00000edc        0x0 c:/program files (x86)/microchip/xc32/v1.34/bin/bin/../../lib/gcc/pic32mx/4.5.2/../../../../pic32mx/lib\libpic32.a(default-on-bootstrap.o)
 .debug_str     0x00000edc        0x0 c:/program files (x86)/microchip/xc32/v1.34/bin/bin/../../lib/gcc/pic32mx/4.5.2/../../../../pic32mx/lib\libpic32.a(defaultinterrupt.o)

.debug_loc      0x00000000    0x1039a
 *(.debug_loc)
 .debug_loc     0x00000000      0x21a build/chipKITMax32/debug/_ext/1360937237/app.o
 .debug_loc     0x0000021a       0x20 build/chipKITMax32/debug/_ext/1360937237/main.o
 .debug_loc     0x0000023a       0x31 build/chipKITMax32/debug/_ext/2124829536/color.o
 .debug_loc     0x0000026b     0x1c04 build/chipKITMax32/debug/_ext/1946573018/drv_spi.o
 .debug_loc     0x00001e6f      0xb9b build/chipKITMax32/debug/_ext/731052630/drv_spi_sys_queue_fifo.o
 .debug_loc     0x00002a0a     0x422f build/chipKITMax32/debug/_ext/1946573018/drv_spi_api.o
 .debug_loc     0x00006c39     0x3eb6 build/chipKITMax32/debug/_ext/1964793657/drv_tmr.o
 .debug_loc     0x0000aaef       0xf0 build/chipKITMax32/debug/_ext/120115826/sys_devcon.o
 .debug_loc     0x0000abdf      0x108 build/chipKITMax32/debug/_ext/120115826/sys_devcon_pic32mx.o
 .debug_loc     0x0000ace7     0x1956 build/chipKITMax32/debug/_ext/1262147075/sys_dma.o
 .debug_loc     0x0000c63d       0x94 build/chipKITMax32/debug/_ext/1073419916/sys_int_pic32.o
 .debug_loc     0x0000c6d1      0xddb build/chipKITMax32/debug/_ext/1409569815/sys_ports.o
 .debug_loc     0x0000d4ac     0x1ef3 build/chipKITMax32/debug/_ext/2007785979/drv_spi_tasks.o
 .debug_loc     0x0000f39f      0x861 build/chipKITMax32/debug/_ext/2007785979/drv_spi_master_ebm_tasks.o
 .debug_loc     0x0000fc00      0x6f3 build/chipKITMax32/debug/_ext/2007785979/drv_spi_master_dma_tasks.o
 .debug_loc     0x000102f3       0x33 build/chipKITMax32/debug/_ext/275002841/sys_clk_static.o
 .debug_loc     0x00010326       0x33 build/chipKITMax32/debug/_ext/1060242128/system_init.o
 .debug_loc     0x00010359       0x21 build/chipKITMax32/debug/_ext/1060242128/system_interrupt.o
 .debug_loc     0x0001037a       0x20 build/chipKITMax32/debug/_ext/1060242128/system_tasks.o

.debug_macinfo
 *(.debug_macinfo)

.debug_weaknames
 *(.debug_weaknames)

.debug_funcnames
 *(.debug_funcnames)

.debug_typenames
 *(.debug_typenames)

.debug_varnames
 *(.debug_varnames)

.debug_pubtypes
                0x00000000     0x283f
 *(.debug_pubtypes)
 .debug_pubtypes
                0x00000000      0x12d build/chipKITMax32/debug/_ext/1360937237/app.o
 .debug_pubtypes
                0x0000012d       0x12 build/chipKITMax32/debug/_ext/1360937237/main.o
 .debug_pubtypes
                0x0000013f       0x55 build/chipKITMax32/debug/_ext/2124829536/color.o
 .debug_pubtypes
                0x00000194      0x693 build/chipKITMax32/debug/_ext/1946573018/drv_spi.o
 .debug_pubtypes
                0x00000827      0x387 build/chipKITMax32/debug/_ext/731052630/drv_spi_sys_queue_fifo.o
 .debug_pubtypes
                0x00000bae      0x440 build/chipKITMax32/debug/_ext/1946573018/drv_spi_api.o
 .debug_pubtypes
                0x00000fee      0x281 build/chipKITMax32/debug/_ext/1964793657/drv_tmr.o
 .debug_pubtypes
                0x0000126f      0x14b build/chipKITMax32/debug/_ext/120115826/sys_devcon.o
 .debug_pubtypes
                0x000013ba       0xcb build/chipKITMax32/debug/_ext/120115826/sys_devcon_pic32mx.o
 .debug_pubtypes
                0x00001485      0x305 build/chipKITMax32/debug/_ext/1262147075/sys_dma.o
 .debug_pubtypes
                0x0000178a       0xc5 build/chipKITMax32/debug/_ext/1073419916/sys_int_pic32.o
 .debug_pubtypes
                0x0000184f      0x1d0 build/chipKITMax32/debug/_ext/1409569815/sys_ports.o
 .debug_pubtypes
                0x00001a1f      0x2ff build/chipKITMax32/debug/_ext/2007785979/drv_spi_tasks.o
 .debug_pubtypes
                0x00001d1e      0x2b3 build/chipKITMax32/debug/_ext/2007785979/drv_spi_master_ebm_tasks.o
 .debug_pubtypes
                0x00001fd1      0x2a6 build/chipKITMax32/debug/_ext/2007785979/drv_spi_master_dma_tasks.o
 .debug_pubtypes
                0x00002277      0x109 build/chipKITMax32/debug/_ext/275002841/sys_clk_static.o
 .debug_pubtypes
                0x00002380       0x84 build/chipKITMax32/debug/_ext/517659927/sys_ports_static.o
 .debug_pubtypes
                0x00002404      0x399 build/chipKITMax32/debug/_ext/1060242128/system_init.o
 .debug_pubtypes
                0x0000279d       0x48 build/chipKITMax32/debug/_ext/1060242128/system_interrupt.o
 .debug_pubtypes
                0x000027e5       0x12 build/chipKITMax32/debug/_ext/1060242128/system_exceptions.o
 .debug_pubtypes
                0x000027f7       0x48 build/chipKITMax32/debug/_ext/1060242128/system_tasks.o

.debug_ranges   0x00000000     0x23c0
 *(.debug_ranges)
 .debug_ranges  0x00000000       0x10 c:/program files (x86)/microchip/xc32/v1.34/bin/bin/../../lib/gcc/pic32mx/4.5.2/../../../../pic32mx/lib\software-debug-break.o
 .debug_ranges  0x00000010       0x40 build/chipKITMax32/debug/_ext/1360937237/app.o
 .debug_ranges  0x00000050       0x10 build/chipKITMax32/debug/_ext/1360937237/main.o
 .debug_ranges  0x00000060       0x18 build/chipKITMax32/debug/_ext/2124829536/color.o
 .debug_ranges  0x00000078      0x3d8 build/chipKITMax32/debug/_ext/1946573018/drv_spi.o
 .debug_ranges  0x00000450       0xc8 build/chipKITMax32/debug/_ext/731052630/drv_spi_sys_queue_fifo.o
 .debug_ranges  0x00000518      0xa28 build/chipKITMax32/debug/_ext/1946573018/drv_spi_api.o
 .debug_ranges  0x00000f40      0x8a0 build/chipKITMax32/debug/_ext/1964793657/drv_tmr.o
 .debug_ranges  0x000017e0       0x68 build/chipKITMax32/debug/_ext/120115826/sys_devcon.o
 .debug_ranges  0x00001848       0x10 build/chipKITMax32/debug/_ext/120115826/sys_devcon_pic32mx.o
 .debug_ranges  0x00001858      0x440 build/chipKITMax32/debug/_ext/1262147075/sys_dma.o
 .debug_ranges  0x00001c98       0x68 build/chipKITMax32/debug/_ext/1073419916/sys_int_pic32.o
 .debug_ranges  0x00001d00       0xe8 build/chipKITMax32/debug/_ext/1409569815/sys_ports.o
 .debug_ranges  0x00001de8      0x2f0 build/chipKITMax32/debug/_ext/2007785979/drv_spi_tasks.o
 .debug_ranges  0x000020d8      0x1f8 build/chipKITMax32/debug/_ext/2007785979/drv_spi_master_ebm_tasks.o
 .debug_ranges  0x000022d0       0x38 build/chipKITMax32/debug/_ext/2007785979/drv_spi_master_dma_tasks.o
 .debug_ranges  0x00002308       0x28 build/chipKITMax32/debug/_ext/275002841/sys_clk_static.o
 .debug_ranges  0x00002330       0x10 build/chipKITMax32/debug/_ext/517659927/sys_ports_static.o
 .debug_ranges  0x00002340       0x10 build/chipKITMax32/debug/_ext/1060242128/system_init.o
 .debug_ranges  0x00002350       0x10 build/chipKITMax32/debug/_ext/1060242128/system_interrupt.o
 .debug_ranges  0x00002360       0x10 build/chipKITMax32/debug/_ext/1060242128/system_exceptions.o
 .debug_ranges  0x00002370       0x10 build/chipKITMax32/debug/_ext/1060242128/system_tasks.o
 .debug_ranges  0x00002380       0x10 c:/program files (x86)/microchip/xc32/v1.34/bin/bin/../../lib/gcc/pic32mx/4.5.2/../../../../pic32mx/lib\libpic32.a(default-bootstrap-exception-handler.o)
 .debug_ranges  0x00002390       0x10 c:/program files (x86)/microchip/xc32/v1.34/bin/bin/../../lib/gcc/pic32mx/4.5.2/../../../../pic32mx/lib\libpic32.a(default-on-reset.o)
 .debug_ranges  0x000023a0       0x10 c:/program files (x86)/microchip/xc32/v1.34/bin/bin/../../lib/gcc/pic32mx/4.5.2/../../../../pic32mx/lib\libpic32.a(default-on-bootstrap.o)
 .debug_ranges  0x000023b0       0x10 c:/program files (x86)/microchip/xc32/v1.34/bin/bin/../../lib/gcc/pic32mx/4.5.2/../../../../pic32mx/lib\libpic32.a(defaultinterrupt.o)

.gnu.attributes
                0x00000000       0x10
 *(.gnu.attributes)
 .gnu.attributes
                0x00000000       0x10 c:/program files (x86)/microchip/xc32/v1.34/bin/bin/../../lib/gcc/pic32mx/4.5.2/../../../../pic32mx/lib\software-debug-break.o
 .gnu.attributes
                0x00000010       0x10 build/chipKITMax32/debug/_ext/1360937237/app.o
 .gnu.attributes
                0x00000020       0x10 build/chipKITMax32/debug/_ext/1360937237/main.o
 .gnu.attributes
                0x00000030       0x10 build/chipKITMax32/debug/_ext/2124829536/color.o
 .gnu.attributes
                0x00000040       0x10 build/chipKITMax32/debug/_ext/1946573018/drv_spi.o
 .gnu.attributes
                0x00000050       0x10 build/chipKITMax32/debug/_ext/731052630/drv_spi_sys_queue_fifo.o
 .gnu.attributes
                0x00000060       0x10 build/chipKITMax32/debug/_ext/1946573018/drv_spi_api.o
 .gnu.attributes
                0x00000070       0x10 build/chipKITMax32/debug/_ext/1964793657/drv_tmr.o
 .gnu.attributes
                0x00000080       0x10 build/chipKITMax32/debug/_ext/120115826/sys_devcon.o
 .gnu.attributes
                0x00000090       0x10 build/chipKITMax32/debug/_ext/120115826/sys_devcon_pic32mx.o
 .gnu.attributes
                0x000000a0       0x10 build/chipKITMax32/debug/_ext/1262147075/sys_dma.o
 .gnu.attributes
                0x000000b0       0x10 build/chipKITMax32/debug/_ext/1073419916/sys_int_pic32.o
 .gnu.attributes
                0x000000c0       0x10 build/chipKITMax32/debug/_ext/1409569815/sys_ports.o
 .gnu.attributes
                0x000000d0       0x10 build/chipKITMax32/debug/_ext/2007785979/drv_spi_tasks.o
 .gnu.attributes
                0x000000e0       0x10 build/chipKITMax32/debug/_ext/2007785979/drv_spi_master_ebm_tasks.o
 .gnu.attributes
                0x000000f0       0x10 build/chipKITMax32/debug/_ext/2007785979/drv_spi_master_dma_tasks.o
 .gnu.attributes
                0x00000100       0x10 build/chipKITMax32/debug/_ext/275002841/sys_clk_static.o
 .gnu.attributes
                0x00000110       0x10 build/chipKITMax32/debug/_ext/517659927/sys_ports_static.o
 .gnu.attributes
                0x00000120       0x10 build/chipKITMax32/debug/_ext/1060242128/system_init.o
 .gnu.attributes
                0x00000130       0x10 build/chipKITMax32/debug/_ext/1060242128/system_interrupt.o
 .gnu.attributes
                0x00000140       0x10 build/chipKITMax32/debug/_ext/1060242128/system_exceptions.o
 .gnu.attributes
                0x00000150       0x10 build/chipKITMax32/debug/_ext/1060242128/system_tasks.o
 .gnu.attributes
                0x00000160       0x10 c:/program files (x86)/microchip/xc32/v1.34/bin/bin/../../lib/gcc/pic32mx/4.5.2/../../../../pic32mx/lib\libpic32.a(default-bootstrap-exception-handler.o)
 .gnu.attributes
                0x00000170       0x10 c:/program files (x86)/microchip/xc32/v1.34/bin/bin/../../lib/gcc/pic32mx/4.5.2/../../../../pic32mx/lib\libpic32.a(default-on-reset.o)
 .gnu.attributes
                0x00000180       0x10 c:/program files (x86)/microchip/xc32/v1.34/bin/bin/../../lib/gcc/pic32mx/4.5.2/../../../../pic32mx/lib\libpic32.a(default-on-bootstrap.o)
 .gnu.attributes
                0x00000190       0x10 c:/program files (x86)/microchip/xc32/v1.34/bin/bin/../../lib/gcc/pic32mx/4.5.2/../../../../pic32mx/lib\libpic32.a(defaultinterrupt.o)
LOAD c:/program files (x86)/microchip/xc32/v1.34/bin/bin/../../lib/gcc/pic32mx/4.5.2\libgcc.a
START GROUP
LOAD c:/program files (x86)/microchip/xc32/v1.34/bin/bin/../../lib/gcc/pic32mx/4.5.2/../../../../pic32mx/lib\libpic32.a
LOAD c:/program files (x86)/microchip/xc32/v1.34/bin/bin/../../lib/gcc/pic32mx/4.5.2/../../../../pic32mx/lib\libdebug.a
LOAD c:/program files (x86)/microchip/xc32/v1.34/bin/bin/../../lib/gcc/pic32mx/4.5.2/../../../../pic32mx/lib\libpic32.a
LOAD c:/program files (x86)/microchip/xc32/v1.34/bin/bin/../../lib/gcc/pic32mx/4.5.2/../../../../pic32mx/lib\libm.a
LOAD c:/program files (x86)/microchip/xc32/v1.34/bin/bin/../../lib/gcc/pic32mx/4.5.2/../../../../pic32mx/lib\libe.a
LOAD c:/program files (x86)/microchip/xc32/v1.34/bin/bin/../../lib/gcc/pic32mx/4.5.2/../../../../pic32mx/lib\libdsp.a
LOAD c:/program files (x86)/microchip/xc32/v1.34/bin/bin/../../lib/gcc/pic32mx/4.5.2\libgcc.a
LOAD c:/program files (x86)/microchip/xc32/v1.34/bin/bin/../../lib/gcc/pic32mx/4.5.2/../../../../pic32mx/lib\libc.a
LOAD c:/program files (x86)/microchip/xc32/v1.34/bin/bin/../../lib/gcc/pic32mx/4.5.2/../../../../pic32mx/lib\libpic32.a
END GROUP
LOAD c:/program files (x86)/microchip/xc32/v1.34/bin/bin/../../lib/gcc/pic32mx/4.5.2\libgcc.a
OUTPUT(dist/chipKITMax32/debug/strip.X.debug.elf elf32-tradlittlemips)
LOAD stack
LOAD data_init

.reginfo        0x00000000       0x18
 .reginfo       0x00000000       0x18 c:/program files (x86)/microchip/xc32/v1.34/bin/bin/../../lib/gcc/pic32mx/4.5.2/../../../../pic32mx/lib/./proc/32MX795F512L/crt0_mips32r2.o

.stack          0xa00023f8      0x400
 .stack         0xa00023f8      0x400 stack

.bss            0xa0001f64      0x3a0
 .bss           0xa0001f64      0x3a0 build/chipKITMax32/debug/_ext/1946573018/drv_spi.o

.data           0xa0002304       0x74
 .data          0xa0002304       0x74 build/chipKITMax32/debug/_ext/1060242128/system_init.o
                0xa0002304                drvSpi0InitData

.bss            0xa0002378       0x3c
 .bss           0xa0002378       0x3c build/chipKITMax32/debug/_ext/1964793657/drv_tmr.o

.data           0xa00023b4       0x28
 .data          0xa00023b4       0x28 build/chipKITMax32/debug/_ext/1946573018/drv_spi.o

.text.DRV_SPI_SetupHardware
                0x9d000000     0x23e4
 .text.DRV_SPI_SetupHardware
                0x9d000000     0x23e4 build/chipKITMax32/debug/_ext/1946573018/drv_spi_api.o
                0x9d000000                DRV_SPI_SetupHardware

.text.DRV_SPI_PolledMasterEBM8BitTasks
                0x9d0023e4      0xc80
 .text.DRV_SPI_PolledMasterEBM8BitTasks
                0x9d0023e4      0xc80 build/chipKITMax32/debug/_ext/2007785979/drv_spi_tasks.o
                0x9d0023e4                DRV_SPI_PolledMasterEBM8BitTasks

.text._DRV_TMR_ClockPrescaleSet
                0x9d003064      0x6ac
 .text._DRV_TMR_ClockPrescaleSet
                0x9d003064      0x6ac build/chipKITMax32/debug/_ext/1964793657/drv_tmr.o

.text.DRV_SPI_Open
                0x9d003710      0x570
 .text.DRV_SPI_Open
                0x9d003710      0x570 build/chipKITMax32/debug/_ext/1946573018/drv_spi.o
                0x9d003710                DRV_SPI_Open

.text.APP_Tasks
                0x9d003c80      0x318
 .text.APP_Tasks
                0x9d003c80      0x318 build/chipKITMax32/debug/_ext/1360937237/app.o
                0x9d003c80                APP_Tasks

.text.DRV_TMR_AlarmRegister
                0x9d003f98      0x2c8
 .text.DRV_TMR_AlarmRegister
                0x9d003f98      0x2c8 build/chipKITMax32/debug/_ext/1964793657/drv_tmr.o
                0x9d003f98                DRV_TMR_AlarmRegister

.text.DRV_SPI_Initialize
                0x9d004260      0x298
 .text.DRV_SPI_Initialize
                0x9d004260      0x298 build/chipKITMax32/debug/_ext/1946573018/drv_spi.o
                0x9d004260                DRV_SPI_Initialize

.text.DRV_TMR_CounterFrequencyGet
                0x9d0044f8      0x288
 .text.DRV_TMR_CounterFrequencyGet
                0x9d0044f8      0x288 build/chipKITMax32/debug/_ext/1964793657/drv_tmr.o
                0x9d0044f8                DRV_TMR_CounterFrequencyGet

.text.DRV_SPI_MasterEBMSend8BitPolled
                0x9d004780      0x284
 .text.DRV_SPI_MasterEBMSend8BitPolled
                0x9d004780      0x284 build/chipKITMax32/debug/_ext/2007785979/drv_spi_master_ebm_tasks.o
                0x9d004780                DRV_SPI_MasterEBMSend8BitPolled

.text.DRV_SPI_PolledErrorTasks
                0x9d004a04      0x228
 .text.DRV_SPI_PolledErrorTasks
                0x9d004a04      0x228 build/chipKITMax32/debug/_ext/1946573018/drv_spi.o
                0x9d004a04                DRV_SPI_PolledErrorTasks

.text.DRV_SPI_MasterEBMReceive8BitPolled
                0x9d004c2c      0x208
 .text.DRV_SPI_MasterEBMReceive8BitPolled
                0x9d004c2c      0x208 build/chipKITMax32/debug/_ext/2007785979/drv_spi_master_ebm_tasks.o
                0x9d004c2c                DRV_SPI_MasterEBMReceive8BitPolled

.text.DRV_TMR_Initialize
                0x9d004e34      0x204
 .text.DRV_TMR_Initialize
                0x9d004e34      0x204 build/chipKITMax32/debug/_ext/1964793657/drv_tmr.o
                0x9d004e34                DRV_TMR_Initialize

.text.SYS_DMA_ChannelTransferAdd
                0x9d005038      0x1b8
 .text.SYS_DMA_ChannelTransferAdd
                0x9d005038      0x1b8 build/chipKITMax32/debug/_ext/1262147075/sys_dma.o
                0x9d005038                SYS_DMA_ChannelTransferAdd

.text.SYS_DMA_ChannelSetup
                0x9d0051f0      0x1b4
 .text.SYS_DMA_ChannelSetup
                0x9d0051f0      0x1b4 build/chipKITMax32/debug/_ext/1262147075/sys_dma.o
                0x9d0051f0                SYS_DMA_ChannelSetup

.text.DRV_SPI_BufferAddWrite2
                0x9d0053a4      0x1a8
 .text.DRV_SPI_BufferAddWrite2
                0x9d0053a4      0x1a8 build/chipKITMax32/debug/_ext/1946573018/drv_spi.o
                0x9d0053a4                DRV_SPI_BufferAddWrite2

.text.DRV_SPI_SYS_QUEUE_Initialize
                0x9d00554c      0x1a8
 .text.DRV_SPI_SYS_QUEUE_Initialize
                0x9d00554c      0x1a8 build/chipKITMax32/debug/_ext/731052630/drv_spi_sys_queue_fifo.o
                0x9d00554c                DRV_SPI_SYS_QUEUE_Initialize

.text.SYS_DMA_Tasks
                0x9d0056f4      0x184
 .text.SYS_DMA_Tasks
                0x9d0056f4      0x184 build/chipKITMax32/debug/_ext/1262147075/sys_dma.o
                0x9d0056f4                SYS_DMA_Tasks

.text.HSVtoRGB  0x9d005878      0x138
 .text.HSVtoRGB
                0x9d005878      0x138 build/chipKITMax32/debug/_ext/2124829536/color.o
                0x9d005878                HSVtoRGB

.text._DRV_TMR_ClockSourceSet
                0x9d0059b0      0x130
 .text._DRV_TMR_ClockSourceSet
                0x9d0059b0      0x130 build/chipKITMax32/debug/_ext/1964793657/drv_tmr.o

.text._IntHandlerDrvTmrInstance0
                0x9d005ae0      0x130
 .text._IntHandlerDrvTmrInstance0
                0x9d005ae0      0x130 build/chipKITMax32/debug/_ext/1060242128/system_interrupt.o
                0x9d005ae0                _IntHandlerDrvTmrInstance0

.dinit          0x9d005c10      0x130
 .dinit         0x9d005c10      0x130 data_init

.text.QueueLEDStrip
                0x9d005d40      0x12c
 .text.QueueLEDStrip
                0x9d005d40      0x12c build/chipKITMax32/debug/_ext/1360937237/app.o
                0x9d005d40                QueueLEDStrip

.rodata         0x9d005e6c      0x128
 .rodata        0x9d005e6c      0x128 build/chipKITMax32/debug/_ext/1060242128/system_exceptions.o

.text.DRV_SPI_MasterDMASendDummyPolled
                0x9d005f94      0x124
 .text.DRV_SPI_MasterDMASendDummyPolled
                0x9d005f94      0x124 build/chipKITMax32/debug/_ext/2007785979/drv_spi_master_dma_tasks.o
                0x9d005f94                DRV_SPI_MasterDMASendDummyPolled

.text.DRV_SPI_MasterDMAReceiveDummyPolled
                0x9d0060b8      0x108
 .text.DRV_SPI_MasterDMAReceiveDummyPolled
                0x9d0060b8      0x108 build/chipKITMax32/debug/_ext/2007785979/drv_spi_master_dma_tasks.o
                0x9d0060b8                DRV_SPI_MasterDMAReceiveDummyPolled

.text._DRV_TMR_Resume
                0x9d0061c0      0x104
 .text._DRV_TMR_Resume
                0x9d0061c0      0x104 build/chipKITMax32/debug/_ext/1964793657/drv_tmr.o

.text.DRV_SPI_SetupDMA
                0x9d0062c4       0xf8
 .text.DRV_SPI_SetupDMA
                0x9d0062c4       0xf8 build/chipKITMax32/debug/_ext/2007785979/drv_spi_tasks.o
                0x9d0062c4                DRV_SPI_SetupDMA

.text.DRV_SPI_MasterDMASendDataPolled
                0x9d0063bc       0xec
 .text.DRV_SPI_MasterDMASendDataPolled
                0x9d0063bc       0xec build/chipKITMax32/debug/_ext/2007785979/drv_spi_master_dma_tasks.o
                0x9d0063bc                DRV_SPI_MasterDMASendDataPolled

.text.DRV_SPI_MasterDMAReceiveDataPolled
                0x9d0064a8       0xec
 .text.DRV_SPI_MasterDMAReceiveDataPolled
                0x9d0064a8       0xec build/chipKITMax32/debug/_ext/2007785979/drv_spi_master_dma_tasks.o
                0x9d0064a8                DRV_SPI_MasterDMAReceiveDataPolled

.text._DRV_TMR_Suspend
                0x9d006594       0xe8
 .text._DRV_TMR_Suspend
                0x9d006594       0xe8 build/chipKITMax32/debug/_ext/1964793657/drv_tmr.o

.text.general_exception
                0x9d00667c       0xdc
 .text.general_exception
                0x9d00667c       0xdc c:/program files (x86)/microchip/xc32/v1.34/bin/bin/../../lib/gcc/pic32mx/4.5.2/../../../../pic32mx/lib\libpic32.a(general-exception.o)
                0x9d00667c                _general_exception_context

.text.DRV_SPI_SYS_QUEUE_CreateQueue
                0x9d006758       0xd4
 .text.DRV_SPI_SYS_QUEUE_CreateQueue
                0x9d006758       0xd4 build/chipKITMax32/debug/_ext/731052630/drv_spi_sys_queue_fifo.o
                0x9d006758                DRV_SPI_SYS_QUEUE_CreateQueue

.text.SYS_Initialize
                0x9d00682c       0xd4
 .text.SYS_Initialize
                0x9d00682c       0xd4 build/chipKITMax32/debug/_ext/1060242128/system_init.o
                0x9d00682c                SYS_Initialize

.text.SYS_DEVCON_PerformanceConfig
                0x9d006900       0xcc
 .text.SYS_DEVCON_PerformanceConfig
                0x9d006900       0xcc build/chipKITMax32/debug/_ext/120115826/sys_devcon_pic32mx.o
                0x9d006900                SYS_DEVCON_PerformanceConfig

.text.DRV_TMR_Tasks_ISR
                0x9d0069cc       0xbc
 .text.DRV_TMR_Tasks_ISR
                0x9d0069cc       0xbc build/chipKITMax32/debug/_ext/1964793657/drv_tmr.o
                0x9d0069cc                DRV_TMR_Tasks_ISR

.text.PopulatePixel
                0x9d006a88       0xb8
 .text.PopulatePixel
                0x9d006a88       0xb8 build/chipKITMax32/debug/_ext/1360937237/app.o
                0x9d006a88                PopulatePixel

.text.APP_Initialize
                0x9d006b40       0xb0
 .text.APP_Initialize
                0x9d006b40       0xb0 build/chipKITMax32/debug/_ext/1360937237/app.o
                0x9d006b40                APP_Initialize

.text.DRV_SPI_SYS_QUEUE_AllocElement
                0x9d006bf0       0xa8
 .text.DRV_SPI_SYS_QUEUE_AllocElement
                0x9d006bf0       0xa8 build/chipKITMax32/debug/_ext/731052630/drv_spi_sys_queue_fifo.o
                0x9d006bf0                DRV_SPI_SYS_QUEUE_AllocElement

.text           0x9d006c98       0xa8
 .text          0x9d006c98       0xa8 c:/program files (x86)/microchip/xc32/v1.34/bin/bin/../../lib/gcc/pic32mx/4.5.2/../../../../pic32mx/lib\libpic32.a(memset.o)
                0x9d006c98                memset

.text._DRV_SPI_SYS_QUEUE_LockQueue
                0x9d006d40       0x88
 .text._DRV_SPI_SYS_QUEUE_LockQueue
                0x9d006d40       0x88 build/chipKITMax32/debug/_ext/731052630/drv_spi_sys_queue_fifo.o
                0x9d006d40                _DRV_SPI_SYS_QUEUE_LockQueue

.text.SYS_DMA_Initialize
                0x9d006dc8       0x80
 .text.SYS_DMA_Initialize
                0x9d006dc8       0x80 build/chipKITMax32/debug/_ext/1262147075/sys_dma.o
                0x9d006dc8                SYS_DMA_Initialize

.text._DRV_TMR_ModuleObj
                0x9d006e48       0x7c
 .text._DRV_TMR_ModuleObj
                0x9d006e48       0x7c build/chipKITMax32/debug/_ext/1964793657/drv_tmr.o

.text.DRV_SPI_SYS_QUEUE_FreeElement
                0x9d006ec4       0x78
 .text.DRV_SPI_SYS_QUEUE_FreeElement
                0x9d006ec4       0x78 build/chipKITMax32/debug/_ext/731052630/drv_spi_sys_queue_fifo.o
                0x9d006ec4                DRV_SPI_SYS_QUEUE_FreeElement

.text._DRV_SPI_SYS_QUEUE_UnlockQueue
                0x9d006f3c       0x74
 .text._DRV_SPI_SYS_QUEUE_UnlockQueue
                0x9d006f3c       0x74 build/chipKITMax32/debug/_ext/731052630/drv_spi_sys_queue_fifo.o
                0x9d006f3c                _DRV_SPI_SYS_QUEUE_UnlockQueue

.text.SendLEDStrip
                0x9d006fb0       0x68
 .text.SendLEDStrip
                0x9d006fb0       0x68 build/chipKITMax32/debug/_ext/1360937237/app.o
                0x9d006fb0                SendLEDStrip

.text.DRV_SPI_SetVTable
                0x9d007018       0x68
 .text.DRV_SPI_SetVTable
                0x9d007018       0x68 build/chipKITMax32/debug/_ext/1946573018/drv_spi_api.o
                0x9d007018                DRV_SPI_SetVTable

.text.DRV_TMR_Start
                0x9d007080       0x68
 .text.DRV_TMR_Start
                0x9d007080       0x68 build/chipKITMax32/debug/_ext/1964793657/drv_tmr.o
                0x9d007080                DRV_TMR_Start

.text.DRV_SPI_SYS_QUEUE_DequeueLock
                0x9d0070e8       0x60
 .text.DRV_SPI_SYS_QUEUE_DequeueLock
                0x9d0070e8       0x60 build/chipKITMax32/debug/_ext/731052630/drv_spi_sys_queue_fifo.o
                0x9d0070e8                DRV_SPI_SYS_QUEUE_DequeueLock

.text.DRV_SPI_SYS_QUEUE_EnqueueLock
                0x9d007148       0x60
 .text.DRV_SPI_SYS_QUEUE_EnqueueLock
                0x9d007148       0x60 build/chipKITMax32/debug/_ext/731052630/drv_spi_sys_queue_fifo.o
                0x9d007148                DRV_SPI_SYS_QUEUE_EnqueueLock

.text.DRV_SPI_SYS_QUEUE_FreeElementLock
                0x9d0071a8       0x60
 .text.DRV_SPI_SYS_QUEUE_FreeElementLock