Archive member included because of file (symbol)

c:/program files (x86)/microchip/xc32/v1.34/bin/bin/../../lib/gcc/pic32mx/4.5.2\libgcc.a(_udivdi3.o)
                              build/Max32/debug/_ext/1444933459/sys_tmr.o (__udivdi3)
c:/program files (x86)/microchip/xc32/v1.34/bin/bin/../../lib/gcc/pic32mx/4.5.2/../../../../pic32mx/lib\libpic32.a(memset.o)
                              build/Max32/debug/_ext/1360937237/app.o (memset)
c:/program files (x86)/microchip/xc32/v1.34/bin/bin/../../lib/gcc/pic32mx/4.5.2/../../../../pic32mx/lib\libpic32.a(default-bootstrap-exception-handler.o)
                              c:/program files (x86)/microchip/xc32/v1.34/bin/bin/../../lib/gcc/pic32mx/4.5.2/../../../../pic32mx/lib/./proc/32MX795F512L/crt0_mips32r2.o (_bootstrap_exception_handler)
c:/program files (x86)/microchip/xc32/v1.34/bin/bin/../../lib/gcc/pic32mx/4.5.2/../../../../pic32mx/lib\libpic32.a(default-on-reset.o)
                              c:/program files (x86)/microchip/xc32/v1.34/bin/bin/../../lib/gcc/pic32mx/4.5.2/../../../../pic32mx/lib/./proc/32MX795F512L/crt0_mips32r2.o (_on_reset)
c:/program files (x86)/microchip/xc32/v1.34/bin/bin/../../lib/gcc/pic32mx/4.5.2/../../../../pic32mx/lib\libpic32.a(default-on-bootstrap.o)
                              c:/program files (x86)/microchip/xc32/v1.34/bin/bin/../../lib/gcc/pic32mx/4.5.2/../../../../pic32mx/lib/./proc/32MX795F512L/crt0_mips32r2.o (_on_bootstrap)
c:/program files (x86)/microchip/xc32/v1.34/bin/bin/../../lib/gcc/pic32mx/4.5.2/../../../../pic32mx/lib\libpic32.a(default-nmi-handler.o)
                              c:/program files (x86)/microchip/xc32/v1.34/bin/bin/../../lib/gcc/pic32mx/4.5.2/../../../../pic32mx/lib/./proc/32MX795F512L/crt0_mips32r2.o (_nmi_handler)
c:/program files (x86)/microchip/xc32/v1.34/bin/bin/../../lib/gcc/pic32mx/4.5.2/../../../../pic32mx/lib\libpic32.a(general-exception.o)
                              c:/program files (x86)/microchip/xc32/v1.34/bin/bin/../../lib/gcc/pic32mx/4.5.2/../../../../pic32mx/lib/./proc/32MX795F512L/crt0_mips32r2.o (_general_exception_context)
c:/program files (x86)/microchip/xc32/v1.34/bin/bin/../../lib/gcc/pic32mx/4.5.2/../../../../pic32mx/lib\libpic32.a(vector0.o)
                              c:/program files (x86)/microchip/xc32/v1.34/bin/bin/../../lib/gcc/pic32mx/4.5.2/../../../../pic32mx/lib/./proc/32MX795F512L\default_isr_vectors.o (__vector_dispatch_0)
c:/program files (x86)/microchip/xc32/v1.34/bin/bin/../../lib/gcc/pic32mx/4.5.2/../../../../pic32mx/lib\libpic32.a(vector1.o)
                              c:/program files (x86)/microchip/xc32/v1.34/bin/bin/../../lib/gcc/pic32mx/4.5.2/../../../../pic32mx/lib/./proc/32MX795F512L\default_isr_vectors.o (__vector_dispatch_1)
c:/program files (x86)/microchip/xc32/v1.34/bin/bin/../../lib/gcc/pic32mx/4.5.2/../../../../pic32mx/lib\libpic32.a(vector2.o)
                              c:/program files (x86)/microchip/xc32/v1.34/bin/bin/../../lib/gcc/pic32mx/4.5.2/../../../../pic32mx/lib/./proc/32MX795F512L\default_isr_vectors.o (__vector_dispatch_2)
c:/program files (x86)/microchip/xc32/v1.34/bin/bin/../../lib/gcc/pic32mx/4.5.2/../../../../pic32mx/lib\libpic32.a(vector3.o)
                              c:/program files (x86)/microchip/xc32/v1.34/bin/bin/../../lib/gcc/pic32mx/4.5.2/../../../../pic32mx/lib/./proc/32MX795F512L\default_isr_vectors.o (__vector_dispatch_3)
c:/program files (x86)/microchip/xc32/v1.34/bin/bin/../../lib/gcc/pic32mx/4.5.2/../../../../pic32mx/lib\libpic32.a(vector5.o)
                              c:/program files (x86)/microchip/xc32/v1.34/bin/bin/../../lib/gcc/pic32mx/4.5.2/../../../../pic32mx/lib/./proc/32MX795F512L\default_isr_vectors.o (__vector_dispatch_5)
c:/program files (x86)/microchip/xc32/v1.34/bin/bin/../../lib/gcc/pic32mx/4.5.2/../../../../pic32mx/lib\libpic32.a(vector6.o)
                              c:/program files (x86)/microchip/xc32/v1.34/bin/bin/../../lib/gcc/pic32mx/4.5.2/../../../../pic32mx/lib/./proc/32MX795F512L\default_isr_vectors.o (__vector_dispatch_6)
c:/program files (x86)/microchip/xc32/v1.34/bin/bin/../../lib/gcc/pic32mx/4.5.2/../../../../pic32mx/lib\libpic32.a(vector7.o)
                              c:/program files (x86)/microchip/xc32/v1.34/bin/bin/../../lib/gcc/pic32mx/4.5.2/../../../../pic32mx/lib/./proc/32MX795F512L\default_isr_vectors.o (__vector_dispatch_7)
c:/program files (x86)/microchip/xc32/v1.34/bin/bin/../../lib/gcc/pic32mx/4.5.2/../../../../pic32mx/lib\libpic32.a(vector8.o)
                              c:/program files (x86)/microchip/xc32/v1.34/bin/bin/../../lib/gcc/pic32mx/4.5.2/../../../../pic32mx/lib/./proc/32MX795F512L\default_isr_vectors.o (__vector_dispatch_8)
c:/program files (x86)/microchip/xc32/v1.34/bin/bin/../../lib/gcc/pic32mx/4.5.2/../../../../pic32mx/lib\libpic32.a(vector9.o)
[...]
Memory Configuration

Name             Origin             Length             Attributes
kseg0_data_mem   0x80000000         0x00000200
kseg1_data_mem   0xa0000000         0x00020000         w !x
kseg0_boot_mem   0x9fc00490         0x00000970
kseg1_boot_mem   0xbfc00000         0x00000490
kseg0_program_mem 0x9d000000         0x00080000         xr
exception_mem    0x9fc01000         0x00001000
debug_exec_mem   0xbfc02000         0x00000ff0
config3          0xbfc02ff0         0x00000004
config2          0xbfc02ff4         0x00000004
config1          0xbfc02ff8         0x00000004
config0          0xbfc02ffc         0x00000004
sfrs             0xbf800000         0x00100000
configsfrs       0xbfc02ff0         0x00000010
*default*        0x00000000         0xffffffff

Linker script and memory map


reserve_data_0_kseg0
                0x80000000      0x200
                0x80000000        0x2 SHORT 0x0
                0x000001fd                . = 0x1fd
 *fill*         0x80000002      0x1fb 
                0x80000200                . = ALIGN (0x4)
 *fill*         0x800001fd        0x3 

reserve_data_0_kseg1
                0xa0000000      0x200
                0xa0000000        0x2 SHORT 0x0
                0x000001fd                . = 0x1fd
 *fill*         0xa0000002      0x1fb 
                0xa0000200                . = ALIGN (0x4)
 *fill*         0xa00001fd        0x3 

reserve_boot_0x1fc02000_kseg0
                0x9fc02000      0xff0
                0x9fc02000        0x2 SHORT 0x0
                0x00000500                . = 0x500
 *fill*         0x9fc02002      0x4fe 
                0x9fc02500                . = ALIGN (0x4)
                0x9fc02500        0x2 SHORT 0x0
                0x00000ff0                . = 0xff0
 *fill*         0x9fc02502      0xaee 
                0x9fc02ff0                . = ALIGN (0x4)

reserve_boot_0x1fc02000_kseg1
                0xbfc02000      0xff0
                0xbfc02000        0x2 SHORT 0x0
                0x00000500                . = 0x500
 *fill*         0xbfc02002      0x4fe 
                0xbfc02500                . = ALIGN (0x4)
                0xbfc02500        0x2 SHORT 0x0
                0x00000ff0                . = 0xff0
 *fill*         0xbfc02502      0xaee 
                0xbfc02ff0                . = ALIGN (0x4)
LOAD c:/program files (x86)/microchip/xc32/v1.34/bin/bin/../../lib/gcc/pic32mx/4.5.2/../../../../pic32mx/lib/./proc/32MX795F512L/crt0_mips32r2.o
LOAD c:/program files (x86)/microchip/xc32/v1.34/bin/bin/../../lib/gcc/pic32mx/4.5.2/../../../../pic32mx/lib\software-debug-break.o
LOAD build/Max32/debug/_ext/1828036777/drv_spi_tasks.o
LOAD build/Max32/debug/_ext/1828036777/drv_spi_master_ebm_tasks.o
LOAD build/Max32/debug/_ext/382779083/sys_clk_static.o
LOAD build/Max32/debug/_ext/1285896379/sys_ports_static.o
LOAD build/Max32/debug/_ext/1467630164/system_init.o
LOAD build/Max32/debug/_ext/1467630164/system_interrupt.o
LOAD build/Max32/debug/_ext/1467630164/system_tasks.o
LOAD build/Max32/debug/_ext/1360937237/app.o
LOAD build/Max32/debug/_ext/1360937237/main.o
LOAD build/Max32/debug/_ext/1518502679/drv_spi.o
LOAD build/Max32/debug/_ext/1518502679/drv_spi_api.o
LOAD build/Max32/debug/_ext/2050271417/drv_spi_sys_queue_fifo.o
LOAD build/Max32/debug/_ext/1134902058/drv_tmr.o
LOAD build/Max32/debug/_ext/35725571/sys_devcon.o
LOAD build/Max32/debug/_ext/35725571/sys_devcon_pic32mx.o
LOAD build/Max32/debug/_ext/1707904131/sys_int_pic32.o
LOAD build/Max32/debug/_ext/1502646426/sys_ports.o
LOAD build/Max32/debug/_ext/1444933459/sys_tmr.o
LOAD build/Max32/debug/_ext/1568745167/GeneralExceptionHandler.o
LOAD ..\..\..\..\..\..\microchip\harmony\v1_03_01\bin\framework\peripheral\PIC32MX795F512L_peripherals.a
                0x00000001                __MPLAB_BUILD = 0x1
                0x00000001                __MPLAB_DEBUG = 0x1
                0x00000001                __DEBUG = 0x1
                0x00000001                __MPLAB_DEBUGGER_ICD3 = 0x1
                0x00000000                _min_heap_size = 0x0
LOAD c:/program files (x86)/microchip/xc32/v1.34/bin/bin/../../lib/gcc/pic32mx/4.5.2/../../../../pic32mx/lib/./proc/32MX795F512L\default_isr_vectors.o
LOAD c:/program files (x86)/microchip/xc32/v1.34/bin/bin/../../lib/gcc/pic32mx/4.5.2/../../../../pic32mx/lib\pic32_software_reset.o
                0x00000400                PROVIDE (_min_stack_size, 0x400)
LOAD c:/program files (x86)/microchip/xc32/v1.34/bin/bin/../../lib/gcc/pic32mx/4.5.2/../../../../pic32mx/lib/./proc/32MX795F512L\processor.o
START GROUP
LOAD c:/program files (x86)/microchip/xc32/v1.34/bin/bin/../../lib/gcc/pic32mx/4.5.2/../../../../pic32mx/lib\libmchp_peripheral.a
END GROUP
START GROUP
LOAD c:/program files (x86)/microchip/xc32/v1.34/bin/bin/../../lib/gcc/pic32mx/4.5.2/../../../../pic32mx/lib\libmchp_peripheral_32MX795F512L.a
END GROUP
                0x00000001                PROVIDE (_vector_spacing, 0x1)
                0x9fc01000                _ebase_address = 0x9fc01000
                0xbfc00000                _RESET_ADDR = 0xbfc00000
                0xbfc00380                _BEV_EXCPT_ADDR = 0xbfc00380
                0xbfc00480                _DBG_EXCPT_ADDR = 0xbfc00480
                0xbfc02000                _DBG_CODE_ADDR = 0xbfc02000
                0x00000ff0                _DBG_CODE_SIZE = 0xff0
                0x9fc01180                _GEN_EXCPT_ADDR = (_ebase_address + 0x180)

.config_BFC02FF0
                0xbfc02ff0        0x4
 *(.config_BFC02FF0)
 .config_BFC02FF0
                0xbfc02ff0        0x4 build/Max32/debug/_ext/1467630164/system_init.o

.config_BFC02FF4
                0xbfc02ff4        0x4
 *(.config_BFC02FF4)
 .config_BFC02FF4
                0xbfc02ff4        0x4 build/Max32/debug/_ext/1467630164/system_init.o

.config_BFC02FF8
                0xbfc02ff8        0x4
 *(.config_BFC02FF8)
 .config_BFC02FF8
                0xbfc02ff8        0x4 build/Max32/debug/_ext/1467630164/system_init.o

.config_BFC02FFC
                0xbfc02ffc        0x4
 *(.config_BFC02FFC)
 .config_BFC02FFC
                0xbfc02ffc        0x4 build/Max32/debug/_ext/1467630164/system_init.o
                0xbfc02000                PROVIDE (_DBG_CODE_ADDR, 0xbfc02000)
                0x00000ff0                PROVIDE (_DBG_CODE_SIZE, 0xff0)

.reset          0xbfc00000      0x1f0
 *(.reset)
 .reset         0xbfc00000        0x8 c:/program files (x86)/microchip/xc32/v1.34/bin/bin/../../lib/gcc/pic32mx/4.5.2/../../../../pic32mx/lib/./proc/32MX795F512L/crt0_mips32r2.o
                0xbfc00000                _reset
 *(.reset.startup)
 .reset.startup
                0xbfc00008      0x1e8 c:/program files (x86)/microchip/xc32/v1.34/bin/bin/../../lib/gcc/pic32mx/4.5.2/../../../../pic32mx/lib/./proc/32MX795F512L/crt0_mips32r2.o

.bev_excpt      0xbfc00380       0x10
 *(.bev_handler)
 .bev_handler   0xbfc00380       0x10 c:/program files (x86)/microchip/xc32/v1.34/bin/bin/../../lib/gcc/pic32mx/4.5.2/../../../../pic32mx/lib/./proc/32MX795F512L/crt0_mips32r2.o

.dbg_excpt      0xbfc00480        0x0
                0xbfc00480                . = (. + DEFINED (_DEBUGGER)?0x8:0x0)

.dbg_code       0xbfc02000        0x0
                0xbfc02000                . = (. + DEFINED (_DEBUGGER)?_DBG_CODE_SIZE:0x0)

.app_excpt      0x9fc01180       0x10
 *(.gen_handler)
 .gen_handler   0x9fc01180       0x10 c:/program files (x86)/microchip/xc32/v1.34/bin/bin/../../lib/gcc/pic32mx/4.5.2/../../../../pic32mx/lib/./proc/32MX795F512L/crt0_mips32r2.o

.vector_0       0x9fc01200        0x8
 *(.vector_0)
 .vector_0      0x9fc01200        0x8 c:/program files (x86)/microchip/xc32/v1.34/bin/bin/../../lib/gcc/pic32mx/4.5.2/../../../../pic32mx/lib\libpic32.a(vector0.o)
                0x9fc01200                __vector_dispatch_0
                0x00000001                ASSERT (((_vector_spacing == 0x0) || (SIZEOF (.vector_0) <= (_vector_spacing << 0x5))), function at exception vector 0 too large)

.vector_1       0x9fc01220        0x8
 *(.vector_1)
 .vector_1      0x9fc01220        0x8 c:/program files (x86)/microchip/xc32/v1.34/bin/bin/../../lib/gcc/pic32mx/4.5.2/../../../../pic32mx/lib\libpic32.a(vector1.o)
                0x9fc01220                __vector_dispatch_1
                0x00000001                ASSERT (((_vector_spacing == 0x0) || (SIZEOF (.vector_1) <= (_vector_spacing << 0x5))), function at exception vector 1 too large)

.vector_2       0x9fc01240        0x8
 *(.vector_2)
 .vector_2      0x9fc01240        0x8 c:/program files (x86)/microchip/xc32/v1.34/bin/bin/../../lib/gcc/pic32mx/4.5.2/../../../../pic32mx/lib\libpic32.a(vector2.o)
                0x9fc01240                __vector_dispatch_2
                0x00000001                ASSERT (((_vector_spacing == 0x0) || (SIZEOF (.vector_2) <= (_vector_spacing << 0x5))), function at exception vector 2 too large)

.vector_3       0x9fc01260        0x8
 *(.vector_3)
 .vector_3      0x9fc01260        0x8 c:/program files (x86)/microchip/xc32/v1.34/bin/bin/../../lib/gcc/pic32mx/4.5.2/../../../../pic32mx/lib\libpic32.a(vector3.o)
                0x9fc01260                __vector_dispatch_3
                0x00000001                ASSERT (((_vector_spacing == 0x0) || (SIZEOF (.vector_3) <= (_vector_spacing << 0x5))), function at exception vector 3 too large)

.vector_4       0x9fc01280        0x8
 *(.vector_4)
 .vector_4      0x9fc01280        0x8 build/Max32/debug/_ext/1467630164/system_interrupt.o
                0x9fc01280                __vector_dispatch_4
                0x00000001                ASSERT (((_vector_spacing == 0x0) || (SIZEOF (.vector_4) <= (_vector_spacing << 0x5))), function at exception vector 4 too large)

.vector_5       0x9fc012a0        0x8
 *(.vector_5)
 .vector_5      0x9fc012a0        0x8 c:/program files (x86)/microchip/xc32/v1.34/bin/bin/../../lib/gcc/pic32mx/4.5.2/../../../../pic32mx/lib\libpic32.a(vector5.o)
                0x9fc012a0                __vector_dispatch_5
                0x00000001                ASSERT (((_vector_spacing == 0x0) || (SIZEOF (.vector_5) <= (_vector_spacing << 0x5))), function at exception vector 5 too large)

.vector_6       0x9fc012c0        0x8
 *(.vector_6)
 .vector_6      0x9fc012c0        0x8 c:/program files (x86)/microchip/xc32/v1.34/bin/bin/../../lib/gcc/pic32mx/4.5.2/../../../../pic32mx/lib\libpic32.a(vector6.o)
                0x9fc012c0                __vector_dispatch_6
                0x00000001                ASSERT (((_vector_spacing == 0x0) || (SIZEOF (.vector_6) <= (_vector_spacing << 0x5))), function at exception vector 6 too large)

.vector_7       0x9fc012e0        0x8
 *(.vector_7)
 .vector_7      0x9fc012e0        0x8 c:/program files (x86)/microchip/xc32/v1.34/bin/bin/../../lib/gcc/pic32mx/4.5.2/../../../../pic32mx/lib\libpic32.a(vector7.o)
                0x9fc012e0                __vector_dispatch_7
                0x00000001                ASSERT (((_vector_spacing == 0x0) || (SIZEOF (.vector_7) <= (_vector_spacing << 0x5))), function at exception vector 7 too large)

.vector_8       0x9fc01300        0x8
 *(.vector_8)
 .vector_8      0x9fc01300        0x8 c:/program files (x86)/microchip/xc32/v1.34/bin/bin/../../lib/gcc/pic32mx/4.5.2/../../../../pic32mx/lib\libpic32.a(vector8.o)
                0x9fc01300                __vector_dispatch_8
                0x00000001                ASSERT (((_vector_spacing == 0x0) || (SIZEOF (.vector_8) <= (_vector_spacing << 0x5))), function at exception vector 8 too large)

.vector_9       0x9fc01320        0x8
 *(.vector_9)
 .vector_9      0x9fc01320        0x8 c:/program files (x86)/microchip/xc32/v1.34/bin/bin/../../lib/gcc/pic32mx/4.5.2/../../../../pic32mx/lib\libpic32.a(vector9.o)
                0x9fc01320                __vector_dispatch_9
                0x00000001                ASSERT (((_vector_spacing == 0x0) || (SIZEOF (.vector_9) <= (_vector_spacing << 0x5))), function at exception vector 9 too large)

.vector_10      0x9fc01340        0x8
 *(.vector_10)
 .vector_10     0x9fc01340        0x8 c:/program files (x86)/microchip/xc32/v1.34/bin/bin/../../lib/gcc/pic32mx/4.5.2/../../../../pic32mx/lib\libpic32.a(vector10.o)
                0x9fc01340                __vector_dispatch_10
                0x00000001                ASSERT (((_vector_spacing == 0x0) || (SIZEOF (.vector_10) <= (_vector_spacing << 0x5))), function at exception vector 10 too large)

.vector_11      0x9fc01360        0x8
 *(.vector_11)
 .vector_11     0x9fc01360        0x8 c:/program files (x86)/microchip/xc32/v1.34/bin/bin/../../lib/gcc/pic32mx/4.5.2/../../../../pic32mx/lib\libpic32.a(vector11.o)
                0x9fc01360                __vector_dispatch_11
                0x00000001                ASSERT (((_vector_spacing == 0x0) || (SIZEOF (.vector_11) <= (_vector_spacing << 0x5))), function at exception vector 11 too large)

.vector_12      0x9fc01380        0x8
 *(.vector_12)
 .vector_12     0x9fc01380        0x8 c:/program files (x86)/microchip/xc32/v1.34/bin/bin/../../lib/gcc/pic32mx/4.5.2/../../../../pic32mx/lib\libpic32.a(vector12.o)
                0x9fc01380                __vector_dispatch_12
                0x00000001                ASSERT (((_vector_spacing == 0x0) || (SIZEOF (.vector_12) <= (_vector_spacing << 0x5))), function at exception vector 12 too large)

.vector_13      0x9fc013a0        0x8
 *(.vector_13)
 .vector_13     0x9fc013a0        0x8 c:/program files (x86)/microchip/xc32/v1.34/bin/bin/../../lib/gcc/pic32mx/4.5.2/../../../../pic32mx/lib\libpic32.a(vector13.o)
                0x9fc013a0                __vector_dispatch_13
                0x00000001                ASSERT (((_vector_spacing == 0x0) || (SIZEOF (.vector_13) <= (_vector_spacing << 0x5))), function at exception vector 13 too large)

.vector_14      0x9fc013c0        0x8
 *(.vector_14)
 .vector_14     0x9fc013c0        0x8 c:/program files (x86)/microchip/xc32/v1.34/bin/bin/../../lib/gcc/pic32mx/4.5.2/../../../../pic32mx/lib\libpic32.a(vector14.o)
                0x9fc013c0                __vector_dispatch_14
                0x00000001                ASSERT (((_vector_spacing == 0x0) || (SIZEOF (.vector_14) <= (_vector_spacing << 0x5))), function at exception vector 14 too large)

.vector_15      0x9fc013e0        0x8
 *(.vector_15)
 .vector_15     0x9fc013e0        0x8 c:/program files (x86)/microchip/xc32/v1.34/bin/bin/../../lib/gcc/pic32mx/4.5.2/../../../../pic32mx/lib\libpic32.a(vector15.o)
                0x9fc013e0                __vector_dispatch_15
                0x00000001                ASSERT (((_vector_spacing == 0x0) || (SIZEOF (.vector_15) <= (_vector_spacing << 0x5))), function at exception vector 15 too large)

.vector_16      0x9fc01400        0x8
 *(.vector_16)
 .vector_16     0x9fc01400        0x8 c:/program files (x86)/microchip/xc32/v1.34/bin/bin/../../lib/gcc/pic32mx/4.5.2/../../../../pic32mx/lib\libpic32.a(vector16.o)
                0x9fc01400                __vector_dispatch_16
                0x00000001                ASSERT (((_vector_spacing == 0x0) || (SIZEOF (.vector_16) <= (_vector_spacing << 0x5))), function at exception vector 16 too large)

.vector_17      0x9fc01420        0x8
 *(.vector_17)
 .vector_17     0x9fc01420        0x8 c:/program files (x86)/microchip/xc32/v1.34/bin/bin/../../lib/gcc/pic32mx/4.5.2/../../../../pic32mx/lib\libpic32.a(vector17.o)
                0x9fc01420                __vector_dispatch_17
                0x00000001                ASSERT (((_vector_spacing == 0x0) || (SIZEOF (.vector_17) <= (_vector_spacing << 0x5))), function at exception vector 17 too large)

.vector_18      0x9fc01440        0x8
 *(.vector_18)
 .vector_18     0x9fc01440        0x8 c:/program files (x86)/microchip/xc32/v1.34/bin/bin/../../lib/gcc/pic32mx/4.5.2/../../../../pic32mx/lib\libpic32.a(vector18.o)
                0x9fc01440                __vector_dispatch_18
                0x00000001                ASSERT (((_vector_spacing == 0x0) || (SIZEOF (.vector_18) <= (_vector_spacing << 0x5))), function at exception vector 18 too large)

.vector_19      0x9fc01460        0x8
 *(.vector_19)
 .vector_19     0x9fc01460        0x8 c:/program files (x86)/microchip/xc32/v1.34/bin/bin/../../lib/gcc/pic32mx/4.5.2/../../../../pic32mx/lib\libpic32.a(vector19.o)
                0x9fc01460                __vector_dispatch_19
                0x00000001                ASSERT (((_vector_spacing == 0x0) || (SIZEOF (.vector_19) <= (_vector_spacing << 0x5))), function at exception vector 19 too large)

.vector_20      0x9fc01480        0x8
 *(.vector_20)
 .vector_20     0x9fc01480        0x8 c:/program files (x86)/microchip/xc32/v1.34/bin/bin/../../lib/gcc/pic32mx/4.5.2/../../../../pic32mx/lib\libpic32.a(vector20.o)
                0x9fc01480                __vector_dispatch_20
                0x00000001                ASSERT (((_vector_spacing == 0x0) || (SIZEOF (.vector_20) <= (_vector_spacing << 0x5))), function at exception vector 20 too large)

.vector_21      0x9fc014a0        0x8
 *(.vector_21)
 .vector_21     0x9fc014a0        0x8 c:/program files (x86)/microchip/xc32/v1.34/bin/bin/../../lib/gcc/pic32mx/4.5.2/../../../../pic32mx/lib\libpic32.a(vector21.o)
                0x9fc014a0                __vector_dispatch_21
                0x00000001                ASSERT (((_vector_spacing == 0x0) || (SIZEOF (.vector_21) <= (_vector_spacing << 0x5))), function at exception vector 21 too large)

.vector_22      0x9fc014c0        0x8
 *(.vector_22)
 .vector_22     0x9fc014c0        0x8 c:/program files (x86)/microchip/xc32/v1.34/bin/bin/../../lib/gcc/pic32mx/4.5.2/../../../../pic32mx/lib\libpic32.a(vector22.o)
                0x9fc014c0                __vector_dispatch_22
                0x00000001                ASSERT (((_vector_spacing == 0x0) || (SIZEOF (.vector_22) <= (_vector_spacing << 0x5))), function at exception vector 22 too large)

.vector_23      0x9fc014e0        0x8
 *(.vector_23)
 .vector_23     0x9fc014e0        0x8 c:/program files (x86)/microchip/xc32/v1.34/bin/bin/../../lib/gcc/pic32mx/4.5.2/../../../../pic32mx/lib\libpic32.a(vector23.o)
                0x9fc014e0                __vector_dispatch_23
                0x00000001                ASSERT (((_vector_spacing == 0x0) || (SIZEOF (.vector_23) <= (_vector_spacing << 0x5))), function at exception vector 23 too large)

.vector_24      0x9fc01500        0x8
 *(.vector_24)
 .vector_24     0x9fc01500        0x8 c:/program files (x86)/microchip/xc32/v1.34/bin/bin/../../lib/gcc/pic32mx/4.5.2/../../../../pic32mx/lib\libpic32.a(vector24.o)
                0x9fc01500                __vector_dispatch_24
                0x00000001                ASSERT (((_vector_spacing == 0x0) || (SIZEOF (.vector_24) <= (_vector_spacing << 0x5))), function at exception vector 24 too large)

.vector_25      0x9fc01520        0x8
 *(.vector_25)
 .vector_25     0x9fc01520        0x8 c:/program files (x86)/microchip/xc32/v1.34/bin/bin/../../lib/gcc/pic32mx/4.5.2/../../../../pic32mx/lib\libpic32.a(vector25.o)
                0x9fc01520                __vector_dispatch_25
                0x00000001                ASSERT (((_vector_spacing == 0x0) || (SIZEOF (.vector_25) <= (_vector_spacing << 0x5))), function at exception vector 25 too large)

.vector_26      0x9fc01540        0x8
 *(.vector_26)
 .vector_26     0x9fc01540        0x8 c:/program files (x86)/microchip/xc32/v1.34/bin/bin/../../lib/gcc/pic32mx/4.5.2/../../../../pic32mx/lib\libpic32.a(vector26.o)
                0x9fc01540                __vector_dispatch_26
                0x00000001                ASSERT (((_vector_spacing == 0x0) || (SIZEOF (.vector_26) <= (_vector_spacing << 0x5))), function at exception vector 26 too large)

.vector_27      0x9fc01560        0x8
 *(.vector_27)
 .vector_27     0x9fc01560        0x8 c:/program files (x86)/microchip/xc32/v1.34/bin/bin/../../lib/gcc/pic32mx/4.5.2/../../../../pic32mx/lib\libpic32.a(vector27.o)
                0x9fc01560                __vector_dispatch_27
                0x00000001                ASSERT (((_vector_spacing == 0x0) || (SIZEOF (.vector_27) <= (_vector_spacing << 0x5))), function at exception vector 27 too large)

.vector_28      0x9fc01580        0x8
 *(.vector_28)
 .vector_28     0x9fc01580        0x8 c:/program files (x86)/microchip/xc32/v1.34/bin/bin/../../lib/gcc/pic32mx/4.5.2/../../../../pic32mx/lib\libpic32.a(vector28.o)
                0x9fc01580                __vector_dispatch_28
                0x00000001                ASSERT (((_vector_spacing == 0x0) || (SIZEOF (.vector_28) <= (_vector_spacing << 0x5))), function at exception vector 28 too large)

.vector_29      0x9fc015a0        0x8
 *(.vector_29)
 .vector_29     0x9fc015a0        0x8 c:/program files (x86)/microchip/xc32/v1.34/bin/bin/../../lib/gcc/pic32mx/4.5.2/../../../../pic32mx/lib\libpic32.a(vector29.o)
                0x9fc015a0                __vector_dispatch_29
                0x00000001                ASSERT (((_vector_spacing == 0x0) || (SIZEOF (.vector_29) <= (_vector_spacing << 0x5))), function at exception vector 29 too large)

.vector_30      0x9fc015c0        0x8
 *(.vector_30)
 .vector_30     0x9fc015c0        0x8 c:/program files (x86)/microchip/xc32/v1.34/bin/bin/../../lib/gcc/pic32mx/4.5.2/../../../../pic32mx/lib\libpic32.a(vector30.o)
                0x9fc015c0                __vector_dispatch_30
                0x00000001                ASSERT (((_vector_spacing == 0x0) || (SIZEOF (.vector_30) <= (_vector_spacing << 0x5))), function at exception vector 30 too large)

.vector_31      0x9fc015e0        0x8
 *(.vector_31)
 .vector_31     0x9fc015e0        0x8 build/Max32/debug/_ext/1467630164/system_interrupt.o
                0x9fc015e0                __vector_dispatch_31
                0x00000001                ASSERT (((_vector_spacing == 0x0) || (SIZEOF (.vector_31) <= (_vector_spacing << 0x5))), function at exception vector 31 too large)

.vector_32      0x9fc01600        0x8
 *(.vector_32)
 .vector_32     0x9fc01600        0x8 c:/program files (x86)/microchip/xc32/v1.34/bin/bin/../../lib/gcc/pic32mx/4.5.2/../../../../pic32mx/lib\libpic32.a(vector32.o)
                0x9fc01600                __vector_dispatch_32
                0x00000001                ASSERT (((_vector_spacing == 0x0) || (SIZEOF (.vector_32) <= (_vector_spacing << 0x5))), function at exception vector 32 too large)

.vector_33      0x9fc01620        0x8
 *(.vector_33)
 .vector_33     0x9fc01620        0x8 c:/program files (x86)/microchip/xc32/v1.34/bin/bin/../../lib/gcc/pic32mx/4.5.2/../../../../pic32mx/lib\libpic32.a(vector33.o)
                0x9fc01620                __vector_dispatch_33
                0x00000001                ASSERT (((_vector_spacing == 0x0) || (SIZEOF (.vector_33) <= (_vector_spacing << 0x5))), function at exception vector 33 too large)

.vector_34      0x9fc01640        0x8
 *(.vector_34)
 .vector_34     0x9fc01640        0x8 c:/program files (x86)/microchip/xc32/v1.34/bin/bin/../../lib/gcc/pic32mx/4.5.2/../../../../pic32mx/lib\libpic32.a(vector34.o)
                0x9fc01640                __vector_dispatch_34
                0x00000001                ASSERT (((_vector_spacing == 0x0) || (SIZEOF (.vector_34) <= (_vector_spacing << 0x5))), function at exception vector 34 too large)

.vector_35      0x9fc01660        0x8
 *(.vector_35)
 .vector_35     0x9fc01660        0x8 c:/program files (x86)/microchip/xc32/v1.34/bin/bin/../../lib/gcc/pic32mx/4.5.2/../../../../pic32mx/lib\libpic32.a(vector35.o)
                0x9fc01660                __vector_dispatch_35
                0x00000001                ASSERT (((_vector_spacing == 0x0) || (SIZEOF (.vector_35) <= (_vector_spacing << 0x5))), function at exception vector 35 too large)

.vector_36      0x9fc01680        0x8
 *(.vector_36)
 .vector_36     0x9fc01680        0x8 c:/program files (x86)/microchip/xc32/v1.34/bin/bin/../../lib/gcc/pic32mx/4.5.2/../../../../pic32mx/lib\libpic32.a(vector36.o)
                0x9fc01680                __vector_dispatch_36
                0x00000001                ASSERT (((_vector_spacing == 0x0) || (SIZEOF (.vector_36) <= (_vector_spacing << 0x5))), function at exception vector 36 too large)

.vector_37      0x9fc016a0        0x8
 *(.vector_37)
 .vector_37     0x9fc016a0        0x8 c:/program files (x86)/microchip/xc32/v1.34/bin/bin/../../lib/gcc/pic32mx/4.5.2/../../../../pic32mx/lib\libpic32.a(vector37.o)
                0x9fc016a0                __vector_dispatch_37
                0x00000001                ASSERT (((_vector_spacing == 0x0) || (SIZEOF (.vector_37) <= (_vector_spacing << 0x5))), function at exception vector 37 too large)

.vector_38      0x9fc016c0        0x8
 *(.vector_38)
 .vector_38     0x9fc016c0        0x8 c:/program files (x86)/microchip/xc32/v1.34/bin/bin/../../lib/gcc/pic32mx/4.5.2/../../../../pic32mx/lib\libpic32.a(vector38.o)
                0x9fc016c0                __vector_dispatch_38
                0x00000001                ASSERT (((_vector_spacing == 0x0) || (SIZEOF (.vector_38) <= (_vector_spacing << 0x5))), function at exception vector 38 too large)

.vector_39      0x9fc016e0        0x8
 *(.vector_39)
 .vector_39     0x9fc016e0        0x8 c:/program files (x86)/microchip/xc32/v1.34/bin/bin/../../lib/gcc/pic32mx/4.5.2/../../../../pic32mx/lib\libpic32.a(vector39.o)
                0x9fc016e0                __vector_dispatch_39
                0x00000001                ASSERT (((_vector_spacing == 0x0) || (SIZEOF (.vector_39) <= (_vector_spacing << 0x5))), function at exception vector 39 too large)

.vector_40      0x9fc01700        0x8
 *(.vector_40)
 .vector_40     0x9fc01700        0x8 c:/program files (x86)/microchip/xc32/v1.34/bin/bin/../../lib/gcc/pic32mx/4.5.2/../../../../pic32mx/lib\libpic32.a(vector40.o)
                0x9fc01700                __vector_dispatch_40
                0x00000001                ASSERT (((_vector_spacing == 0x0) || (SIZEOF (.vector_40) <= (_vector_spacing << 0x5))), function at exception vector 40 too large)

.vector_41      0x9fc01720        0x8
 *(.vector_41)
 .vector_41     0x9fc01720        0x8 c:/program files (x86)/microchip/xc32/v1.34/bin/bin/../../lib/gcc/pic32mx/4.5.2/../../../../pic32mx/lib\libpic32.a(vector41.o)
                0x9fc01720                __vector_dispatch_41
                0x00000001                ASSERT (((_vector_spacing == 0x0) || (SIZEOF (.vector_41) <= (_vector_spacing << 0x5))), function at exception vector 41 too large)

.vector_42      0x9fc01740        0x8
 *(.vector_42)
 .vector_42     0x9fc01740        0x8 c:/program files (x86)/microchip/xc32/v1.34/bin/bin/../../lib/gcc/pic32mx/4.5.2/../../../../pic32mx/lib\libpic32.a(vector42.o)
                0x9fc01740                __vector_dispatch_42
                0x00000001                ASSERT (((_vector_spacing == 0x0) || (SIZEOF (.vector_42) <= (_vector_spacing << 0x5))), function at exception vector 42 too large)

.vector_43      0x9fc01760        0x8
 *(.vector_43)
 .vector_43     0x9fc01760        0x8 c:/program files (x86)/microchip/xc32/v1.34/bin/bin/../../lib/gcc/pic32mx/4.5.2/../../../../pic32mx/lib\libpic32.a(vector43.o)
                0x9fc01760                __vector_dispatch_43
                0x00000001                ASSERT (((_vector_spacing == 0x0) || (SIZEOF (.vector_43) <= (_vector_spacing << 0x5))), function at exception vector 43 too large)

.vector_44      0x9fc01780        0x8
 *(.vector_44)
 .vector_44     0x9fc01780        0x8 c:/program files (x86)/microchip/xc32/v1.34/bin/bin/../../lib/gcc/pic32mx/4.5.2/../../../../pic32mx/lib\libpic32.a(vector44.o)
                0x9fc01780                __vector_dispatch_44
                0x00000001                ASSERT (((_vector_spacing == 0x0) || (SIZEOF (.vector_44) <= (_vector_spacing << 0x5))), function at exception vector 44 too large)

.vector_45      0x9fc017a0        0x8
 *(.vector_45)
 .vector_45     0x9fc017a0        0x8 c:/program files (x86)/microchip/xc32/v1.34/bin/bin/../../lib/gcc/pic32mx/4.5.2/../../../../pic32mx/lib\libpic32.a(vector45.o)
                0x9fc017a0                __vector_dispatch_45
                0x00000001                ASSERT (((_vector_spacing == 0x0) || (SIZEOF (.vector_45) <= (_vector_spacing << 0x5))), function at exception vector 45 too large)

.vector_46      0x9fc017c0        0x8
 *(.vector_46)
 .vector_46     0x9fc017c0        0x8 c:/program files (x86)/microchip/xc32/v1.34/bin/bin/../../lib/gcc/pic32mx/4.5.2/../../../../pic32mx/lib\libpic32.a(vector46.o)
                0x9fc017c0                __vector_dispatch_46
                0x00000001                ASSERT (((_vector_spacing == 0x0) || (SIZEOF (.vector_46) <= (_vector_spacing << 0x5))), function at exception vector 46 too large)

.vector_47      0x9fc017e0        0x8
 *(.vector_47)
 .vector_47     0x9fc017e0        0x8 c:/program files (x86)/microchip/xc32/v1.34/bin/bin/../../lib/gcc/pic32mx/4.5.2/../../../../pic32mx/lib\libpic32.a(vector47.o)
                0x9fc017e0                __vector_dispatch_47
                0x00000001                ASSERT (((_vector_spacing == 0x0) || (SIZEOF (.vector_47) <= (_vector_spacing << 0x5))), function at exception vector 47 too large)

.vector_48      0x9fc01800        0x8
 *(.vector_48)
 .vector_48     0x9fc01800        0x8 c:/program files (x86)/microchip/xc32/v1.34/bin/bin/../../lib/gcc/pic32mx/4.5.2/../../../../pic32mx/lib\libpic32.a(vector48.o)
                0x9fc01800                __vector_dispatch_48
                0x00000001                ASSERT (((_vector_spacing == 0x0) || (SIZEOF (.vector_48) <= (_vector_spacing << 0x5))), function at exception vector 48 too large)

.vector_49      0x9fc01820        0x8
 *(.vector_49)
 .vector_49     0x9fc01820        0x8 c:/program files (x86)/microchip/xc32/v1.34/bin/bin/../../lib/gcc/pic32mx/4.5.2/../../../../pic32mx/lib\libpic32.a(vector49.o)
                0x9fc01820                __vector_dispatch_49
                0x00000001                ASSERT (((_vector_spacing == 0x0) || (SIZEOF (.vector_49) <= (_vector_spacing << 0x5))), function at exception vector 49 too large)

.vector_50      0x9fc01840        0x8
 *(.vector_50)
 .vector_50     0x9fc01840        0x8 c:/program files (x86)/microchip/xc32/v1.34/bin/bin/../../lib/gcc/pic32mx/4.5.2/../../../../pic32mx/lib\libpic32.a(vector50.o)
                0x9fc01840                __vector_dispatch_50
                0x00000001                ASSERT (((_vector_spacing == 0x0) || (SIZEOF (.vector_50) <= (_vector_spacing << 0x5))), function at exception vector 50 too large)

.vector_51      0x9fc01860        0x8
 *(.vector_51)
 .vector_51     0x9fc01860        0x8 c:/program files (x86)/microchip/xc32/v1.34/bin/bin/../../lib/gcc/pic32mx/4.5.2/../../../../pic32mx/lib\libpic32.a(vector51.o)
                0x9fc01860                __vector_dispatch_51
                0x00000001                ASSERT (((_vector_spacing == 0x0) || (SIZEOF (.vector_51) <= (_vector_spacing << 0x5))), function at exception vector 51 too large)

.vector_52      0x9fc01880        0x0
 *(.vector_52)
                0x00000001                ASSERT (((_vector_spacing == 0x0) || (SIZEOF (.vector_52) <= (_vector_spacing << 0x5))), function at exception vector 52 too large)

.vector_53      0x9fc018a0        0x0
 *(.vector_53)
                0x00000001                ASSERT (((_vector_spacing == 0x0) || (SIZEOF (.vector_53) <= (_vector_spacing << 0x5))), function at exception vector 53 too large)

.vector_54      0x9fc018c0        0x0
 *(.vector_54)
                0x00000001                ASSERT (((_vector_spacing == 0x0) || (SIZEOF (.vector_54) <= (_vector_spacing << 0x5))), function at exception vector 54 too large)

.vector_55      0x9fc018e0        0x0
 *(.vector_55)
                0x00000001                ASSERT (((_vector_spacing == 0x0) || (SIZEOF (.vector_55) <= (_vector_spacing << 0x5))), function at exception vector 55 too large)

.vector_56      0x9fc01900        0x0
 *(.vector_56)
                0x00000001                ASSERT (((_vector_spacing == 0x0) || (SIZEOF (.vector_56) <= (_vector_spacing << 0x5))), function at exception vector 56 too large)

.vector_57      0x9fc01920        0x0
 *(.vector_57)
                0x00000001                ASSERT (((_vector_spacing == 0x0) || (SIZEOF (.vector_57) <= (_vector_spacing << 0x5))), function at exception vector 57 too large)

.vector_58      0x9fc01940        0x0
 *(.vector_58)
                0x00000001                ASSERT (((_vector_spacing == 0x0) || (SIZEOF (.vector_58) <= (_vector_spacing << 0x5))), function at exception vector 58 too large)

.vector_59      0x9fc01960        0x0
 *(.vector_59)
                0x00000001                ASSERT (((_vector_spacing == 0x0) || (SIZEOF (.vector_59) <= (_vector_spacing << 0x5))), function at exception vector 59 too large)

.vector_60      0x9fc01980        0x0
 *(.vector_60)
                0x00000001                ASSERT (((_vector_spacing == 0x0) || (SIZEOF (.vector_60) <= (_vector_spacing << 0x5))), function at exception vector 60 too large)

.vector_61      0x9fc019a0        0x0
 *(.vector_61)
                0x00000001                ASSERT (((_vector_spacing == 0x0) || (SIZEOF (.vector_61) <= (_vector_spacing << 0x5))), function at exception vector 61 too large)

.vector_62      0x9fc019c0        0x0
 *(.vector_62)
                0x00000001                ASSERT (((_vector_spacing == 0x0) || (SIZEOF (.vector_62) <= (_vector_spacing << 0x5))), function at exception vector 62 too large)

.vector_63      0x9fc019e0        0x0
 *(.vector_63)
                0x00000001                ASSERT (((_vector_spacing == 0x0) || (SIZEOF (.vector_63) <= (_vector_spacing << 0x5))), function at exception vector 63 too large)

.startup
 *(.startup)

.text           0x9d000000        0x0
 *(.stub .gnu.linkonce.t.*)
 *(.text.*personality*)
 *(.mips16.fn.*)
 *(.mips16.call.*)
 *(.gnu.warning)
                0x9d000000                . = ALIGN (0x4)

.init           0x9d000000        0x0
 *crti.o(.init)
 *crtbegin.o(.init)
 *(EXCLUDE_FILE(*crtn.o *crtend?.o *crtend.o) .init)
 *crtend.o(.init)
 *crtn.o(.init)
                0x9d000000                . = ALIGN (0x4)

.fini           0x9d000000        0x0
 *(.fini)
                0x9d000000                . = ALIGN (0x4)

.preinit_array  0x9d000000        0x0
                0x9d000000                PROVIDE (__preinit_array_start, .)
 *(.preinit_array)
                0x9d000000                PROVIDE (__preinit_array_end, .)
                0x9d000000                . = ALIGN (0x4)

.init_array     0x9d000000        0x0
                0x9d000000                PROVIDE (__init_array_start, .)
 *(SORT(.init_array.*))
 *(.init_array)
                0x9d000000                PROVIDE (__init_array_end, .)
                0x9d000000                . = ALIGN (0x4)

.fini_array     0x9d000000        0x0
                0x9d000000                PROVIDE (__fini_array_start, .)
 *(SORT(.fini_array.*))
 *(.fini_array)
                0x9d000000                PROVIDE (__fini_array_end, .)
                0x9d000000                . = ALIGN (0x4)

.ctors          0x9d000000        0x0
 *crtbegin.o(.ctors)
 *crtbegin?.o(.ctors)
 *(EXCLUDE_FILE(*crtend?.o *crtend.o) .ctors)
 *(SORT(.ctors.*))
 *(.ctors)
                0x9d000000                . = ALIGN (0x4)

.dtors          0x9d000000        0x0
 *crtbegin.o(.dtors)
 *crtbegin?.o(.dtors)
 *(EXCLUDE_FILE(*crtend?.o *crtend.o) .dtors)
 *(SORT(.dtors.*))
 *(.dtors)
                0x9d000000                . = ALIGN (0x4)

.rodata         0x9d000000        0x0
 *(.gnu.linkonce.r.*)
 *(.rodata1)
                0x9d000000                . = ALIGN (0x4)

.sdata2         0x9fc00490        0x0
 *(.sdata2 .sdata2.* .gnu.linkonce.s2.*)
                0x9fc00490                . = ALIGN (0x4)

.sbss2          0x9fc00490        0x0
 *(.sbss2 .sbss2.* .gnu.linkonce.sb2.*)
                0x9fc00490                . = ALIGN (0x4)

.eh_frame_hdr
 *(.eh_frame_hdr)
                0x9fc00490                . = ALIGN (0x4)

.eh_frame
 *(.eh_frame)
                0x9fc00490                . = ALIGN (0x4)

.gcc_except_table
 *(.gcc_except_table .gcc_except_table.*)
                0x9fc00490                . = ALIGN (0x4)

.dbg_data       0xa0000200        0x0
                0xa0000200                . = (. + DEFINED (_DEBUGGER)?0x200:0x0)

.jcr            0xa0000200        0x0
 *(.jcr)
                0xa0000200                . = ALIGN (0x4)

.eh_frame       0xa0000200        0x0
 *(.eh_frame)
 .eh_frame      0xa0000200        0x0 c:/program files (x86)/microchip/xc32/v1.34/bin/bin/../../lib/gcc/pic32mx/4.5.2\libgcc.a(_udivdi3.o)
                                 0x20 (size before relaxing)
                0xa0000200                . = ALIGN (0x4)

.gcc_except_table
 *(.gcc_except_table .gcc_except_table.*)
                0xa0000200                . = ALIGN (0x4)

.persist        0xa0000200        0x0
                0xa0000200                _persist_begin = .
 *(.persist .persist.*)
 *(.pbss .pbss.*)
                0xa0000200                . = ALIGN (0x4)
                0xa0000200                _persist_end = .

.data           0xa0000200        0x0
 *(.gnu.linkonce.d.*)
 *(.data1)
                0xa0000200                . = ALIGN (0x4)
                0xa0000200                . = .
                0xa00081f0                _gp = (ALIGN (0x10) + 0x7ff0)

.got            0xa0000200        0x0
 *(.got.plt)
 *(.got)
                0xa0000200                . = ALIGN (0x4)

.sdata          0xa0000200        0x0
                0xa0000200                _sdata_begin = .
 *(.sdata .sdata.* .gnu.linkonce.s.*)
                0xa0000200                . = ALIGN (0x4)
                0xa0000200                _sdata_end = .

.lit8
 *(.lit8)

.lit4
 *(.lit4)
                0xa0000200                . = ALIGN (0x4)
                0xa0000200                _data_end = .
                0xa0000200                _bss_begin = .

.sbss           0xa0000200       0x20
                0xa0000200                _sbss_begin = .
 *(.dynsbss)
 *(.sbss .sbss.* .gnu.linkonce.sb.*)
 .sbss          0xa0000200        0x8 build/Max32/debug/_ext/1360937237/app.o
 .sbss          0xa0000208        0x1 build/Max32/debug/_ext/1518502679/drv_spi.o
 *fill*         0xa0000209        0x3 
 .sbss          0xa000020c        0x4 build/Max32/debug/_ext/1134902058/drv_tmr.o
 .sbss          0xa0000210        0x8 build/Max32/debug/_ext/1568745167/GeneralExceptionHandler.o
 *(.scommon)
 .scommon       0xa0000218        0x8 build/Max32/debug/_ext/35725571/sys_devcon.o
                0xa0000218                sysDevconObj
                0xa0000220                _sbss_end = .
                0xa0000220                . = ALIGN (0x4)

.bss            0xa0000220      0x6f0
 *(.dynbss)
 *(COMMON)
 COMMON         0xa0000220       0x10 build/Max32/debug/_ext/1467630164/system_init.o
                0xa0000220                sysObj
 COMMON         0xa0000230      0x6e0 build/Max32/debug/_ext/1360937237/app.o
                0xa0000230                appData
                0xa0000910                . = ALIGN ((. != 0x0)?0x4:0x1)
                0xa0000910                . = ALIGN (0x4)
                0xa0000910                _end = .
                0xa0000910                _bss_end = .
                0x00020000                _bmxdudba_address = 0x20000
                0x00020000                _bmxdupba_address = 0x20000

/DISCARD/
 *(.pdr)
 *(.rel.dyn)
 *(.note.GNU-stack)
 *(.note.GNU-stack)
 *(.gnu_debuglink)
 *(.gnu.lto_*)
 *(.discard)

.gptab.sdata
 *(.gptab.data)
 *(.gptab.sdata)

.gptab.sbss
 *(.gptab.bss)
 *(.gptab.sbss)

.mdebug.abi32   0xa0000910        0x0
 *(.mdebug.abi32)
 .mdebug.abi32  0xa0000910        0x0 c:/program files (x86)/microchip/xc32/v1.34/bin/bin/../../lib/gcc/pic32mx/4.5.2/../../../../pic32mx/lib\software-debug-break.o
 .mdebug.abi32  0xa0000910        0x0 build/Max32/debug/_ext/1828036777/drv_spi_tasks.o
 .mdebug.abi32  0xa0000910        0x0 build/Max32/debug/_ext/1828036777/drv_spi_master_ebm_tasks.o
 .mdebug.abi32  0xa0000910        0x0 build/Max32/debug/_ext/382779083/sys_clk_static.o
 .mdebug.abi32  0xa0000910        0x0 build/Max32/debug/_ext/1285896379/sys_ports_static.o
 .mdebug.abi32  0xa0000910        0x0 build/Max32/debug/_ext/1467630164/system_init.o
 .mdebug.abi32  0xa0000910        0x0 build/Max32/debug/_ext/1467630164/system_interrupt.o
 .mdebug.abi32  0xa0000910        0x0 build/Max32/debug/_ext/1467630164/system_tasks.o
 .mdebug.abi32  0xa0000910        0x0 build/Max32/debug/_ext/1360937237/app.o
 .mdebug.abi32  0xa0000910        0x0 build/Max32/debug/_ext/1360937237/main.o
 .mdebug.abi32  0xa0000910        0x0 build/Max32/debug/_ext/1518502679/drv_spi.o
 .mdebug.abi32  0xa0000910        0x0 build/Max32/debug/_ext/1518502679/drv_spi_api.o
 .mdebug.abi32  0xa0000910        0x0 build/Max32/debug/_ext/2050271417/drv_spi_sys_queue_fifo.o
 .mdebug.abi32  0xa0000910        0x0 build/Max32/debug/_ext/1134902058/drv_tmr.o
 .mdebug.abi32  0xa0000910        0x0 build/Max32/debug/_ext/35725571/sys_devcon.o
 .mdebug.abi32  0xa0000910        0x0 build/Max32/debug/_ext/35725571/sys_devcon_pic32mx.o
 .mdebug.abi32  0xa0000910        0x0 build/Max32/debug/_ext/1707904131/sys_int_pic32.o
 .mdebug.abi32  0xa0000910        0x0 build/Max32/debug/_ext/1502646426/sys_ports.o
 .mdebug.abi32  0xa0000910        0x0 build/Max32/debug/_ext/1444933459/sys_tmr.o
 .mdebug.abi32  0xa0000910        0x0 build/Max32/debug/_ext/1568745167/GeneralExceptionHandler.o
 .mdebug.abi32  0xa0000910        0x0 c:/program files (x86)/microchip/xc32/v1.34/bin/bin/../../lib/gcc/pic32mx/4.5.2\libgcc.a(_udivdi3.o)
 .mdebug.abi32  0xa0000910        0x0 c:/program files (x86)/microchip/xc32/v1.34/bin/bin/../../lib/gcc/pic32mx/4.5.2/../../../../pic32mx/lib\libpic32.a(default-bootstrap-exception-handler.o)
 .mdebug.abi32  0xa0000910        0x0 c:/program files (x86)/microchip/xc32/v1.34/bin/bin/../../lib/gcc/pic32mx/4.5.2/../../../../pic32mx/lib\libpic32.a(default-on-reset.o)
 .mdebug.abi32  0xa0000910        0x0 c:/program files (x86)/microchip/xc32/v1.34/bin/bin/../../lib/gcc/pic32mx/4.5.2/../../../../pic32mx/lib\libpic32.a(default-on-bootstrap.o)
 .mdebug.abi32  0xa0000910        0x0 c:/program files (x86)/microchip/xc32/v1.34/bin/bin/../../lib/gcc/pic32mx/4.5.2/../../../../pic32mx/lib\libpic32.a(defaultinterrupt.o)

.mdebug.abiN32
 *(.mdebug.abiN32)

.mdebug.abi64
 *(.mdebug.abi64)

.mdebug.abiO64
 *(.mdebug.abiO64)

.mdebug.eabi32
 *(.mdebug.eabi32)

.mdebug.eabi64
 *(.mdebug.eabi64)

.gcc_compiled_long32
 *(.gcc_compiled_long32)

.gcc_compiled_long64
 *(.gcc_compiled_long64)

.stab
 *(.stab)

.stabstr
 *(.stabstr)

.stab.excl
 *(.stab.excl)

.stab.exclstr
 *(.stab.exclstr)

.stab.index
 *(.stab.index)

.stab.indexstr
 *(.stab.indexstr)

.comment        0x00000000       0x54
 *(.comment)
 .comment       0x00000000       0x3c c:/program files (x86)/microchip/xc32/v1.34/bin/bin/../../lib/gcc/pic32mx/4.5.2/../../../../pic32mx/lib\software-debug-break.o
                                 0x3d (size before relaxing)
 .comment       0x00000000       0x3d build/Max32/debug/_ext/1828036777/drv_spi_tasks.o
 .comment       0x00000000       0x3d build/Max32/debug/_ext/1828036777/drv_spi_master_ebm_tasks.o
 .comment       0x00000000       0x3d build/Max32/debug/_ext/382779083/sys_clk_static.o
 .comment       0x00000000       0x3d build/Max32/debug/_ext/1285896379/sys_ports_static.o
 .comment       0x00000000       0x3d build/Max32/debug/_ext/1467630164/system_init.o
 .comment       0x00000000       0x3d build/Max32/debug/_ext/1467630164/system_interrupt.o
 .comment       0x00000000       0x3d build/Max32/debug/_ext/1467630164/system_tasks.o
 .comment       0x00000000       0x3d build/Max32/debug/_ext/1360937237/app.o
 .comment       0x00000000       0x3d build/Max32/debug/_ext/1360937237/main.o
 .comment       0x00000000       0x3d build/Max32/debug/_ext/1518502679/drv_spi.o
 .comment       0x00000000       0x3d build/Max32/debug/_ext/1518502679/drv_spi_api.o
 .comment       0x00000000       0x3d build/Max32/debug/_ext/2050271417/drv_spi_sys_queue_fifo.o
 .comment       0x00000000       0x3d build/Max32/debug/_ext/1134902058/drv_tmr.o
 .comment       0x00000000       0x3d build/Max32/debug/_ext/35725571/sys_devcon.o
 .comment       0x00000000       0x3d build/Max32/debug/_ext/35725571/sys_devcon_pic32mx.o
 .comment       0x00000000       0x3d build/Max32/debug/_ext/1707904131/sys_int_pic32.o
 .comment       0x00000000       0x3d build/Max32/debug/_ext/1502646426/sys_ports.o
 .comment       0x00000000       0x3d build/Max32/debug/_ext/1444933459/sys_tmr.o
 .comment       0x00000000       0x3d build/Max32/debug/_ext/1568745167/GeneralExceptionHandler.o
 .comment       0x00000000       0x3d c:/program files (x86)/microchip/xc32/v1.34/bin/bin/../../lib/gcc/pic32mx/4.5.2\libgcc.a(_udivdi3.o)
 .comment       0x0000003c       0x18 c:/program files (x86)/microchip/xc32/v1.34/bin/bin/../../lib/gcc/pic32mx/4.5.2/../../../../pic32mx/lib\libpic32.a(memset.o)
                                 0x19 (size before relaxing)
 .comment       0x00000000       0x3d c:/program files (x86)/microchip/xc32/v1.34/bin/bin/../../lib/gcc/pic32mx/4.5.2/../../../../pic32mx/lib\libpic32.a(default-bootstrap-exception-handler.o)
 .comment       0x00000000       0x3d c:/program files (x86)/microchip/xc32/v1.34/bin/bin/../../lib/gcc/pic32mx/4.5.2/../../../../pic32mx/lib\libpic32.a(default-on-reset.o)
 .comment       0x00000000       0x3d c:/program files (x86)/microchip/xc32/v1.34/bin/bin/../../lib/gcc/pic32mx/4.5.2/../../../../pic32mx/lib\libpic32.a(default-on-bootstrap.o)
 .comment       0x00000000       0x3d c:/program files (x86)/microchip/xc32/v1.34/bin/bin/../../lib/gcc/pic32mx/4.5.2/../../../../pic32mx/lib\libpic32.a(defaultinterrupt.o)

.debug
 *(.debug)

.line
 *(.line)

.debug_srcinfo
 *(.debug_srcinfo)

.debug_sfnames
 *(.debug_sfnames)

.debug_aranges  0x00000000      0x808
 *(.debug_aranges)
 .debug_aranges
                0x00000000       0x20 c:/program files (x86)/microchip/xc32/v1.34/bin/bin/../../lib/gcc/pic32mx/4.5.2/../../../../pic32mx/lib\software-debug-break.o
 .debug_aranges
                0x00000020       0x20 build/Max32/debug/_ext/1828036777/drv_spi_tasks.o
 .debug_aranges
                0x00000040       0x28 build/Max32/debug/_ext/1828036777/drv_spi_master_ebm_tasks.o
 .debug_aranges
                0x00000068       0x38 build/Max32/debug/_ext/382779083/sys_clk_static.o
 .debug_aranges
                0x000000a0       0x20 build/Max32/debug/_ext/1285896379/sys_ports_static.o
 .debug_aranges
                0x000000c0       0x20 build/Max32/debug/_ext/1467630164/system_init.o
 .debug_aranges
                0x000000e0       0x28 build/Max32/debug/_ext/1467630164/system_interrupt.o
 .debug_aranges
                0x00000108       0x20 build/Max32/debug/_ext/1467630164/system_tasks.o
 .debug_aranges
                0x00000128       0x30 build/Max32/debug/_ext/1360937237/app.o
 .debug_aranges
                0x00000158       0x20 build/Max32/debug/_ext/1360937237/main.o
 .debug_aranges
                0x00000178       0xa8 build/Max32/debug/_ext/1518502679/drv_spi.o
 .debug_aranges
                0x00000220       0x28 build/Max32/debug/_ext/1518502679/drv_spi_api.o
 .debug_aranges
                0x00000248       0xd8 build/Max32/debug/_ext/2050271417/drv_spi_sys_queue_fifo.o
 .debug_aranges
                0x00000320      0x198 build/Max32/debug/_ext/1134902058/drv_tmr.o
 .debug_aranges
                0x000004b8       0x78 build/Max32/debug/_ext/35725571/sys_devcon.o
 .debug_aranges
                0x00000530       0x20 build/Max32/debug/_ext/35725571/sys_devcon_pic32mx.o
 .debug_aranges
                0x00000550       0x38 build/Max32/debug/_ext/1707904131/sys_int_pic32.o
 .debug_aranges
                0x00000588       0xf8 build/Max32/debug/_ext/1502646426/sys_ports.o
 .debug_aranges
                0x00000680       0xc8 build/Max32/debug/_ext/1444933459/sys_tmr.o
 .debug_aranges
                0x00000748       0x20 build/Max32/debug/_ext/1568745167/GeneralExceptionHandler.o
 .debug_aranges
                0x00000768       0x20 c:/program files (x86)/microchip/xc32/v1.34/bin/bin/../../lib/gcc/pic32mx/4.5.2\libgcc.a(_udivdi3.o)
 .debug_aranges
                0x00000788       0x20 c:/program files (x86)/microchip/xc32/v1.34/bin/bin/../../lib/gcc/pic32mx/4.5.2/../../../../pic32mx/lib\libpic32.a(default-bootstrap-exception-handler.o)
 .debug_aranges
                0x000007a8       0x20 c:/program files (x86)/microchip/xc32/v1.34/bin/bin/../../lib/gcc/pic32mx/4.5.2/../../../../pic32mx/lib\libpic32.a(default-on-reset.o)
 .debug_aranges
                0x000007c8       0x20 c:/program files (x86)/microchip/xc32/v1.34/bin/bin/../../lib/gcc/pic32mx/4.5.2/../../../../pic32mx/lib\libpic32.a(default-on-bootstrap.o)
 .debug_aranges
                0x000007e8       0x20 c:/program files (x86)/microchip/xc32/v1.34/bin/bin/../../lib/gcc/pic32mx/4.5.2/../../../../pic32mx/lib\libpic32.a(defaultinterrupt.o)

.debug_pubnames
                0x00000000     0x14c2
 *(.debug_pubnames)
 .debug_pubnames
                0x00000000       0x30 c:/program files (x86)/microchip/xc32/v1.34/bin/bin/../../lib/gcc/pic32mx/4.5.2/../../../../pic32mx/lib\software-debug-break.o
 .debug_pubnames
                0x00000030       0x34 build/Max32/debug/_ext/1828036777/drv_spi_tasks.o
 .debug_pubnames
                0x00000064       0x57 build/Max32/debug/_ext/1828036777/drv_spi_master_ebm_tasks.o
 .debug_pubnames
                0x000000bb       0x92 build/Max32/debug/_ext/382779083/sys_clk_static.o
 .debug_pubnames
                0x0000014d       0x2b build/Max32/debug/_ext/1285896379/sys_ports_static.o
 .debug_pubnames
                0x00000178       0x7d build/Max32/debug/_ext/1467630164/system_init.o
 .debug_pubnames
                0x000001f5       0x4d build/Max32/debug/_ext/1467630164/system_interrupt.o
 .debug_pubnames
                0x00000242       0x20 build/Max32/debug/_ext/1467630164/system_tasks.o
 .debug_pubnames
                0x00000262       0x51 build/Max32/debug/_ext/1360937237/app.o
 .debug_pubnames
                0x000002b3       0x1b build/Max32/debug/_ext/1360937237/main.o
 .debug_pubnames
                0x000002ce      0x1b5 build/Max32/debug/_ext/1518502679/drv_spi.o
 .debug_pubnames
                0x00000483       0x42 build/Max32/debug/_ext/1518502679/drv_spi_api.o
 .debug_pubnames
                0x000004c5      0x34c build/Max32/debug/_ext/2050271417/drv_spi_sys_queue_fifo.o
 .debug_pubnames
                0x00000811      0x454 build/Max32/debug/_ext/1134902058/drv_tmr.o
 .debug_pubnames
                0x00000c65      0x160 build/Max32/debug/_ext/35725571/sys_devcon.o
 .debug_pubnames
                0x00000dc5       0x33 build/Max32/debug/_ext/35725571/sys_devcon_pic32mx.o
 .debug_pubnames
                0x00000df8       0x7f build/Max32/debug/_ext/1707904131/sys_int_pic32.o
 .debug_pubnames
                0x00000e77      0x376 build/Max32/debug/_ext/1502646426/sys_ports.o
 .debug_pubnames
                0x000011ed      0x1e5 build/Max32/debug/_ext/1444933459/sys_tmr.o
 .debug_pubnames
                0x000013d2       0x31 build/Max32/debug/_ext/1568745167/GeneralExceptionHandler.o
 .debug_pubnames
                0x00001403       0x20 c:/program files (x86)/microchip/xc32/v1.34/bin/bin/../../lib/gcc/pic32mx/4.5.2\libgcc.a(_udivdi3.o)
 .debug_pubnames
                0x00001423       0x33 c:/program files (x86)/microchip/xc32/v1.34/bin/bin/../../lib/gcc/pic32mx/4.5.2/../../../../pic32mx/lib\libpic32.a(default-bootstrap-exception-handler.o)
 .debug_pubnames
                0x00001456       0x20 c:/program files (x86)/microchip/xc32/v1.34/bin/bin/../../lib/gcc/pic32mx/4.5.2/../../../../pic32mx/lib\libpic32.a(default-on-reset.o)
 .debug_pubnames
                0x00001476       0x24 c:/program files (x86)/microchip/xc32/v1.34/bin/bin/../../lib/gcc/pic32mx/4.5.2/../../../../pic32mx/lib\libpic32.a(default-on-bootstrap.o)
 .debug_pubnames
                0x0000149a       0x28 c:/program files (x86)/microchip/xc32/v1.34/bin/bin/../../lib/gcc/pic32mx/4.5.2/../../../../pic32mx/lib\libpic32.a(defaultinterrupt.o)

.debug_info     0x00000000    0x2c503
 *(.debug_info .gnu.linkonce.wi.*)
 .debug_info    0x00000000       0xd2 c:/program files (x86)/microchip/xc32/v1.34/bin/bin/../../lib/gcc/pic32mx/4.5.2/../../../../pic32mx/lib\software-debug-break.o
 .debug_info    0x000000d2     0x3014 build/Max32/debug/_ext/1828036777/drv_spi_tasks.o
 .debug_info    0x000030e6     0x2e7f build/Max32/debug/_ext/1828036777/drv_spi_master_ebm_tasks.o
 .debug_info    0x00005f65     0x1653 build/Max32/debug/_ext/382779083/sys_clk_static.o
 .debug_info    0x000075b8      0xf37 build/Max32/debug/_ext/1285896379/sys_ports_static.o
 .debug_info    0x000084ef     0x3365 build/Max32/debug/_ext/1467630164/system_init.o
 .debug_info    0x0000b854      0xe1b build/Max32/debug/_ext/1467630164/system_interrupt.o
 .debug_info    0x0000c66f      0xddd build/Max32/debug/_ext/1467630164/system_tasks.o
 .debug_info    0x0000d44c     0x1b2c build/Max32/debug/_ext/1360937237/app.o
 .debug_info    0x0000ef78      0x157 build/Max32/debug/_ext/1360937237/main.o
 .debug_info    0x0000f0cf     0x4bd8 build/Max32/debug/_ext/1518502679/drv_spi.o
 .debug_info    0x00013ca7     0x61c9 build/Max32/debug/_ext/1518502679/drv_spi_api.o
 .debug_info    0x00019e70     0x18f3 build/Max32/debug/_ext/2050271417/drv_spi_sys_queue_fifo.o
 .debug_info    0x0001b763     0x717d build/Max32/debug/_ext/1134902058/drv_tmr.o
 .debug_info    0x000228e0     0x120a build/Max32/debug/_ext/35725571/sys_devcon.o
 .debug_info    0x00023aea      0xff1 build/Max32/debug/_ext/35725571/sys_devcon_pic32mx.o
 .debug_info    0x00024adb     0x14d2 build/Max32/debug/_ext/1707904131/sys_int_pic32.o
 .debug_info    0x00025fad     0x3480 build/Max32/debug/_ext/1502646426/sys_ports.o
 .debug_info    0x0002942d     0x23a0 build/Max32/debug/_ext/1444933459/sys_tmr.o
 .debug_info    0x0002b7cd      0x27b build/Max32/debug/_ext/1568745167/GeneralExceptionHandler.o
 .debug_info    0x0002ba48      0x783 c:/program files (x86)/microchip/xc32/v1.34/bin/bin/../../lib/gcc/pic32mx/4.5.2\libgcc.a(_udivdi3.o)
 .debug_info    0x0002c1cb       0xe2 c:/program files (x86)/microchip/xc32/v1.34/bin/bin/../../lib/gcc/pic32mx/4.5.2/../../../../pic32mx/lib\libpic32.a(default-bootstrap-exception-handler.o)
 .debug_info    0x0002c2ad       0xbc c:/program files (x86)/microchip/xc32/v1.34/bin/bin/../../lib/gcc/pic32mx/4.5.2/../../../../pic32mx/lib\libpic32.a(default-on-reset.o)
 .debug_info    0x0002c369       0xc4 c:/program files (x86)/microchip/xc32/v1.34/bin/bin/../../lib/gcc/pic32mx/4.5.2/../../../../pic32mx/lib\libpic32.a(default-on-bootstrap.o)
 .debug_info    0x0002c42d       0xd6 c:/program files (x86)/microchip/xc32/v1.34/bin/bin/../../lib/gcc/pic32mx/4.5.2/../../../../pic32mx/lib\libpic32.a(defaultinterrupt.o)

.debug_abbrev   0x00000000     0x2ae7
 *(.debug_abbrev)
 .debug_abbrev  0x00000000       0x25 c:/program files (x86)/microchip/xc32/v1.34/bin/bin/../../lib/gcc/pic32mx/4.5.2/../../../../pic32mx/lib\software-debug-break.o
 .debug_abbrev  0x00000025      0x26c build/Max32/debug/_ext/1828036777/drv_spi_tasks.o
 .debug_abbrev  0x00000291      0x26d build/Max32/debug/_ext/1828036777/drv_spi_master_ebm_tasks.o
 .debug_abbrev  0x000004fe      0x22d build/Max32/debug/_ext/382779083/sys_clk_static.o
 .debug_abbrev  0x0000072b      0x12c build/Max32/debug/_ext/1285896379/sys_ports_static.o
 .debug_abbrev  0x00000857      0x253 build/Max32/debug/_ext/1467630164/system_init.o
 .debug_abbrev  0x00000aaa       0x99 build/Max32/debug/_ext/1467630164/system_interrupt.o
 .debug_abbrev  0x00000b43       0x99 build/Max32/debug/_ext/1467630164/system_tasks.o
 .debug_abbrev  0x00000bdc      0x1f8 build/Max32/debug/_ext/1360937237/app.o
 .debug_abbrev  0x00000dd4       0x38 build/Max32/debug/_ext/1360937237/main.o
 .debug_abbrev  0x00000e0c      0x464 build/Max32/debug/_ext/1518502679/drv_spi.o
 .debug_abbrev  0x00001270      0x307 build/Max32/debug/_ext/1518502679/drv_spi_api.o
 .debug_abbrev  0x00001577      0x271 build/Max32/debug/_ext/2050271417/drv_spi_sys_queue_fifo.o
 .debug_abbrev  0x000017e8      0x49e build/Max32/debug/_ext/1134902058/drv_tmr.o
 .debug_abbrev  0x00001c86      0x2b2 build/Max32/debug/_ext/35725571/sys_devcon.o
 .debug_abbrev  0x00001f38      0x19b build/Max32/debug/_ext/35725571/sys_devcon_pic32mx.o
 .debug_abbrev  0x000020d3      0x19f build/Max32/debug/_ext/1707904131/sys_int_pic32.o
 .debug_abbrev  0x00002272      0x20d build/Max32/debug/_ext/1502646426/sys_ports.o
 .debug_abbrev  0x0000247f      0x42f build/Max32/debug/_ext/1444933459/sys_tmr.o
 .debug_abbrev  0x000028ae       0x68 build/Max32/debug/_ext/1568745167/GeneralExceptionHandler.o
 .debug_abbrev  0x00002916      0x13d c:/program files (x86)/microchip/xc32/v1.34/bin/bin/../../lib/gcc/pic32mx/4.5.2\libgcc.a(_udivdi3.o)
 .debug_abbrev  0x00002a53       0x25 c:/program files (x86)/microchip/xc32/v1.34/bin/bin/../../lib/gcc/pic32mx/4.5.2/../../../../pic32mx/lib\libpic32.a(default-bootstrap-exception-handler.o)
 .debug_abbrev  0x00002a78       0x25 c:/program files (x86)/microchip/xc32/v1.34/bin/bin/../../lib/gcc/pic32mx/4.5.2/../../../../pic32mx/lib\libpic32.a(default-on-reset.o)
 .debug_abbrev  0x00002a9d       0x25 c:/program files (x86)/microchip/xc32/v1.34/bin/bin/../../lib/gcc/pic32mx/4.5.2/../../../../pic32mx/lib\libpic32.a(default-on-bootstrap.o)
 .debug_abbrev  0x00002ac2       0x25 c:/program files (x86)/microchip/xc32/v1.34/bin/bin/../../lib/gcc/pic32mx/4.5.2/../../../../pic32mx/lib\libpic32.a(defaultinterrupt.o)

.debug_line     0x00000000     0x79ba
 *(.debug_line)
 .debug_line    0x00000000       0x8a c:/program files (x86)/microchip/xc32/v1.34/bin/bin/../../lib/gcc/pic32mx/4.5.2/../../../../pic32mx/lib\software-debug-break.o
 .debug_line    0x0000008a      0x754 build/Max32/debug/_ext/1828036777/drv_spi_tasks.o
 .debug_line    0x000007de      0x76e build/Max32/debug/_ext/1828036777/drv_spi_master_ebm_tasks.o
 .debug_line    0x00000f4c      0x33e build/Max32/debug/_ext/382779083/sys_clk_static.o
 .debug_line    0x0000128a      0x2dd build/Max32/debug/_ext/1285896379/sys_ports_static.o
 .debug_line    0x00001567      0x576 build/Max32/debug/_ext/1467630164/system_init.o
 .debug_line    0x00001add      0x1b4 build/Max32/debug/_ext/1467630164/system_interrupt.o
 .debug_line    0x00001c91      0x195 build/Max32/debug/_ext/1467630164/system_tasks.o
 .debug_line    0x00001e26      0x264 build/Max32/debug/_ext/1360937237/app.o
 .debug_line    0x0000208a       0x71 build/Max32/debug/_ext/1360937237/main.o
 .debug_line    0x000020fb      0xad2 build/Max32/debug/_ext/1518502679/drv_spi.o
 .debug_line    0x00002bcd     0x1457 build/Max32/debug/_ext/1518502679/drv_spi_api.o
 .debug_line    0x00004024      0x447 build/Max32/debug/_ext/2050271417/drv_spi_sys_queue_fifo.o
 .debug_line    0x0000446b     0x1559 build/Max32/debug/_ext/1134902058/drv_tmr.o
 .debug_line    0x000059c4      0x5c2 build/Max32/debug/_ext/35725571/sys_devcon.o
 .debug_line    0x00005f86      0x454 build/Max32/debug/_ext/35725571/sys_devcon_pic32mx.o
 .debug_line    0x000063da      0x326 build/Max32/debug/_ext/1707904131/sys_int_pic32.o
 .debug_line    0x00006700      0x880 build/Max32/debug/_ext/1502646426/sys_ports.o
 .debug_line    0x00006f80      0x5df build/Max32/debug/_ext/1444933459/sys_tmr.o
 .debug_line    0x0000755f       0xb3 build/Max32/debug/_ext/1568745167/GeneralExceptionHandler.o
 .debug_line    0x00007612      0x16f c:/program files (x86)/microchip/xc32/v1.34/bin/bin/../../lib/gcc/pic32mx/4.5.2\libgcc.a(_udivdi3.o)
 .debug_line    0x00007781       0x97 c:/program files (x86)/microchip/xc32/v1.34/bin/bin/../../lib/gcc/pic32mx/4.5.2/../../../../pic32mx/lib\libpic32.a(default-bootstrap-exception-handler.o)
 .debug_line    0x00007818       0x84 c:/program files (x86)/microchip/xc32/v1.34/bin/bin/../../lib/gcc/pic32mx/4.5.2/../../../../pic32mx/lib\libpic32.a(default-on-reset.o)
 .debug_line    0x0000789c       0x88 c:/program files (x86)/microchip/xc32/v1.34/bin/bin/../../lib/gcc/pic32mx/4.5.2/../../../../pic32mx/lib\libpic32.a(default-on-bootstrap.o)
 .debug_line    0x00007924       0x96 c:/program files (x86)/microchip/xc32/v1.34/bin/bin/../../lib/gcc/pic32mx/4.5.2/../../../../pic32mx/lib\libpic32.a(defaultinterrupt.o)

.debug_frame    0x00000000     0x1064
 *(.debug_frame)
 .debug_frame   0x00000000       0x20 c:/program files (x86)/microchip/xc32/v1.34/bin/bin/../../lib/gcc/pic32mx/4.5.2/../../../../pic32mx/lib\software-debug-break.o
 .debug_frame   0x00000020       0x38 build/Max32/debug/_ext/1828036777/drv_spi_tasks.o
 .debug_frame   0x00000058       0x40 build/Max32/debug/_ext/1828036777/drv_spi_master_ebm_tasks.o
 .debug_frame   0x00000098       0x58 build/Max32/debug/_ext/382779083/sys_clk_static.o
 .debug_frame   0x000000f0       0x20 build/Max32/debug/_ext/1285896379/sys_ports_static.o
 .debug_frame   0x00000110       0x28 build/Max32/debug/_ext/1467630164/system_init.o
 .debug_frame   0x00000138       0x98 build/Max32/debug/_ext/1467630164/system_interrupt.o
 .debug_frame   0x000001d0       0x28 build/Max32/debug/_ext/1467630164/system_tasks.o
 .debug_frame   0x000001f8       0x58 build/Max32/debug/_ext/1360937237/app.o
 .debug_frame   0x00000250       0x28 build/Max32/debug/_ext/1360937237/main.o
 .debug_frame   0x00000278      0x1c4 build/Max32/debug/_ext/1518502679/drv_spi.o
 .debug_frame   0x0000043c       0x3c build/Max32/debug/_ext/1518502679/drv_spi_api.o
 .debug_frame   0x00000478      0x210 build/Max32/debug/_ext/2050271417/drv_spi_sys_queue_fifo.o
 .debug_frame   0x00000688      0x3f8 build/Max32/debug/_ext/1134902058/drv_tmr.o
 .debug_frame   0x00000a80       0xd8 build/Max32/debug/_ext/35725571/sys_devcon.o
 .debug_frame   0x00000b58       0x20 build/Max32/debug/_ext/35725571/sys_devcon_pic32mx.o
 .debug_frame   0x00000b78       0x50 build/Max32/debug/_ext/1707904131/sys_int_pic32.o
 .debug_frame   0x00000bc8      0x1d0 build/Max32/debug/_ext/1502646426/sys_ports.o
 .debug_frame   0x00000d98      0x204 build/Max32/debug/_ext/1444933459/sys_tmr.o
 .debug_frame   0x00000f9c       0x20 build/Max32/debug/_ext/1568745167/GeneralExceptionHandler.o
 .debug_frame   0x00000fbc       0x20 c:/program files (x86)/microchip/xc32/v1.34/bin/bin/../../lib/gcc/pic32mx/4.5.2\libgcc.a(_udivdi3.o)
 .debug_frame   0x00000fdc       0x28 c:/program files (x86)/microchip/xc32/v1.34/bin/bin/../../lib/gcc/pic32mx/4.5.2/../../../../pic32mx/lib\libpic32.a(default-bootstrap-exception-handler.o)
 .debug_frame   0x00001004       0x20 c:/program files (x86)/microchip/xc32/v1.34/bin/bin/../../lib/gcc/pic32mx/4.5.2/../../../../pic32mx/lib\libpic32.a(default-on-reset.o)
 .debug_frame   0x00001024       0x20 c:/program files (x86)/microchip/xc32/v1.34/bin/bin/../../lib/gcc/pic32mx/4.5.2/../../../../pic32mx/lib\libpic32.a(default-on-bootstrap.o)
 .debug_frame   0x00001044       0x20 c:/program files (x86)/microchip/xc32/v1.34/bin/bin/../../lib/gcc/pic32mx/4.5.2/../../../../pic32mx/lib\libpic32.a(defaultinterrupt.o)

.debug_str      0x00000000      0xbb6
 *(.debug_str)
 .debug_str     0x00000000        0x0 c:/program files (x86)/microchip/xc32/v1.34/bin/bin/../../lib/gcc/pic32mx/4.5.2/../../../../pic32mx/lib\software-debug-break.o
 .debug_str     0x00000000       0xc5 build/Max32/debug/_ext/1828036777/drv_spi_tasks.o
 .debug_str     0x000000c5       0xb5 build/Max32/debug/_ext/1828036777/drv_spi_master_ebm_tasks.o
 .debug_str     0x0000017a       0xa5 build/Max32/debug/_ext/382779083/sys_clk_static.o
 .debug_str     0x0000021f        0xd build/Max32/debug/_ext/1285896379/sys_ports_static.o
 .debug_str     0x0000022c       0xca build/Max32/debug/_ext/1467630164/system_init.o
 .debug_str     0x000002f6       0x6c build/Max32/debug/_ext/1467630164/system_interrupt.o
 .debug_str     0x00000362       0x6c build/Max32/debug/_ext/1467630164/system_tasks.o
 .debug_str     0x000003ce       0x9c build/Max32/debug/_ext/1360937237/app.o
 .debug_str     0x0000046a        0x0 build/Max32/debug/_ext/1360937237/main.o
 .debug_str     0x0000046a      0x1de build/Max32/debug/_ext/1518502679/drv_spi.o
 .debug_str     0x00000648      0x136 build/Max32/debug/_ext/1518502679/drv_spi_api.o
 .debug_str     0x0000077e      0x147 build/Max32/debug/_ext/2050271417/drv_spi_sys_queue_fifo.o
 .debug_str     0x000008c5      0x14a build/Max32/debug/_ext/1134902058/drv_tmr.o
 .debug_str     0x00000a0f       0x23 build/Max32/debug/_ext/35725571/sys_devcon.o
 .debug_str     0x00000a32       0x4f build/Max32/debug/_ext/35725571/sys_devcon_pic32mx.o
 .debug_str     0x00000a81        0xd build/Max32/debug/_ext/1707904131/sys_int_pic32.o
 .debug_str     0x00000a8e       0x98 build/Max32/debug/_ext/1502646426/sys_ports.o
 .debug_str     0x00000b26       0x90 build/Max32/debug/_ext/1444933459/sys_tmr.o
 .debug_str     0x00000bb6        0x0 build/Max32/debug/_ext/1568745167/GeneralExceptionHandler.o
 .debug_str     0x00000bb6        0x0 c:/program files (x86)/microchip/xc32/v1.34/bin/bin/../../lib/gcc/pic32mx/4.5.2\libgcc.a(_udivdi3.o)
 .debug_str     0x00000bb6        0x0 c:/program files (x86)/microchip/xc32/v1.34/bin/bin/../../lib/gcc/pic32mx/4.5.2/../../../../pic32mx/lib\libpic32.a(default-bootstrap-exception-handler.o)
 .debug_str     0x00000bb6        0x0 c:/program files (x86)/microchip/xc32/v1.34/bin/bin/../../lib/gcc/pic32mx/4.5.2/../../../../pic32mx/lib\libpic32.a(default-on-reset.o)
 .debug_str     0x00000bb6        0x0 c:/program files (x86)/microchip/xc32/v1.34/bin/bin/../../lib/gcc/pic32mx/4.5.2/../../../../pic32mx/lib\libpic32.a(default-on-bootstrap.o)
 .debug_str     0x00000bb6        0x0 c:/program files (x86)/microchip/xc32/v1.34/bin/bin/../../lib/gcc/pic32mx/4.5.2/../../../../pic32mx/lib\libpic32.a(defaultinterrupt.o)

.debug_loc      0x00000000     0xecb6
 *(.debug_loc)
 .debug_loc     0x00000000      0xc74 build/Max32/debug/_ext/1828036777/drv_spi_tasks.o
 .debug_loc     0x00000c74      0xe07 build/Max32/debug/_ext/1828036777/drv_spi_master_ebm_tasks.o
 .debug_loc     0x00001a7b       0x33 build/Max32/debug/_ext/382779083/sys_clk_static.o
 .debug_loc     0x00001aae       0x33 build/Max32/debug/_ext/1467630164/system_init.o
 .debug_loc     0x00001ae1       0x42 build/Max32/debug/_ext/1467630164/system_interrupt.o
 .debug_loc     0x00001b23       0x20 build/Max32/debug/_ext/1467630164/system_tasks.o
 .debug_loc     0x00001b43      0x147 build/Max32/debug/_ext/1360937237/app.o
 .debug_loc     0x00001c8a       0x20 build/Max32/debug/_ext/1360937237/main.o
 .debug_loc     0x00001caa     0x1726 build/Max32/debug/_ext/1518502679/drv_spi.o
 .debug_loc     0x000033d0     0x410a build/Max32/debug/_ext/1518502679/drv_spi_api.o
 .debug_loc     0x000074da      0xb9b build/Max32/debug/_ext/2050271417/drv_spi_sys_queue_fifo.o
 .debug_loc     0x00008075     0x3f03 build/Max32/debug/_ext/1134902058/drv_tmr.o
 .debug_loc     0x0000bf78      0x1f0 build/Max32/debug/_ext/35725571/sys_devcon.o
 .debug_loc     0x0000c168      0x30d build/Max32/debug/_ext/35725571/sys_devcon_pic32mx.o
 .debug_loc     0x0000c475       0x94 build/Max32/debug/_ext/1707904131/sys_int_pic32.o
 .debug_loc     0x0000c509      0xe17 build/Max32/debug/_ext/1502646426/sys_ports.o
 .debug_loc     0x0000d320      0xf34 build/Max32/debug/_ext/1444933459/sys_tmr.o
 .debug_loc     0x0000e254      0xa62 c:/program files (x86)/microchip/xc32/v1.34/bin/bin/../../lib/gcc/pic32mx/4.5.2\libgcc.a(_udivdi3.o)

.debug_macinfo
 *(.debug_macinfo)

.debug_weaknames
 *(.debug_weaknames)

.debug_funcnames
 *(.debug_funcnames)

.debug_typenames
 *(.debug_typenames)

.debug_varnames
 *(.debug_varnames)

.debug_pubtypes
                0x00000000     0x215b
 *(.debug_pubtypes)
 .debug_pubtypes
                0x00000000      0x254 build/Max32/debug/_ext/1828036777/drv_spi_tasks.o
 .debug_pubtypes
                0x00000254      0x20d build/Max32/debug/_ext/1828036777/drv_spi_master_ebm_tasks.o
 .debug_pubtypes
                0x00000461      0x109 build/Max32/debug/_ext/382779083/sys_clk_static.o
 .debug_pubtypes
                0x0000056a       0x84 build/Max32/debug/_ext/1285896379/sys_ports_static.o
 .debug_pubtypes
                0x000005ee      0x39d build/Max32/debug/_ext/1467630164/system_init.o
 .debug_pubtypes
                0x0000098b       0x48 build/Max32/debug/_ext/1467630164/system_interrupt.o
 .debug_pubtypes
                0x000009d3       0x48 build/Max32/debug/_ext/1467630164/system_tasks.o
 .debug_pubtypes
                0x00000a1b       0xfb build/Max32/debug/_ext/1360937237/app.o
 .debug_pubtypes
                0x00000b16       0x12 build/Max32/debug/_ext/1360937237/main.o
 .debug_pubtypes
                0x00000b28      0x5e6 build/Max32/debug/_ext/1518502679/drv_spi.o
 .debug_pubtypes
                0x0000110e      0x393 build/Max32/debug/_ext/1518502679/drv_spi_api.o
 .debug_pubtypes
                0x000014a1      0x387 build/Max32/debug/_ext/2050271417/drv_spi_sys_queue_fifo.o
 .debug_pubtypes
                0x00001828      0x281 build/Max32/debug/_ext/1134902058/drv_tmr.o
 .debug_pubtypes
                0x00001aa9      0x136 build/Max32/debug/_ext/35725571/sys_devcon.o
 .debug_pubtypes
                0x00001bdf       0xb6 build/Max32/debug/_ext/35725571/sys_devcon_pic32mx.o
 .debug_pubtypes
                0x00001c95       0x93 build/Max32/debug/_ext/1707904131/sys_int_pic32.o
 .debug_pubtypes
                0x00001d28      0x1d0 build/Max32/debug/_ext/1502646426/sys_ports.o
 .debug_pubtypes
                0x00001ef8      0x1e9 build/Max32/debug/_ext/1444933459/sys_tmr.o
 .debug_pubtypes
                0x000020e1       0x21 build/Max32/debug/_ext/1568745167/GeneralExceptionHandler.o
 .debug_pubtypes
                0x00002102       0x59 c:/program files (x86)/microchip/xc32/v1.34/bin/bin/../../lib/gcc/pic32mx/4.5.2\libgcc.a(_udivdi3.o)

.debug_ranges   0x00000000     0x1e18
 *(.debug_ranges)
 .debug_ranges  0x00000000       0x10 c:/program files (x86)/microchip/xc32/v1.34/bin/bin/../../lib/gcc/pic32mx/4.5.2/../../../../pic32mx/lib\software-debug-break.o
 .debug_ranges  0x00000010      0x1a0 build/Max32/debug/_ext/1828036777/drv_spi_tasks.o
 .debug_ranges  0x000001b0      0x288 build/Max32/debug/_ext/1828036777/drv_spi_master_ebm_tasks.o
 .debug_ranges  0x00000438       0x28 build/Max32/debug/_ext/382779083/sys_clk_static.o
 .debug_ranges  0x00000460       0x10 build/Max32/debug/_ext/1285896379/sys_ports_static.o
 .debug_ranges  0x00000470       0x10 build/Max32/debug/_ext/1467630164/system_init.o
 .debug_ranges  0x00000480       0x18 build/Max32/debug/_ext/1467630164/system_interrupt.o
 .debug_ranges  0x00000498       0x10 build/Max32/debug/_ext/1467630164/system_tasks.o
 .debug_ranges  0x000004a8       0x50 build/Max32/debug/_ext/1360937237/app.o
 .debug_ranges  0x000004f8       0x10 build/Max32/debug/_ext/1360937237/main.o
 .debug_ranges  0x00000508      0x1d0 build/Max32/debug/_ext/1518502679/drv_spi.o
 .debug_ranges  0x000006d8      0x918 build/Max32/debug/_ext/1518502679/drv_spi_api.o
 .debug_ranges  0x00000ff0       0xc8 build/Max32/debug/_ext/2050271417/drv_spi_sys_queue_fifo.o
 .debug_ranges  0x000010b8      0x880 build/Max32/debug/_ext/1134902058/drv_tmr.o
 .debug_ranges  0x00001938       0xc8 build/Max32/debug/_ext/35725571/sys_devcon.o
 .debug_ranges  0x00001a00       0xa0 build/Max32/debug/_ext/35725571/sys_devcon_pic32mx.o
 .debug_ranges  0x00001aa0       0x58 build/Max32/debug/_ext/1707904131/sys_int_pic32.o
 .debug_ranges  0x00001af8       0xe8 build/Max32/debug/_ext/1502646426/sys_ports.o
 .debug_ranges  0x00001be0      0x100 build/Max32/debug/_ext/1444933459/sys_tmr.o
 .debug_ranges  0x00001ce0       0x10 build/Max32/debug/_ext/1568745167/GeneralExceptionHandler.o
 .debug_ranges  0x00001cf0       0xe8 c:/program files (x86)/microchip/xc32/v1.34/bin/bin/../../lib/gcc/pic32mx/4.5.2\libgcc.a(_udivdi3.o)
 .debug_ranges  0x00001dd8       0x10 c:/program files (x86)/microchip/xc32/v1.34/bin/bin/../../lib/gcc/pic32mx/4.5.2/../../../../pic32mx/lib\libpic32.a(default-bootstrap-exception-handler.o)
 .debug_ranges  0x00001de8       0x10 c:/program files (x86)/microchip/xc32/v1.34/bin/bin/../../lib/gcc/pic32mx/4.5.2/../../../../pic32mx/lib\libpic32.a(default-on-reset.o)
 .debug_ranges  0x00001df8       0x10 c:/program files (x86)/microchip/xc32/v1.34/bin/bin/../../lib/gcc/pic32mx/4.5.2/../../../../pic32mx/lib\libpic32.a(default-on-bootstrap.o)
 .debug_ranges  0x00001e08       0x10 c:/program files (x86)/microchip/xc32/v1.34/bin/bin/../../lib/gcc/pic32mx/4.5.2/../../../../pic32mx/lib\libpic32.a(defaultinterrupt.o)

.gnu.attributes
                0x00000000       0x10
 *(.gnu.attributes)
 .gnu.attributes
                0x00000000       0x10 c:/program files (x86)/microchip/xc32/v1.34/bin/bin/../../lib/gcc/pic32mx/4.5.2/../../../../pic32mx/lib\software-debug-break.o
 .gnu.attributes
                0x00000010       0x10 build/Max32/debug/_ext/1828036777/drv_spi_tasks.o
 .gnu.attributes
                0x00000020       0x10 build/Max32/debug/_ext/1828036777/drv_spi_master_ebm_tasks.o
 .gnu.attributes
                0x00000030       0x10 build/Max32/debug/_ext/382779083/sys_clk_static.o
 .gnu.attributes
                0x00000040       0x10 build/Max32/debug/_ext/1285896379/sys_ports_static.o
 .gnu.attributes
                0x00000050       0x10 build/Max32/debug/_ext/1467630164/system_init.o
 .gnu.attributes
                0x00000060       0x10 build/Max32/debug/_ext/1467630164/system_interrupt.o
 .gnu.attributes
                0x00000070       0x10 build/Max32/debug/_ext/1467630164/system_tasks.o
 .gnu.attributes
                0x00000080       0x10 build/Max32/debug/_ext/1360937237/app.o
 .gnu.attributes
                0x00000090       0x10 build/Max32/debug/_ext/1360937237/main.o
 .gnu.attributes
                0x000000a0       0x10 build/Max32/debug/_ext/1518502679/drv_spi.o
 .gnu.attributes
                0x000000b0       0x10 build/Max32/debug/_ext/1518502679/drv_spi_api.o
 .gnu.attributes
                0x000000c0       0x10 build/Max32/debug/_ext/2050271417/drv_spi_sys_queue_fifo.o
 .gnu.attributes
                0x000000d0       0x10 build/Max32/debug/_ext/1134902058/drv_tmr.o
 .gnu.attributes
                0x000000e0       0x10 build/Max32/debug/_ext/35725571/sys_devcon.o
 .gnu.attributes
                0x000000f0       0x10 build/Max32/debug/_ext/35725571/sys_devcon_pic32mx.o
 .gnu.attributes
                0x00000100       0x10 build/Max32/debug/_ext/1707904131/sys_int_pic32.o
 .gnu.attributes
                0x00000110       0x10 build/Max32/debug/_ext/1502646426/sys_ports.o
 .gnu.attributes
                0x00000120       0x10 build/Max32/debug/_ext/1444933459/sys_tmr.o
 .gnu.attributes
                0x00000130       0x10 build/Max32/debug/_ext/1568745167/GeneralExceptionHandler.o
 .gnu.attributes
                0x00000140       0x10 c:/program files (x86)/microchip/xc32/v1.34/bin/bin/../../lib/gcc/pic32mx/4.5.2\libgcc.a(_udivdi3.o)
 .gnu.attributes
                0x00000150       0x10 c:/program files (x86)/microchip/xc32/v1.34/bin/bin/../../lib/gcc/pic32mx/4.5.2/../../../../pic32mx/lib\libpic32.a(default-bootstrap-exception-handler.o)
 .gnu.attributes
                0x00000160       0x10 c:/program files (x86)/microchip/xc32/v1.34/bin/bin/../../lib/gcc/pic32mx/4.5.2/../../../../pic32mx/lib\libpic32.a(default-on-reset.o)
 .gnu.attributes
                0x00000170       0x10 c:/program files (x86)/microchip/xc32/v1.34/bin/bin/../../lib/gcc/pic32mx/4.5.2/../../../../pic32mx/lib\libpic32.a(default-on-bootstrap.o)
 .gnu.attributes
                0x00000180       0x10 c:/program files (x86)/microchip/xc32/v1.34/bin/bin/../../lib/gcc/pic32mx/4.5.2/../../../../pic32mx/lib\libpic32.a(defaultinterrupt.o)
LOAD c:/program files (x86)/microchip/xc32/v1.34/bin/bin/../../lib/gcc/pic32mx/4.5.2\libgcc.a
START GROUP
LOAD c:/program files (x86)/microchip/xc32/v1.34/bin/bin/../../lib/gcc/pic32mx/4.5.2/../../../../pic32mx/lib\libpic32.a
LOAD c:/program files (x86)/microchip/xc32/v1.34/bin/bin/../../lib/gcc/pic32mx/4.5.2/../../../../pic32mx/lib\libdebug.a
LOAD c:/program files (x86)/microchip/xc32/v1.34/bin/bin/../../lib/gcc/pic32mx/4.5.2/../../../../pic32mx/lib\libpic32.a
LOAD c:/program files (x86)/microchip/xc32/v1.34/bin/bin/../../lib/gcc/pic32mx/4.5.2/../../../../pic32mx/lib\libm.a
LOAD c:/program files (x86)/microchip/xc32/v1.34/bin/bin/../../lib/gcc/pic32mx/4.5.2/../../../../pic32mx/lib\libe.a
LOAD c:/program files (x86)/microchip/xc32/v1.34/bin/bin/../../lib/gcc/pic32mx/4.5.2/../../../../pic32mx/lib\libdsp.a
LOAD c:/program files (x86)/microchip/xc32/v1.34/bin/bin/../../lib/gcc/pic32mx/4.5.2\libgcc.a
LOAD c:/program files (x86)/microchip/xc32/v1.34/bin/bin/../../lib/gcc/pic32mx/4.5.2/../../../../pic32mx/lib\libc.a
LOAD c:/program files (x86)/microchip/xc32/v1.34/bin/bin/../../lib/gcc/pic32mx/4.5.2/../../../../pic32mx/lib\libpic32.a
END GROUP
LOAD c:/program files (x86)/microchip/xc32/v1.34/bin/bin/../../lib/gcc/pic32mx/4.5.2\libgcc.a
OUTPUT(dist/Max32/debug/Strip2.X.debug.elf elf32-tradlittlemips)
LOAD stack
LOAD data_init

.reginfo        0x00000000       0x18
 .reginfo       0x00000000       0x18 c:/program files (x86)/microchip/xc32/v1.34/bin/bin/../../lib/gcc/pic32mx/4.5.2/../../../../pic32mx/lib/./proc/32MX795F512L/crt0_mips32r2.o

.stack          0xa0000e00      0x400
 .stack         0xa0000e00      0x400 stack

.bss            0xa0000910      0x3fc
 .bss           0xa0000910      0x368 build/Max32/debug/_ext/1518502679/drv_spi.o
 .bss           0xa0000c78       0x94 build/Max32/debug/_ext/1444933459/sys_tmr.o

.data           0xa0000d0c       0x74
 .data          0xa0000d0c       0x74 build/Max32/debug/_ext/1467630164/system_init.o
                0xa0000d0c                drvSpi0InitData

.bss            0xa0000d80       0x3c
 .bss           0xa0000d80       0x3c build/Max32/debug/_ext/1134902058/drv_tmr.o

.data           0xa0000dbc       0x28
 .data          0xa0000dbc       0x28 build/Max32/debug/_ext/1518502679/drv_spi.o

.text.DRV_SPI_SetupHardware
                0x9d000000     0x225c
 .text.DRV_SPI_SetupHardware
                0x9d000000     0x225c build/Max32/debug/_ext/1518502679/drv_spi_api.o
                0x9d000000                DRV_SPI_SetupHardware

.text.DRV_SPI_ISRMasterEBM8BitTasks
                0x9d00225c      0x734
 .text.DRV_SPI_ISRMasterEBM8BitTasks
                0x9d00225c      0x734 build/Max32/debug/_ext/1828036777/drv_spi_tasks.o
                0x9d00225c                DRV_SPI_ISRMasterEBM8BitTasks

.text._DRV_TMR_ClockPrescaleSet
                0x9d002990      0x6ac
 .text._DRV_TMR_ClockPrescaleSet
                0x9d002990      0x6ac build/Max32/debug/_ext/1134902058/drv_tmr.o

.text.DRV_SPI_MasterEBMSend8BitISR
                0x9d00303c      0x3dc
 .text.DRV_SPI_MasterEBMSend8BitISR
                0x9d00303c      0x3dc build/Max32/debug/_ext/1828036777/drv_spi_master_ebm_tasks.o
                0x9d00303c                DRV_SPI_MasterEBMSend8BitISR

.text.DRV_SPI_Open
                0x9d003418      0x3cc
 .text.DRV_SPI_Open
                0x9d003418      0x3cc build/Max32/debug/_ext/1518502679/drv_spi.o
                0x9d003418                DRV_SPI_Open

.text.DRV_SPI_MasterEBMReceive8BitISR
                0x9d0037e4      0x360
 .text.DRV_SPI_MasterEBMReceive8BitISR
                0x9d0037e4      0x360 build/Max32/debug/_ext/1828036777/drv_spi_master_ebm_tasks.o
                0x9d0037e4                DRV_SPI_MasterEBMReceive8BitISR

.text.SYS_TMR_Tasks
                0x9d003b44      0x334
 .text.SYS_TMR_Tasks
                0x9d003b44      0x334 build/Max32/debug/_ext/1444933459/sys_tmr.o
                0x9d003b44                SYS_TMR_Tasks

.text.APP_Tasks
                0x9d003e78      0x2d0
 .text.APP_Tasks
                0x9d003e78      0x2d0 build/Max32/debug/_ext/1360937237/app.o
                0x9d003e78                APP_Tasks

.text.DRV_TMR_CounterFrequencyGet
                0x9d004148      0x288
 .text.DRV_TMR_CounterFrequencyGet
                0x9d004148      0x288 build/Max32/debug/_ext/1134902058/drv_tmr.o
                0x9d004148                DRV_TMR_CounterFrequencyGet

.text.DRV_SPI_Initialize
                0x9d0043d0      0x26c
 .text.DRV_SPI_Initialize
                0x9d0043d0      0x26c build/Max32/debug/_ext/1518502679/drv_spi.o
                0x9d0043d0                DRV_SPI_Initialize

.text.DRV_SPI_ISRErrorTasks
                0x9d00463c      0x254
 .text.DRV_SPI_ISRErrorTasks
                0x9d00463c      0x254 build/Max32/debug/_ext/1518502679/drv_spi.o
                0x9d00463c                DRV_SPI_ISRErrorTasks

.text.DRV_TMR_Initialize
                0x9d004890      0x204
 .text.DRV_TMR_Initialize
                0x9d004890      0x204 build/Max32/debug/_ext/1134902058/drv_tmr.o
                0x9d004890                DRV_TMR_Initialize

.text.DRV_SPI_BufferAddWrite2
                0x9d004a94      0x1a8
 .text.DRV_SPI_BufferAddWrite2
                0x9d004a94      0x1a8 build/Max32/debug/_ext/1518502679/drv_spi.o
                0x9d004a94                DRV_SPI_BufferAddWrite2

.text.DRV_SPI_SYS_QUEUE_Initialize
                0x9d004c3c      0x1a8
 .text.DRV_SPI_SYS_QUEUE_Initialize
                0x9d004c3c      0x1a8 build/Max32/debug/_ext/2050271417/drv_spi_sys_queue_fifo.o
                0x9d004c3c                DRV_SPI_SYS_QUEUE_Initialize

.text.DRV_TMR_Alarm16BitRegister
                0x9d004de4      0x154
 .text.DRV_TMR_Alarm16BitRegister
                0x9d004de4      0x154 build/Max32/debug/_ext/1134902058/drv_tmr.o
                0x9d004de4                DRV_TMR_Alarm16BitRegister

.dinit          0x9d004f38      0x150
 .dinit         0x9d004f38      0x150 data_init

.text._IntHandlerDrvTmrInstance0
                0x9d005088      0x130
 .text._IntHandlerDrvTmrInstance0
                0x9d005088      0x130 build/Max32/debug/_ext/1467630164/system_interrupt.o
                0x9d005088                _IntHandlerDrvTmrInstance0

.text._IntHandlerSPIInstance0
                0x9d0051b8      0x130
 .text._IntHandlerSPIInstance0
                0x9d0051b8      0x130 build/Max32/debug/_ext/1467630164/system_interrupt.o
                0x9d0051b8                _IntHandlerSPIInstance0

.text._DRV_TMR_ClockSourceSet
                0x9d0052e8      0x130
 .text._DRV_TMR_ClockSourceSet
                0x9d0052e8      0x130 build/Max32/debug/_ext/1134902058/drv_tmr.o

.text.SYS_DEVCON_PerformanceConfig
                0x9d005418      0x114
 .text.SYS_DEVCON_PerformanceConfig
                0x9d005418      0x114 build/Max32/debug/_ext/35725571/sys_devcon_pic32mx.o
                0x9d005418                SYS_DEVCON_PerformanceConfig

.text._DRV_TMR_Resume
                0x9d00552c      0x104
 .text._DRV_TMR_Resume
                0x9d00552c      0x104 build/Max32/debug/_ext/1134902058/drv_tmr.o

.text.SYS_Initialize
                0x9d005630       0xf8
 .text.SYS_Initialize
                0x9d005630       0xf8 build/Max32/debug/_ext/1467630164/system_init.o
                0x9d005630                SYS_Initialize

.text._DRV_TMR_Suspend
                0x9d005728       0xe8
 .text._DRV_TMR_Suspend
                0x9d005728       0xe8 build/Max32/debug/_ext/1134902058/drv_tmr.o

.text.general_exception
                0x9d005810       0xdc
 .text.general_exception
                0x9d005810       0xdc c:/program files (x86)/microchip/xc32/v1.34/bin/bin/../../lib/gcc/pic32mx/4.5.2/../../../../pic32mx/lib\libpic32.a(general-exception.o)
                0x9d005810                _general_exception_context

.text.DRV_SPI_SYS_QUEUE_CreateQueue
                0x9d0058ec       0xd4
 .text.DRV_SPI_SYS_QUEUE_CreateQueue
                0x9d0058ec       0xd4 build/Max32/debug/_ext/2050271417/drv_spi_sys_queue_fifo.o
                0x9d0058ec                DRV_SPI_SYS_QUEUE_CreateQueue

.text.SYS_TMR_Initialize
                0x9d0059c0       0xd4
 .text.SYS_TMR_Initialize
                0x9d0059c0       0xd4 build/Max32/debug/_ext/1444933459/sys_tmr.o
                0x9d0059c0                SYS_TMR_Initialize

.text.DRV_TMR_Tasks_ISR
                0x9d005a94       0xbc
 .text.DRV_TMR_Tasks_ISR
                0x9d005a94       0xbc build/Max32/debug/_ext/1134902058/drv_tmr.o
                0x9d005a94                DRV_TMR_Tasks_ISR

.text.PopulatePixel
                0x9d005b50       0xb8
 .text.PopulatePixel
                0x9d005b50       0xb8 build/Max32/debug/_ext/1360937237/app.o
                0x9d005b50                PopulatePixel

.text.DRV_SPI_SYS_QUEUE_AllocElement
                0x9d005c08       0xa8
 .text.DRV_SPI_SYS_QUEUE_AllocElement
                0x9d005c08       0xa8 build/Max32/debug/_ext/2050271417/drv_spi_sys_queue_fifo.o
                0x9d005c08                DRV_SPI_SYS_QUEUE_AllocElement

.text           0x9d005cb0       0xa8
 .text          0x9d005cb0       0xa8 c:/program files (x86)/microchip/xc32/v1.34/bin/bin/../../lib/gcc/pic32mx/4.5.2/../../../../pic32mx/lib\libpic32.a(memset.o)
                0x9d005cb0                memset

.text.APP_Initialize
                0x9d005d58       0x9c
 .text.APP_Initialize
                0x9d005d58       0x9c build/Max32/debug/_ext/1360937237/app.o
                0x9d005d58                APP_Initialize

.text._DRV_SPI_SYS_QUEUE_LockQueue
                0x9d005df4       0x88
 .text._DRV_SPI_SYS_QUEUE_LockQueue
                0x9d005df4       0x88 build/Max32/debug/_ext/2050271417/drv_spi_sys_queue_fifo.o
                0x9d005df4                _DRV_SPI_SYS_QUEUE_LockQueue

.text._DRV_TMR_ModuleObj
                0x9d005e7c       0x7c
 .text._DRV_TMR_ModuleObj
                0x9d005e7c       0x7c build/Max32/debug/_ext/1134902058/drv_tmr.o

.text.DRV_SPI_SYS_QUEUE_FreeElement
                0x9d005ef8       0x78
 .text.DRV_SPI_SYS_QUEUE_FreeElement
                0x9d005ef8       0x78 build/Max32/debug/_ext/2050271417/drv_spi_sys_queue_fifo.o
                0x9d005ef8                DRV_SPI_SYS_QUEUE_FreeElement

.text._DRV_SPI_SYS_QUEUE_UnlockQueue
                0x9d005f70       0x74
 .text._DRV_SPI_SYS_QUEUE_UnlockQueue
                0x9d005f70       0x74 build/Max32/debug/_ext/2050271417/drv_spi_sys_queue_fifo.o
                0x9d005f70                _DRV_SPI_SYS_QUEUE_UnlockQueue

.text.SYS_DEVCON_SystemUnlock
                0x9d005fe4       0x74
 .text.SYS_DEVCON_SystemUnlock
                0x9d005fe4       0x74 build/Max32/debug/_ext/35725571/sys_devcon.o
                0x9d005fe4                SYS_DEVCON_SystemUnlock

.text.DRV_TMR_Start
                0x9d006058       0x68
 .text.DRV_TMR_Start
                0x9d006058       0x68 build/Max32/debug/_ext/1134902058/drv_tmr.o
                0x9d006058                DRV_TMR_Start

.text.DRV_SPI_SYS_QUEUE_EnqueueLock
                0x9d0060c0       0x60
 .text.DRV_SPI_SYS_QUEUE_EnqueueLock
                0x9d0060c0       0x60 build/Max32/debug/_ext/2050271417/drv_spi_sys_queue_fifo.o
                0x9d0060c0                DRV_SPI_SYS_QUEUE_EnqueueLock

.text.DRV_SPI_SYS_QUEUE_AllocElementLock
                0x9d006120       0x60
 .text.DRV_SPI_SYS_QUEUE_AllocElementLock
                0x9d006120       0x60 build/Max32/debug/_ext/2050271417/drv_spi_sys_queue_fifo.o
                0x9d006120                DRV_SPI_SYS_QUEUE_AllocElementLock

.text.DRV_TMR_Open
                0x9d006180       0x60
 .text.DRV_TMR_Open
                0x9d006180       0x60 build/Max32/debug/_ext/1134902058/drv_tmr.o
                0x9d006180                DRV_TMR_Open

.text.SYS_CLK_Initialize
                0x9d0061e0       0x58
 .text.SYS_CLK_Initialize
                0x9d0061e0       0x58 build/Max32/debug/_ext/382779083/sys_clk_static.o
                0x9d0061e0                SYS_CLK_Initialize

.text.SYS_DEVCON_SystemLock
                0x9d006238       0x54
 .text.SYS_DEVCON_SystemLock
                0x9d006238       0x54 build/Max32/debug/_ext/35725571/sys_devcon.o
                0x9d006238                SYS_DEVCON_SystemLock

.text.DRV_SPI_SetVTable
                0x9d00628c       0x50
 .text.DRV_SPI_SetVTable
                0x9d00628c       0x50 build/Max32/debug/_ext/1518502679/drv_spi_api.o
                0x9d00628c                DRV_SPI_SetVTable

.text.DRV_SPI_SYS_QUEUE_Dequeue
                0x9d0062dc       0x50
 .text.DRV_SPI_SYS_QUEUE_Dequeue
                0x9d0062dc       0x50 build/Max32/debug/_ext/2050271417/drv_spi_sys_queue_fifo.o
                0x9d0062dc                DRV_SPI_SYS_QUEUE_Dequeue

.text.main_entry
                0x9d00632c       0x4c
 .text.main_entry
                0x9d00632c       0x4c c:/program files (x86)/microchip/xc32/v1.34/bin/bin/../../lib/gcc/pic32mx/4.5.2/../../../../pic32mx/lib/./proc/32MX795F512L/crt0_mips32r2.o
                0x9d006358                __crt0_exit

.text._bootstrap_exception_handler
                0x9d006378       0x48
 .text._bootstrap_exception_handler
                0x9d006378       0x48 c:/program files (x86)/microchip/xc32/v1.34/bin/bin/../../lib/gcc/pic32mx/4.5.2/../../../../pic32mx/lib\libpic32.a(default-bootstrap-exception-handler.o)
                0x9d006378                _bootstrap_exception_handler

.text.SYS_Tasks
                0x9d0063c0       0x44
 .text.SYS_Tasks
                0x9d0063c0       0x44 build/Max32/debug/_ext/1467630164/system_tasks.o
                0x9d0063c0                SYS_Tasks

.text           0x9d006404       0x44
 .text          0x9d006404       0x44 c:/program files (x86)/microchip/xc32/v1.34/bin/bin/../../lib/gcc/pic32mx/4.5.2/../../../../pic32mx/lib\pic32_software_reset.o
                0x9d006404                __pic32_software_reset

.text.DRV_SPI_SYS_QUEUE_Enqueue
                0x9d006448       0x40
 .text.DRV_SPI_SYS_QUEUE_Enqueue
                0x9d006448       0x40 build/Max32/debug/_ext/2050271417/drv_spi_sys_queue_fifo.o
                0x9d006448                DRV_SPI_SYS_QUEUE_Enqueue

.text.SYS_INT_SourceDisable
                0x9d006488       0x40
 .text.SYS_INT_SourceDisable
                0x9d006488       0x40 build/Max32/debug/_ext/1707904131/sys_int_pic32.o
                0x9d006488                SYS_INT_SourceDisable

.vector_default
                0x9d0064c8       0x38
 .vector_default
                0x9d0064c8       0x38 c:/program files (x86)/microchip/xc32/v1.34/bin/bin/../../lib/gcc/pic32mx/4.5.2/../../../../pic32mx/lib\libpic32.a(defaultinterrupt.o)
                0x9d0064c8                _DefaultInterrupt

.text.SYS_PORTS_Initialize
                0x9d006500       0x30
 .text.SYS_PORTS_Initialize
                0x9d006500       0x30 build/Max32/debug/_ext/1285896379/sys_ports_static.o
                0x9d006500                SYS_PORTS_Initialize

.text._DRV_SPI_RootDriverDeinitialization
                0x9d006530       0x2c
 .text._DRV_SPI_RootDriverDeinitialization
                0x9d006530       0x2c build/Max32/debug/_ext/1518502679/drv_spi.o

.text._SYS_TMR_AlarmCallback
                0x9d00655c       0x2c
 .text._SYS_TMR_AlarmCallback
                0x9d00655c       0x2c build/Max32/debug/_ext/1444933459/sys_tmr.o

.rodata         0x9d006588       0x50
 .rodata        0x9d006588       0x28 build/Max32/debug/_ext/1467630164/system_init.o
                0x9d006588                drvTmr0InitData
                0x9d0065a4                sysTmrInitData
                0x9d0065ac                sysDevconInit
 .rodata        0x9d0065b0       0x28 build/Max32/debug/_ext/1134902058/drv_tmr.o

.text.DRV_SPI_BufferAddWrite
                0x9d0065d8       0x24
 .text.DRV_SPI_BufferAddWrite
                0x9d0065d8       0x24 build/Max32/debug/_ext/1518502679/drv_spi.o
                0x9d0065d8                DRV_SPI_BufferAddWrite

.text.main      0x9d0065fc       0x20
 .text.main     0x9d0065fc       0x20 build/Max32/debug/_ext/1360937237/main.o
                0x9d0065fc                main

.text.DRV_SPI_Tasks
                0x9d00661c       0x20
 .text.DRV_SPI_Tasks
                0x9d00661c       0x20 build/Max32/debug/_ext/1518502679/drv_spi.o
                0x9d00661c                DRV_SPI_Tasks

.text._DRV_TMR_ClientSetParams
                0x9d00663c       0x20
 .text._DRV_TMR_ClientSetParams
                0x9d00663c       0x20 build/Max32/debug/_ext/1134902058/drv_tmr.o

.text.SYS_DEVCON_JTAGDisable
                0x9d00665c       0x1c
 .text.SYS_DEVCON_JTAGDisable
                0x9d00665c       0x1c build/Max32/debug/_ext/35725571/sys_devcon.o
                0x9d00665c                SYS_DEVCON_JTAGDisable

.text           0x9d006678       0x18
 .text          0x9d006678       0x18 c:/program files (x86)/microchip/xc32/v1.34/bin/bin/../../lib/gcc/pic32mx/4.5.2/../../../../pic32mx/lib\libpic32.a(default-nmi-handler.o)
                0x9d006678                _nmi_handler

.text.SYS_DEVCON_Initialize
                0x9d006690       0x14
 .text.SYS_DEVCON_Initialize
                0x9d006690       0x14 build/Max32/debug/_ext/35725571/sys_devcon.o
                0x9d006690                SYS_DEVCON_Initialize

.text.SYS_INT_Initialize
                0x9d0066a4       0x14
 .text.SYS_INT_Initialize
                0x9d0066a4       0x14 build/Max32/debug/_ext/1707904131/sys_int_pic32.o
                0x9d0066a4                SYS_INT_Initialize

.text._general_exception_handler
                0x9d0066b8       0x14
 .text._general_exception_handler
                0x9d0066b8       0x14 build/Max32/debug/_ext/1568745167/GeneralExceptionHandler.o
                0x9d0066b8                _general_exception_handler

.text.__exception_handler_break
                0x9d0066cc        0xc
 .text.__exception_handler_break
                0x9d0066cc        0xc c:/program files (x86)/microchip/xc32/v1.34/bin/bin/../../lib/gcc/pic32mx/4.5.2/../../../../pic32mx/lib\software-debug-break.o
                0x9d0066cc                __exception_handler_break

.text.SYS_CLK_SystemFrequencyGet
                0x9d0066d8        0xc
 .text.SYS_CLK_SystemFrequencyGet
                0x9d0066d8        0xc build/Max32/debug/_ext/382779083/sys_clk_static.o
                0x9d0066d8                SYS_CLK_SystemFrequencyGet

.text.SYS_CLK_PeripheralFrequencyGet
                0x9d0066e4        0xc
 .text.SYS_CLK_PeripheralFrequencyGet
                0x9d0066e4        0xc build/Max32/debug/_ext/382779083/sys_clk_static.o
                0x9d0066e4                SYS_CLK_PeripheralFrequencyGet

.text.DRV_SPI_SYS_QUEUE_IsEmpty
                0x9d0066f0        0xc
 .text.DRV_SPI_SYS_QUEUE_IsEmpty